07-10 22:46:22.555 11258 13713 W NetworkScheduler: 	at dbyt.h(:com.google.android.gms@242335038@24.23.35 (190400-646585959):51)
07-10 22:46:22.555 11258 13713 W NetworkScheduler: 	at dbto.run(:com.google.android.gms@242335038@24.23.35 (190400-646585959):72)
07-10 22:46:22.555 11258 13713 W NetworkScheduler: 	at angs.c(:com.google.android.gms@242335038@24.23.35 (190400-646585959):50)
07-10 22:46:22.555 11258 13713 W NetworkScheduler: 	at angs.run(:com.google.android.gms@242335038@24.23.35 (190400-646585959):76)
07-10 22:46:22.555 11258 13713 W NetworkScheduler: 	at java.util.concurrent.ThreadPoolExecutor.runWorker(ThreadPoolExecutor.java:1167)
07-10 22:46:22.555 11258 13713 W NetworkScheduler: 	at java.util.concurrent.ThreadPoolExecutor$Worker.run(ThreadPoolExecutor.java:641)
07-10 22:46:22.555 11258 13713 W NetworkScheduler: 	at anmg.run(:com.google.android.gms@242335038@24.23.35 (190400-646585959):8)
07-10 22:46:22.555 11258 13713 W NetworkScheduler: 	at java.lang.Thread.run(Thread.java:920)
07-10 22:46:22.574 11579 11656 W A       : Queue length for executor User-Facing Blocking is now 6. Perhaps some tasks are too long, or the pool is too small.
07-10 22:46:22.582 11579 20146 W A       : isAlwaysOnHotwordAvailable but still checking isVoiceEverywhereEnabled
07-10 22:46:22.594 11579 20164 I NotificationFullFlow: Step 8: NotificationFilterImpl:onEntryChange
07-10 22:46:22.603 11579 18493 I Search.LoginHelperImpl: Successfully received auth token for scope: oauth2:https://www.google.com/accounts/OAuthLogin in time 256 ms
07-10 22:46:22.603  1493  3487 D CompatibilityChangeReporter: Compat change id reported: 135634846; UID 10146; state: DISABLED
07-10 22:46:22.610  1493  1572 D CompatibilityChangeReporter: Compat change id reported: 143937733; UID 10146; state: ENABLED
07-10 22:46:22.623  2868  2868 D Zygote  : Forked child process 20179
07-10 22:46:22.631 20179 20179 E ocessService0:: Not starting debugger since process cannot load the jdwp agent.
07-10 22:46:22.635 11579 11579 I cr_LibraryLoader: Loaded native library version number "91.0.4472.114"
07-10 22:46:22.635 11579 11579 I cr_CachingUmaRecorder: Flushed 1 samples from 1 histograms.
07-10 22:46:22.661  1493  1572 W ActivityManager: Slow operation: 57ms so far, now at startProcess: done updating battery stats
07-10 22:46:22.661  1493  1572 W ActivityManager: Slow operation: 57ms so far, now at startProcess: building log message
07-10 22:46:22.661  1493  1572 I ActivityManager: Start proc 20179:com.google.android.webview:sandboxed_process0:org.chromium.content.app.SandboxedProcessService0:0/u0ai9000 for  {com.google.android.googlequicksearchbox/org.chromium.content.app.SandboxedProcessService0:0}
07-10 22:46:22.661  1493  1572 W ActivityManager: Slow operation: 57ms so far, now at startProcess: starting to update pids map
07-10 22:46:22.661  1493  1572 W ActivityManager: Slow operation: 58ms so far, now at startProcess: done updating pids map
07-10 22:46:22.663 11579 20147 I Search.LoginHelperImpl: Successfully received auth token for scope: oauth2:https://www.googleapis.com/auth/googlenow in time 239 ms
07-10 22:46:22.669  1493  1507 I system_server: Background concurrent copying GC freed 593297(31MB) AllocSpace objects, 102(6444KB) LOS objects, 75% free, 29MB/116MB, paused 120us,93us total 215.581ms
07-10 22:46:22.680 11579 11628 W A       : isEligible(): Absent status for permission VOICE_AND_AUDIO_ACTIVITY. Calling ensureCachedSettingsLoaded().
07-10 22:46:22.680 11579 11628 W A       : Absent status for permission VOICE_AND_AUDIO_ACTIVITY. Calling ensureCachedSettingsLoaded().
07-10 22:46:22.680 11579 11628 I A       : Falling back to non-UDC sources
07-10 22:46:22.689 20179 20179 D CompatibilityChangeReporter: Compat change id reported: 171979766; UID 99000; state: ENABLED
07-10 22:46:22.741 11579 11628 I A       : Setting = LOCATION_HISTORY_AND_REPORTING, optedInt = false
07-10 22:46:22.741 11579 11628 I A       : Falling back to non-UDC sources
07-10 22:46:22.741 11579 11628 I A       : Setting = NOW_CARDS, optedInt = false
07-10 22:46:22.741 11579 11628 I A       : Falling back to non-UDC sources
07-10 22:46:22.741 11579 11628 I A       : Setting = NOW_NOTIFICATIONS, optedInt = true
07-10 22:46:22.743 11579 11628 W A       : isEligible(): Absent status for permission WEB_AND_APP_ACTIVITY. Calling ensureCachedSettingsLoaded().
07-10 22:46:22.743 11579 11628 W A       : Absent status for permission WEB_AND_APP_ACTIVITY. Calling ensureCachedSettingsLoaded().
07-10 22:46:22.744 11579 11628 W A       : isEligible(): Absent status for permission SUPPLEMENTAL_WEB_AND_APP_ACTIVITY. Calling ensureCachedSettingsLoaded().
07-10 22:46:22.744 11579 11628 W A       : Absent status for permission SUPPLEMENTAL_WEB_AND_APP_ACTIVITY. Calling ensureCachedSettingsLoaded().
07-10 22:46:22.744 11579 11628 I A       : Falling back to non-UDC sources
07-10 22:46:22.744 11579 11628 I A       : Setting = CHROME_HISTORY_SYNC, optedInt = false
07-10 22:46:22.744 11579 11628 W A       : isEligible(): Absent status for permission DEVICE_APPS. Calling ensureCachedSettingsLoaded().
07-10 22:46:22.744 11579 11628 W A       : Absent status for permission DEVICE_APPS. Calling ensureCachedSettingsLoaded().
07-10 22:46:22.744 11579 11628 W A       : isEligible(): Absent status for permission DEVICE_CONTACTS. Calling ensureCachedSettingsLoaded().
07-10 22:46:22.745 11579 11628 W A       : Absent status for permission DEVICE_CONTACTS. Calling ensureCachedSettingsLoaded().
07-10 22:46:22.748 11579 11628 I ChAmOptIn: Not enabled for version S+
07-10 22:46:22.749 20179 20179 D NetworkSecurityConfig: No Network Security Config specified, using platform default
07-10 22:46:22.749 20179 20179 D NetworkSecurityConfig: No Network Security Config specified, using platform default
07-10 22:46:22.752 20179 20179 I cr_ChildProcessService: Creating new ChildProcessService pid=20179
07-10 22:46:22.755 11579 11628 E ApplicationPropertiesBu: Date 2021-12-06T00:00:00Z is out of expected range.
07-10 22:46:22.755 11579 11628 E ApplicationPropertiesBu: Date 2022-02-15T00:00:00Z is out of expected range.
07-10 22:46:22.755 11579 11628 E ApplicationPropertiesBu: Date 2022-02-22T00:00:00Z is out of expected range.
07-10 22:46:22.756 11579 11628 W A       : Exception while fetching versionCode for package[com.google.android.apps.tv.dreamx].
07-10 22:46:22.756 11579 11628 W A       : android.content.pm.PackageManager$NameNotFoundException: com.google.android.apps.tv.dreamx
07-10 22:46:22.756 11579 11628 W A       : 	at android.app.ApplicationPackageManager.getPackageInfoAsUser(ApplicationPackageManager.java:241)
07-10 22:46:22.756 11579 11628 W A       : 	at android.app.ApplicationPackageManager.getPackageInfo(ApplicationPackageManager.java:213)
07-10 22:46:22.756 11579 11628 W A       : 	at com.google.android.apps.gsa.staticplugins.af.f.c(PG:376)
07-10 22:46:22.756 11579 11628 W A       : 	at com.google.android.apps.gsa.staticplugins.af.f.a(PG:38)
07-10 22:46:22.756 11579 11628 W A       : 	at com.google.android.apps.gsa.staticplugins.af.m.a(PG:1)
07-10 22:46:22.756 11579 11628 W A       : 	at com.google.android.libraries.gsa.k.a.g.a(PG:2)
07-10 22:46:22.756 11579 11628 W A       : 	at com.google.common.w.a.du.a(PG:1)
07-10 22:46:22.756 11579 11628 W A       : 	at com.google.common.w.a.cr.run(PG:4)
07-10 22:46:22.756 11579 11628 W A       : 	at com.google.common.w.a.dw.run(PG:1)
07-10 22:46:22.756 11579 11628 W A       : 	at com.google.android.libraries.i.ab.run(PG:1)
07-10 22:46:22.756 11579 11628 W A       : 	at java.util.concurrent.ThreadPoolExecutor.runWorker(ThreadPoolExecutor.java:1167)
07-10 22:46:22.756 11579 11628 W A       : 	at java.util.concurrent.ThreadPoolExecutor$Worker.run(ThreadPoolExecutor.java:641)
07-10 22:46:22.756 11579 11628 W A       : 	at com.google.android.libraries.i.d.run(PG:2)
07-10 22:46:22.756 11579 11628 W A       : 	at com.google.android.libraries.i.n.run(PG:4)
07-10 22:46:22.756 11579 11628 W A       : 	at java.lang.Thread.run(Thread.java:920)
07-10 22:46:22.756 11579 11628 W A       : Failed to fetch versionCode for package[com.google.android.apps.tv.dreamx].
07-10 22:46:22.756 11579 11628 W A       : Exception while fetching versionCode for package[com.google.android.apps.tv.launcherx].
07-10 22:46:22.756 11579 11628 W A       : android.content.pm.PackageManager$NameNotFoundException: com.google.android.apps.tv.launcherx
07-10 22:46:22.756 11579 11628 W A       : 	at android.app.ApplicationPackageManager.getPackageInfoAsUser(ApplicationPackageManager.java:241)
07-10 22:46:22.756 11579 11628 W A       : 	at android.app.ApplicationPackageManager.getPackageInfo(ApplicationPackageManager.java:213)
07-10 22:46:22.756 11579 11628 W A       : 	at com.google.android.apps.gsa.staticplugins.af.f.c(PG:376)
07-10 22:46:22.756 11579 11628 W A       : 	at com.google.android.apps.gsa.staticplugins.af.f.a(PG:38)
07-10 22:46:22.756 11579 11628 W A       : 	at com.google.android.apps.gsa.staticplugins.af.m.a(PG:1)
07-10 22:46:22.756 11579 11628 W A       : 	at com.google.android.libraries.gsa.k.a.g.a(PG:2)
07-10 22:46:22.756 11579 11628 W A       : 	at com.google.common.w.a.du.a(PG:1)
07-10 22:46:22.756 11579 11628 W A       : 	at com.google.common.w.a.cr.run(PG:4)
07-10 22:46:22.756 11579 11628 W A       : 	at com.google.common.w.a.dw.run(PG:1)
07-10 22:46:22.756 11579 11628 W A       : 	at com.google.android.libraries.i.ab.run(PG:1)
07-10 22:46:22.756 11579 11628 W A       : 	at java.util.concurrent.ThreadPoolExecutor.runWorker(ThreadPoolExecutor.java:1167)
07-10 22:46:22.756 11579 11628 W A       : 	at java.util.concurrent.ThreadPoolExecutor$Worker.run(ThreadPoolExecutor.java:641)
07-10 22:46:22.756 11579 11628 W A       : 	at com.google.android.libraries.i.d.run(PG:2)
07-10 22:46:22.756 11579 11628 W A       : 	at com.google.android.libraries.i.n.run(PG:4)
07-10 22:46:22.756 11579 11628 W A       : 	at java.lang.Thread.run(Thread.java:920)
07-10 22:46:22.756 11579 11628 W A       : Failed to fetch versionCode for package[com.google.android.apps.tv.launcherx].
07-10 22:46:22.757  1493  5358 I SoundTriggerService: getModuleProperties()
07-10 22:46:22.757  1493  2627 D CompatibilityChangeReporter: Compat change id reported: 143231523; UID 1000; state: DISABLED
07-10 22:46:22.758 19986 20140 E GoogleTagManager: Invalid macro: _gtm.loadEventEnabled
07-10 22:46:22.769  1493  2627 D CompatibilityChangeReporter: Compat change id reported: 171306433; UID 1000; state: ENABLED
07-10 22:46:22.779 11258 11258 D BoundBrokerSvc: onBind: Intent { act=com.google.android.gms.facs.cache.service.START pkg=com.google.android.gms }
07-10 22:46:22.779 11258 11258 D BoundBrokerSvc: Loading bound service for intent: Intent { act=com.google.android.gms.facs.cache.service.START pkg=com.google.android.gms }
07-10 22:46:22.818  1493  2634 D ConnectivityService: requestNetwork for uid/pid:10146/11579 activeRequest: null callbackRequest: 323 [NetworkRequest [ REQUEST id=324, [ Capabilities: INTERNET&NOT_RESTRICTED&TRUSTED&NOT_VCN_MANAGED Uid: 10146 RequestorUid: 10146 RequestorPkg: com.google.android.googlequicksearchbox] ]] callback flags: 0 order: 2147483647
07-10 22:46:22.819  1493  2621 D ConnectivityService: NetReassign [324 : null  100]
07-10 22:46:22.819  1493  5357 D CompatibilityChangeReporter: Compat change id reported: 135634846; UID 10146; state: DISABLED
07-10 22:46:22.819  1493  5357 D CompatibilityChangeReporter: Compat change id reported: 177438394; UID 10146; state: DISABLED
07-10 22:46:22.819  1493  5357 D CompatibilityChangeReporter: Compat change id reported: 135772972; UID 10146; state: DISABLED
07-10 22:46:22.819  1493  5357 D CompatibilityChangeReporter: Compat change id reported: 135754954; UID 10146; state: ENABLED
07-10 22:46:22.821  1493  1572 D CompatibilityChangeReporter: Compat change id reported: 143937733; UID 10146; state: ENABLED
07-10 22:46:22.822  1493  2614 D WifiNetworkFactory: got request NetworkRequest [ REQUEST id=324, [ Capabilities: INTERNET&NOT_RESTRICTED&TRUSTED&NOT_VCN_MANAGED Uid: 10146 RequestorUid: 10146 RequestorPkg: com.google.android.googlequicksearchbox] ]
07-10 22:46:22.823  1493  2614 D UntrustedWifiNetworkFactory: got request NetworkRequest [ REQUEST id=324, [ Capabilities: INTERNET&NOT_RESTRICTED&TRUSTED&NOT_VCN_MANAGED Uid: 10146 RequestorUid: 10146 RequestorPkg: com.google.android.googlequicksearchbox] ]
07-10 22:46:22.823  1493  2614 D OemPaidWifiNetworkFactory: got request NetworkRequest [ REQUEST id=324, [ Capabilities: INTERNET&NOT_RESTRICTED&TRUSTED&NOT_VCN_MANAGED Uid: 10146 RequestorUid: 10146 RequestorPkg: com.google.android.googlequicksearchbox] ]
07-10 22:46:22.823  1493  2621 D ConnectivityService: NetReassign [no changes]
07-10 22:46:22.830   664   664 D Zygote  : Forked child process 20213
07-10 22:46:22.832  1493  1572 I ActivityManager: Start proc 20213:com.google.android.googlequicksearchbox:privileged_process0/u0a146 for service {com.google.android.googlequicksearchbox/org.chromium.weblayer.ChildProcessService$Privileged0}
07-10 22:46:22.839 19986 20045 E GoogleTagManager: Unsupported Value Escaping: 3
07-10 22:46:22.841 20213 20213 E ileged_process: Not starting debugger since process cannot load the jdwp agent.
07-10 22:46:22.844 19986 20045 E GoogleTagManager: Unsupported Value Escaping: 3
07-10 22:46:22.847 19986 20045 E GoogleTagManager: Unsupported Value Escaping: 3
07-10 22:46:22.861 20213 20213 D CompatibilityChangeReporter: Compat change id reported: 171979766; UID 10146; state: ENABLED
07-10 22:46:22.861  1493  5357 D ConnectivityService: requestNetwork for uid/pid:10146/11579 activeRequest: null callbackRequest: 326 [NetworkRequest [ REQUEST id=327, [ Capabilities: INTERNET&NOT_RESTRICTED&TRUSTED&NOT_VCN_MANAGED Uid: 10146 RequestorUid: 10146 RequestorPkg: com.google.android.googlequicksearchbox] ]] callback flags: 0 order: 2147483647
07-10 22:46:22.862  1493  2621 D ConnectivityService: NetReassign [327 : null  100]
07-10 22:46:22.863  1493  2614 D WifiNetworkFactory: got request NetworkRequest [ REQUEST id=327, [ Capabilities: INTERNET&NOT_RESTRICTED&TRUSTED&NOT_VCN_MANAGED Uid: 10146 RequestorUid: 10146 RequestorPkg: com.google.android.googlequicksearchbox] ]
07-10 22:46:22.863  1493  2614 D UntrustedWifiNetworkFactory: got request NetworkRequest [ REQUEST id=327, [ Capabilities: INTERNET&NOT_RESTRICTED&TRUSTED&NOT_VCN_MANAGED Uid: 10146 RequestorUid: 10146 RequestorPkg: com.google.android.googlequicksearchbox] ]
07-10 22:46:22.863  1493  2614 D OemPaidWifiNetworkFactory: got request NetworkRequest [ REQUEST id=327, [ Capabilities: INTERNET&NOT_RESTRICTED&TRUSTED&NOT_VCN_MANAGED Uid: 10146 RequestorUid: 10146 RequestorPkg: com.google.android.googlequicksearchbox] ]
07-10 22:46:22.863  1493  2621 D ConnectivityService: NetReassign [no changes]
07-10 22:46:22.874 11258 13141 I FacsCacheGmsModule: (REDACTED) Receiving API connection to FACS API from package '%s'...
07-10 22:46:22.883 11258 13141 I FacsCacheGmsModule: API connection successful!
07-10 22:46:22.889 20213 20213 D nativeloader: classloader namespace configured for unbundled product apk. library_path=/product/priv-app/Velvet/lib/arm64:/product/priv-app/Velvet/Velvet.apk!/lib/arm64-v8a:/product/lib64:/system/product/lib64
07-10 22:46:22.891 13143 13143 D BoundBrokerSvc: onBind: Intent { act=com.google.android.gms.facs.internal.service.START dat=chimera-action: cmp=com.google.android.gms/.chimera.GmsInternalApiService }
07-10 22:46:22.891 13143 13143 D BoundBrokerSvc: Loading bound service for intent: Intent { act=com.google.android.gms.facs.internal.service.START dat=chimera-action: cmp=com.google.android.gms/.chimera.GmsInternalApiService }
07-10 22:46:22.895 13143 13452 I FacsCacheGmsModule: Receiving API connection to internal FACS API...
07-10 22:46:22.895  1493  1622 D CompatibilityChangeReporter: Compat change id reported: 149924527; UID 10146; state: ENABLED
07-10 22:46:22.895 13143 13157 I MdiSyncModule: (REDACTED) Receiving API connection from package '%s'...
07-10 22:46:22.896  1493  5357 D CompatibilityChangeReporter: Compat change id reported: 132649864; UID 10146; state: DISABLED
07-10 22:46:22.896 13143 13157 I MdiSyncModule: API connection successful!
07-10 22:46:22.896 13143 13452 I FacsCacheGmsModule: API connection successful!
07-10 22:46:22.897  1493  5357 D CompatibilityChangeReporter: Compat change id reported: 182734110; UID 10146; state: ENABLED
07-10 22:46:22.902 20213 20213 V GraphicsEnvironment: ANGLE Developer option for 'com.google.android.googlequicksearchbox' set to: 'default'
07-10 22:46:22.902 20213 20213 V GraphicsEnvironment: ANGLE GameManagerService for com.google.android.googlequicksearchbox: false
07-10 22:46:22.902 20213 20213 V GraphicsEnvironment: Neither updatable production driver nor prerelease driver is supported.
07-10 22:46:22.903 20213 20213 D NetworkSecurityConfig: Using Network Security Config from resource network_security_config debugBuild: false
07-10 22:46:22.904 20213 20213 D NetworkSecurityConfig: Using Network Security Config from resource network_security_config debugBuild: false
07-10 22:46:22.907 20213 20213 I MultiDex: VM with version 2.1.0 has multidex support
07-10 22:46:22.907 20213 20213 I MultiDex: install
07-10 22:46:22.907 20213 20213 I MultiDex: VM has multidex support, MultiDex support library is disabled.
07-10 22:46:22.928 20213 20213 I cr_ChildProcessService: Creating new ChildProcessService pid=20213
07-10 22:46:22.930 11579 20147 I Search.LoginHelperImpl: Successfully received auth token for scope: oauth2:https://www.googleapis.com/auth/webhistory in time 150 ms
07-10 22:46:22.958 11579 18493 I Search.LoginHelperImpl: Successfully received auth token for scope: oauth2:https://www.googleapis.com/auth/webhistory in time 172 ms
07-10 22:46:22.974 11579 11593 W JavaBinder: BinderProxy is being destroyed but the application did not call unlinkToDeath to unlink all of its death recipients beforehand.  Releasing leaked death recipient: com.google.android.play.core.e.b
07-10 22:46:22.974 11579 11593 I BpBinder: onLastStrongRef automatically unlinking death recipients: <uncached descriptor>
07-10 22:46:22.975 20213 20241 I cr_LibraryLoader: Loaded native library version number "91.0.4472.114"
07-10 22:46:22.975 20213 20241 I cr_CachingUmaRecorder: Flushed 1 samples from 1 histograms.
07-10 22:46:23.002 11579 11667 W CorpusConfigHelper: Invalid input from icing corpus JSON flag.
07-10 22:46:23.002 11579 11667 W CorpusConfigHelper: android.util.MalformedJsonException: Use JsonReader.setLenient(true) to accept malformed JSON at line 123 column 2
07-10 22:46:23.002 11579 11667 W CorpusConfigHelper: 	at android.util.JsonReader.syntaxError(JsonReader.java:1162)
07-10 22:46:23.002 11579 11667 W CorpusConfigHelper: 	at android.util.JsonReader.checkLenient(JsonReader.java:840)
07-10 22:46:23.002 11579 11667 W CorpusConfigHelper: 	at android.util.JsonReader.nextInArray(JsonReader.java:615)
07-10 22:46:23.002 11579 11667 W CorpusConfigHelper: 	at android.util.JsonReader.peek(JsonReader.java:345)
07-10 22:46:23.002 11579 11667 W CorpusConfigHelper: 	at android.util.JsonReader.hasNext(JsonReader.java:321)
07-10 22:46:23.002 11579 11667 W CorpusConfigHelper: 	at com.google.android.apps.gsa.searchbox.c.b.b.k.c(PG:7)
07-10 22:46:23.002 11579 11667 W CorpusConfigHelper: 	at com.google.android.apps.gsa.searchbox.c.b.b.k.<init>(PG:5)
07-10 22:46:23.002 11579 11667 W CorpusConfigHelper: 	at com.google.android.apps.gsa.staticplugins.searchboxroot.features.n.a.c.<init>(PG:24)
07-10 22:46:23.002 11579 11667 W CorpusConfigHelper: 	at com.google.android.apps.gsa.staticplugins.searchboxroot.b.a(PG:14)
07-10 22:46:23.002 11579 11667 W CorpusConfigHelper: 	at com.google.android.apps.gsa.staticplugins.searchboxroot.y.<init>(PG:7)
07-10 22:46:23.002 11579 11667 W CorpusConfigHelper: 	at com.google.android.apps.gsa.binaries.satin.app.alc.a(PG:110)
07-10 22:46:23.002 11579 11667 W CorpusConfigHelper: 	at dagger.a.e.a(PG:1)
07-10 22:46:23.002 11579 11667 W CorpusConfigHelper: 	at com.google.android.apps.gsa.binaries.satin.app.ako.f(PG:80)
07-10 22:46:23.002 11579 11667 W CorpusConfigHelper: 	at com.google.android.apps.gsa.binaries.satin.app.ako.a(PG:108)
07-10 22:46:23.002 11579 11667 W CorpusConfigHelper: 	at com.google.android.apps.gsa.search.core.service.g.a.c.a(PG:2)
07-10 22:46:23.002 11579 11667 W CorpusConfigHelper: 	at com.google.android.libraries.gsa.k.a.g.a(PG:2)
07-10 22:46:23.002 11579 11667 W CorpusConfigHelper: 	at com.google.common.w.a.du.a(PG:1)
07-10 22:46:23.002 11579 11667 W CorpusConfigHelper: 	at com.google.common.w.a.cr.run(PG:4)
07-10 22:46:23.002 11579 11667 W CorpusConfigHelper: 	at com.google.common.w.a.dw.run(PG:1)
07-10 22:46:23.002 11579 11667 W CorpusConfigHelper: 	at com.google.android.libraries.i.ab.run(PG:1)
07-10 22:46:23.002 11579 11667 W CorpusConfigHelper: 	at java.util.concurrent.ThreadPoolExecutor.runWorker(ThreadPoolExecutor.java:1167)
07-10 22:46:23.002 11579 11667 W CorpusConfigHelper: 	at java.util.concurrent.ThreadPoolExecutor$Worker.run(ThreadPoolExecutor.java:641)
07-10 22:46:23.002 11579 11667 W CorpusConfigHelper: 	at com.google.android.libraries.i.d.run(PG:2)
07-10 22:46:23.002 11579 11667 W CorpusConfigHelper: 	at com.google.android.libraries.i.n.run(PG:4)
07-10 22:46:23.002 11579 11667 W CorpusConfigHelper: 	at java.lang.Thread.run(Thread.java:920)
07-10 22:46:23.004 20213 20241 E chromium: [ERROR:rtl.cc(147)] Failed to set the ICU default locale to . Falling back to en-US.
07-10 22:46:23.008 20213 20241 D libEGL  : loaded /vendor/lib64/egl/libGLES_mali.so
07-10 22:46:23.018 19986 20229 W GoogleTagManager: Bad response: 302
07-10 22:46:23.036 13143 15581 I Icing   : IndexChimeraService.getServiceInterface callingPackage=com.google.android.googlequicksearchbox componentName=null serviceId=36
07-10 22:46:23.042 20213 20241 D mali_cmarp_predictor: checking cmar_predictor for com.google.android.googlequicksearchbox:privileged_process0
07-10 22:46:23.060 13143 13143 D BoundBrokerSvc: onBind: Intent { act=com.google.android.gms.feedback.internal.IFeedbackService dat=chimera-action: cmp=com.google.android.gms/.chimera.GmsBoundBrokerService }
07-10 22:46:23.060 13143 13143 D BoundBrokerSvc: Loading bound service for intent: Intent { act=com.google.android.gms.feedback.internal.IFeedbackService dat=chimera-action: cmp=com.google.android.gms/.chimera.GmsBoundBrokerService }
07-10 22:46:23.064 13143 19804 I Icing   : Usage reports ok 1, Failed Usage reports 0, indexed 0, rejected 0
07-10 22:46:23.066 20213 20241 D vulkan  : searching for layers in '/product/priv-app/Velvet/Velvet.apk!/lib/arm64-v8a'
07-10 22:46:23.071 20213 20241 D mali_cmarp_predictor: checking cmar_predictor for com.google.android.googlequicksearchbox:privileged_process0
07-10 22:46:23.091 13143 16764 I Icing   : IndexChimeraService.getServiceInterface callingPackage=com.google.android.gms componentName=null serviceId=30
07-10 22:46:23.105 13143 19804 I Icing   : Usage reports ok 0, Failed Usage reports 0, indexed 0, rejected 0
07-10 22:46:23.113 19986 20229 W GoogleTagManager: Bad response: 302
07-10 22:46:23.129 11579 11658 I A       : Starting batch sync for corpora: [14, 22, 55, 18, 36, 25, 11, 21]
07-10 22:46:23.132 11579 11658 I A       : Scheduling a pending sync for corpus: PRIVACY_SETTINGS
07-10 22:46:23.136 11579 11628 I A       : SmartDictation: beginOnDataPresent
07-10 22:46:23.144 11258 13141 I FacsCacheGmsModule: (REDACTED) Received 'getActivityControlsSettings' request from package '%s', instance id '%s', version '%d'...
07-10 22:46:23.145 11258 11388 I FacsCacheGmsModule: (REDACTED) Executing operation '%s'...
07-10 22:46:23.147 11258 11452 I RegisterSyncOperation: (REDACTED) Register sync called by %s, syncing since something changed
07-10 22:46:23.147 11579 11628 I A       : SmartDictation: isNgaSyncEnabled: true; enableFileGroupPopulator: true; requiresMddAssets: true
07-10 22:46:23.148 11258 13141 I FacsCacheGmsModule: Operation 'getActivityControlsSettings' dispatched!
07-10 22:46:23.153 11579 11628 I A       : Flag controlled groups: POP, CANTEEN
07-10 22:46:23.153 11258 11388 I FacsCacheGmsModule: (REDACTED) Forwarding operation '%s' to internal FACS API...
07-10 22:46:23.154 11579 11628 I A       : Required groups: [TELEPORT, QUERY_DEEP_LINKS, SODA, GENIE_FM, APP_ACTIONS, TCLIB, INTENTS, WEBREF, SKIP_COMPONENT_LIST, DICTATION_FORMATTING, CORTEX, SAFT_SEGMENTER, POP, CANTEEN]
07-10 22:46:23.154 11579 11628 I A       : SmartDictation: endOnDataPresent
07-10 22:46:23.155 13143 13157 I FacsCacheGmsModule: (REDACTED) Received 'syncActivityControlsSettingsInternal' (forced: %b) request...
07-10 22:46:23.155 11579 11628 I A       : SmartDictation: isNgaSyncEnabled: true; enableFileGroupPopulator: true; requiresMddAssets: true
07-10 22:46:23.156 13143 13157 I FacsCacheGmsModule: Operation 'syncActivityControlsSettingsInternal' dispatched!
07-10 22:46:23.156 13143 19342 I FacsCacheGmsModule: (REDACTED) Executing operation '%s'...
07-10 22:46:23.156 13143 19342 I FacsCacheGmsModule: (REDACTED) Operation '%s' performing sync (type: '%s')...
07-10 22:46:23.156 11579 11628 I A       : NGA enabled in interactor.
07-10 22:46:23.157 11579 11628 I A       : SmartDictation: beginOnDataPresent
07-10 22:46:23.158 11579 11628 I A       : SmartDictation: isNgaSyncEnabled: true; enableFileGroupPopulator: true; requiresMddAssets: true
07-10 22:46:23.159 11579 11628 I A       : Flag controlled groups: POP, CANTEEN
07-10 22:46:23.159 11579 11628 I A       : Required groups: [TELEPORT, QUERY_DEEP_LINKS, SODA, GENIE_FM, APP_ACTIONS, TCLIB, INTENTS, WEBREF, SKIP_COMPONENT_LIST, DICTATION_FORMATTING, CORTEX, SAFT_SEGMENTER, POP, CANTEEN]
07-10 22:46:23.160 11579 11628 I A       : SmartDictation: endOnDataPresent
07-10 22:46:23.161 11579 11628 I A       : SmartDictation: isNgaSyncEnabled: true; enableFileGroupPopulator: true; requiresMddAssets: true
07-10 22:46:23.162 11579 11628 I A       : NGA enabled in interactor.
07-10 22:46:23.166 11579 11688 I A       : GMSCore Auth returned 1 accounts.
07-10 22:46:23.166 11579 11688 I A       : GoogleOwnersProvider returned 1 accounts.
07-10 22:46:23.168 11579 11654 I A       : PR status returns the default value for OR5EOSEQLZFJX2O3VOQHS4Z6Q4-00@cloudtestlabaccounts.com
07-10 22:46:23.193 11579 11663 I DeviceCapHelper: Adding surface identity to the device capabilities for surface OPA_AGSA.
07-10 22:46:23.194 11579 11687 I A       : SmartDictation: 1 apa_dictation_formatting groups found. OnDeviceEligible: true
07-10 22:46:23.194 11579 11687 I A       : SmartDictation: Group apa_dictation_formatting found; SoT: true; variant:  status 1; version 422387810 (0); AGSA has account: true; has account: false, has current account: false locale: "" & "en-*"
07-10 22:46:23.200 11579 11656 I A       : SmartDictation: 1 apa_dictation_formatting groups found. OnDeviceEligible: true
07-10 22:46:23.200 11579 11656 I A       : SmartDictation: Group apa_dictation_formatting found; SoT: true; variant:  status 1; version 422387810 (0); AGSA has account: true; has account: false, has current account: false locale: "" & "en-*"
07-10 22:46:23.202 11579 11656 E A       : Refreshing FileGroupPopulators failed!
07-10 22:46:23.202 11579 11656 E A       : com.google.android.libraries.mdi.download.c: Failed to refresh file groups
07-10 22:46:23.202 11579 11656 E A       : 	at com.google.android.libraries.mdi.download.i.av.apply(PG:2)
07-10 22:46:23.202 11579 11656 E A       : 	at com.google.apps.tiktok.tracing.ds.apply(PG:2)
07-10 22:46:23.202 11579 11656 E A       : 	at com.google.common.w.a.f.d(PG:2)
07-10 22:46:23.202 11579 11656 E A       : 	at com.google.common.w.a.h.run(PG:9)
07-10 22:46:23.202 11579 11656 E A       : 	at com.google.android.apps.gsa.staticplugins.nga.y.hd.run(Unknown Source:2)
07-10 22:46:23.202 11579 11656 E A       : 	at com.google.android.libraries.gsa.k.a.k.run(PG:2)
07-10 22:46:23.202 11579 11656 E A       : 	at com.google.android.apps.gsa.shared.util.c.a.bv.b(PG:1)
07-10 22:46:23.202 11579 11656 E A       : 	at com.google.android.apps.gsa.shared.util.c.a.by.run(PG:1)
07-10 22:46:23.202 11579 11656 E A       : 	at com.google.android.libraries.i.ab.run(PG:1)
07-10 22:46:23.202 11579 11656 E A       : 	at java.util.concurrent.ThreadPoolExecutor.runWorker(ThreadPoolExecutor.java:1167)
07-10 22:46:23.202 11579 11656 E A       : 	at java.util.concurrent.ThreadPoolExecutor$Worker.run(ThreadPoolExecutor.java:641)
07-10 22:46:23.202 11579 11656 E A       : 	at com.google.android.libraries.i.d.run(PG:2)
07-10 22:46:23.202 11579 11656 E A       : 	at com.google.android.libraries.i.n.run(PG:4)
07-10 22:46:23.202 11579 11656 E A       : 	at java.lang.Thread.run(Thread.java:920)
07-10 22:46:23.202 11579 11656 E A       : Caused by: com.google.android.libraries.mdi.download.bf: Http request failed; code = 404
07-10 22:46:23.202 11579 11656 E A       : 	at com.google.android.libraries.mdi.download.bd.a(PG:2)
07-10 22:46:23.202 11579 11656 E A       : 	at com.google.android.libraries.mdi.download.c.c.d.a(PG:11)
07-10 22:46:23.202 11579 11656 E A       : 	at com.google.common.w.a.du.a(PG:1)
07-10 22:46:23.202 11579 11656 E A       : 	at com.google.common.w.a.cr.run(PG:4)
07-10 22:46:23.202 11579 11656 E A       : 	at com.google.common.w.a.dw.run(PG:1)
07-10 22:46:23.202 11579 11656 E A       : 	at com.google.android.libraries.mdi.download.c.c.g.run(PG:1)
07-10 22:46:23.202 11579 11656 E A       : 	at com.google.android.libraries.i.ab.run(PG:1)
07-10 22:46:23.202 11579 11656 E A       : 	at java.util.concurrent.ThreadPoolExecutor.runWorker(ThreadPoolExecutor.java:1167)
07-10 22:46:23.202 11579 11656 E A       : 	at java.util.concurrent.ThreadPoolExecutor$Worker.run(ThreadPoolExecutor.java:641)
07-10 22:46:23.202 11579 11656 E A       : 	at com.google.android.libraries.i.f.run(PG:2)
07-10 22:46:23.202 11579 11656 E A       : 	... 2 more
07-10 22:46:23.203 11579 11656 I A       : SmartDictation: beginOnDataPresent
07-10 22:46:23.203 11579 11656 I A       : SmartDictation: isNgaSyncEnabled: true; enableFileGroupPopulator: true; requiresMddAssets: true
07-10 22:46:23.204 11579 11656 I A       : Flag controlled groups: POP, CANTEEN
07-10 22:46:23.204 11579 11656 I A       : Required groups: [TELEPORT, QUERY_DEEP_LINKS, SODA, GENIE_FM, APP_ACTIONS, TCLIB, INTENTS, WEBREF, SKIP_COMPONENT_LIST, DICTATION_FORMATTING, CORTEX, SAFT_SEGMENTER, POP, CANTEEN]
07-10 22:46:23.205 11579 11656 I A       : SmartDictation: endOnDataPresent
07-10 22:46:23.205 11579 11656 I A       : SmartDictation: isNgaSyncEnabled: true; enableFileGroupPopulator: true; requiresMddAssets: true
07-10 22:46:23.207 19986 20229 W GoogleTagManager: Bad response: 302
07-10 22:46:23.226 11579 11687 I A       : SmartDictation: 1 apa_dictation_formatting groups found. OnDeviceEligible: true
07-10 22:46:23.226 11579 11687 I A       : SmartDictation: Group apa_dictation_formatting found; SoT: true; variant:  status 1; version 422387810 (0); AGSA has account: true; has account: false, has current account: false locale: "" & "en-*"
07-10 22:46:23.227 11579 11628 I A       : Successfully wrote Stash data file URIs to ProtoDataStore
07-10 22:46:23.227 11579 11687 I A       : GMSCore Auth returned 1 accounts.
07-10 22:46:23.227 11579 11687 I A       : GoogleOwnersProvider returned 1 accounts.
07-10 22:46:23.259 11579 11654 I FedAssAccDataUpdater: Successfully updated the active account data.
07-10 22:46:23.259 11579 11654 I TrainingCacheConnection: onAccountChanged()
07-10 22:46:23.260  3979  4006 I A       : binder onAccountChanged
07-10 22:46:23.263  3979  4286 I A       : initializing EkhoWriter.
07-10 22:46:23.264  3979  4286 I FedAssSettingsBuildType: BuildType: Release
07-10 22:46:23.264  3979  4286 I A       : getFlSettingEnabledWithSettingsToggle: false
07-10 22:46:23.271  3979  4286 I A       : Unable to load Ekho native library
07-10 22:46:23.271  3979  4286 I A       : java.lang.UnsatisfiedLinkError: Couldn't find classloader resource 'soda_jni_no_terse'. Couldn't load(soda_jni_no_terse): Expecting an absolute path of the library: soda_jni_no_terse. Couldn't loadLibrary(soda_jni_no_terse): dlopen failed: library "libsoda_jni_no_terse.so" not found
07-10 22:46:23.271  3979  4286 I A       : 	at com.google.common.m.a.a(PG:17)
07-10 22:46:23.271  3979  4286 I A       : 	at com.google.android.apps.gsa.staticplugins.fedass.b.a.a(PG:1)
07-10 22:46:23.271  3979  4286 I A       : 	at com.google.android.apps.gsa.staticplugins.fedass.b.t.a(PG:12)
07-10 22:46:23.271  3979  4286 I A       : 	at com.google.android.apps.gsa.staticplugins.fedass.a.a.apply(PG:1)
07-10 22:46:23.271  3979  4286 I A       : 	at com.google.common.w.a.f.d(PG:2)
07-10 22:46:23.271  3979  4286 I A       : 	at com.google.common.w.a.h.run(PG:9)
07-10 22:46:23.271  3979  4286 I A       : 	at com.google.common.w.a.bb.execute(PG:1)
07-10 22:46:23.271  3979  4286 I A       : 	at com.google.common.w.a.d.i(PG:1)
07-10 22:46:23.271  3979  4286 I A       : 	at com.google.common.w.a.d.l(PG:12)
07-10 22:46:23.271  3979  4286 I A       : 	at com.google.common.w.a.d.n(PG:2)
07-10 22:46:23.271  3979  4286 I A       : 	at com.google.common.w.a.g.f(PG:1)
07-10 22:46:23.271  3979  4286 I A       : 	at com.google.common.w.a.h.run(PG:12)
07-10 22:46:23.271  3979  4286 I A       : 	at com.google.common.w.a.bb.execute(PG:1)
07-10 22:46:23.271  3979  4286 I A       : 	at com.google.common.w.a.d.i(PG:1)
07-10 22:46:23.271  3979  4286 I A       : 	at com.google.common.w.a.d.l(PG:12)
07-10 22:46:23.271  3979  4286 I A       : 	at com.google.common.w.a.d.p(PG:4)
07-10 22:46:23.271  3979  4286 I A       : 	at com.google.common.w.a.cd.run(PG:1)
07-10 22:46:23.271  3979  4286 I A       : 	at com.google.common.w.a.bb.execute(PG:1)
07-10 22:46:23.271  3979  4286 I A       : 	at com.google.common.w.a.d.i(PG:1)
07-10 22:46:23.271  3979  4286 I A       : 	at com.google.common.w.a.d.l(PG:12)
07-10 22:46:23.271  3979  4286 I A       : 	at com.google.common.w.a.d.p(PG:4)
07-10 22:46:23.271  3979  4286 I A       : 	at com.google.common.w.a.cd.run(PG:1)
07-10 22:46:23.271  3979  4286 I A       : 	at com.google.common.w.a.bb.execute(PG:1)
07-10 22:46:23.271  3979  4286 I A       : 	at com.google.common.w.a.d.i(PG:1)
07-10 22:46:23.271  3979  4286 I A       : 	at com.google.common.w.a.d.l(PG:12)
07-10 22:46:23.271  3979  4286 I A       : 	at com.google.common.w.a.d.p(PG:4)
07-10 22:46:23.271  3979  4286 I A       : 	at com.google.common.w.a.du.e(PG:2)
07-10 22:46:23.271  3979  4286 I A       : 	at com.google.common.w.a.cr.run(PG:8)
07-10 22:46:23.271  3979  4286 I A       : 	at com.google.common.w.a.dw.run(PG:1)
07-10 22:46:23.271  3979  4286 I A       : 	at com.google.common.w.a.bj.run(PG:3)
07-10 22:46:23.271  3979  4286 I A       : 	at com.google.android.libraries.i.ab.run(PG:1)
07-10 22:46:23.271  3979  4286 I A       : 	at java.util.concurrent.ThreadPoolExecutor.runWorker(ThreadPoolExecutor.java:1167)
07-10 22:46:23.271  3979  4286 I A       : 	at java.util.concurrent.ThreadPoolExecutor$Worker.run(ThreadPoolExecutor.java:641)
07-10 22:46:23.271  3979  4286 I A       : 	at com.google.android.libraries.i.d.run(PG:2)
07-10 22:46:23.271  3979  4286 I A       : 	at com.google.android.libraries.i.n.run(PG:4)
07-10 22:46:23.271  3979  4286 I A       : 	at java.lang.Thread.run(Thread.java:920)
07-10 22:46:23.272  3979  4286 I EkhoWriterWrap: initializing EkhoWriter.
07-10 22:46:23.275 11258 11452 I HeterodyneSyncer: (REDACTED) Removed %d invalid users
07-10 22:46:23.283 11258 11258 D BoundBrokerSvc: onBind: Intent { act=com.google.android.gms.facs.cache.service.START dat=chimera-action: cmp=com.google.android.gms/.chimera.PersistentApiService }
07-10 22:46:23.283 11258 11258 D BoundBrokerSvc: Loading bound service for intent: Intent { act=com.google.android.gms.facs.cache.service.START dat=chimera-action: cmp=com.google.android.gms/.chimera.PersistentApiService }
07-10 22:46:23.286 11258 13141 I FacsCacheGmsModule: (REDACTED) Receiving API connection to FACS API from package '%s'...
07-10 22:46:23.287 11258 13141 I FacsCacheGmsModule: API connection successful!
07-10 22:46:23.292 11258 20194 I FacsCacheGmsModule: (REDACTED) Received 'readDeviceLevelSettings' request from package '%s'...
07-10 22:46:23.293 11258 20194 I FacsCacheGmsModule: Operation 'readDeviceLevelSettings' dispatched!
07-10 22:46:23.293 11258 19749 I FacsCacheGmsModule: (REDACTED) Executing operation '%s'...
07-10 22:46:23.294 11258 19749 I FacsCacheGmsModule: (REDACTED) Operation '%s' successful!
07-10 22:46:23.295 13143 15472 I GmsCoreXrpcWrapper: (REDACTED) Returning a channel provider with trafficStatsTag=%d trafficStatsUid=%d
07-10 22:46:23.295 11579 11654 W A       : Config group is not stored for group hotword_model_en-US_okg
07-10 22:46:23.297 11579 11654 W A       : Config group is not stored for group tapas_cortex
07-10 22:46:23.305 19986 20229 W GoogleTagManager: Bad response: 302
07-10 22:46:23.311 13143 15472 W DataCollectionRegistryC: missing CollectionDefinition for footprints-pa.googleapis.com/footprints.oneplatform.FootprintsService/GetActivityControlsSettings
07-10 22:46:23.316 11579 11628 W A       : Config group is not stored for group fedass_policy_config_group
07-10 22:46:23.317 11579 11628 W A       : Config group is not stored for group nga_sot_configs
07-10 22:46:23.322 11579 11654 W A       : Config group is not stored for group speech-contextual-models
07-10 22:46:23.324 11579 11628 W A       : Config group is not stored for group assistant_appintegration_appactions_config
07-10 22:46:23.326 11579 11658 W A       : Config group is not stored for group hotword_model_en-US_okhey
07-10 22:46:23.349  1493  5353 D CompatibilityChangeReporter: Compat change id reported: 135634846; UID 10158; state: DISABLED
07-10 22:46:23.349  1493  5353 D CompatibilityChangeReporter: Compat change id reported: 177438394; UID 10158; state: DISABLED
07-10 22:46:23.350  1493  5353 D CompatibilityChangeReporter: Compat change id reported: 135772972; UID 10158; state: DISABLED
07-10 22:46:23.350  1493  5353 D CompatibilityChangeReporter: Compat change id reported: 135754954; UID 10158; state: ENABLED
07-10 22:46:23.350  1493  1572 D CompatibilityChangeReporter: Compat change id reported: 143937733; UID 10158; state: ENABLED
07-10 22:46:23.362   664   664 D Zygote  : Forked child process 20287
07-10 22:46:23.362  1493  1572 I ActivityManager: Start proc 20287:com.google.android.youtube/u0a158 for broadcast {com.google.android.youtube/com.google.android.libraries.notifications.entrypoints.accountchanged.AccountChangedReceiver}
07-10 22:46:23.375 11258 11265 I .gms.persisten: Compiler allocated 4702KB to compile com.google.android.gms.auth.aang.GetTokenResponse uvs.b(android.accounts.Account, java.lang.String, android.os.Bundle, exzj, java.lang.String, java.lang.String, java.lang.String, boolean, com.google.android.gms.auth.firstparty.shared.AppDescription, int)
07-10 22:46:23.382 20287 20287 E android.youtub: Not starting debugger since process cannot load the jdwp agent.
07-10 22:46:23.383 11258 11349 E czvx    : Phenotype API error. Event: # fozr@b0b07f73, EventCode: COMMIT_CONFIG [CONTEXT service_id=51 ]
07-10 22:46:23.383 11258 11349 E czvx    : czue: 29500: Empty (package not registered?) or malformed snapshot token for null: 
07-10 22:46:23.383 11258 11349 E czvx    : 	at czwc.b(:com.google.android.gms@242335038@24.23.35 (190400-646585959):1536)
07-10 22:46:23.383 11258 11349 E czvx    : 	at czwb.i(:com.google.android.gms@242335038@24.23.35 (190400-646585959):3)
07-10 22:46:23.383 11258 11349 E czvx    : 	at czvx.h(:com.google.android.gms@242335038@24.23.35 (190400-646585959):18)
07-10 22:46:23.383 11258 11349 E czvx    : 	at czvx.f(:com.google.android.gms@242335038@24.23.35 (190400-646585959):11)
07-10 22:46:23.383 11258 11349 E czvx    : 	at boey.hj(:com.google.android.gms@242335038@24.23.35 (190400-646585959):1)
07-10 22:46:23.383 11258 11349 E czvx    : 	at bofh.run(:com.google.android.gms@242335038@24.23.35 (190400-646585959):97)
07-10 22:46:23.383 11258 11349 E czvx    : 	at emsz.run(:com.google.android.gms@242335038@24.23.35 (190400-646585959):21)
07-10 22:46:23.383 11258 11349 E czvx    : 	at angs.c(:com.google.android.gms@242335038@24.23.35 (190400-646585959):50)
07-10 22:46:23.383 11258 11349 E czvx    : 	at angs.run(:com.google.android.gms@242335038@24.23.35 (190400-646585959):97)
07-10 22:46:23.383 11258 11349 E czvx    : 	at java.util.concurrent.ThreadPoolExecutor.runWorker(ThreadPoolExecutor.java:1167)
07-10 22:46:23.383 11258 11349 E czvx    : 	at java.util.concurrent.ThreadPoolExecutor$Worker.run(ThreadPoolExecutor.java:641)
07-10 22:46:23.383 11258 11349 E czvx    : 	at anmg.run(:com.google.android.gms@242335038@24.23.35 (190400-646585959):8)
07-10 22:46:23.383 11258 11349 E czvx    : 	at java.lang.Thread.run(Thread.java:920)
07-10 22:46:23.384 11258 11349 W AsyncOperation: operation=CommitToConfigurationOperationCall, opStatusCode=29500 [CONTEXT service_id=51 ]
07-10 22:46:23.384 11258 11349 W AsyncOperation: OperationException[Status{statusCode=Empty (package not registered?) or malformed snapshot token for null: , resolution=null}]
07-10 22:46:23.384 11258 11349 W AsyncOperation: 	at czvx.h(:com.google.android.gms@242335038@24.23.35 (190400-646585959):48)
07-10 22:46:23.384 11258 11349 W AsyncOperation: 	at czvx.f(:com.google.android.gms@242335038@24.23.35 (190400-646585959):11)
07-10 22:46:23.384 11258 11349 W AsyncOperation: 	at boey.hj(:com.google.android.gms@242335038@24.23.35 (190400-646585959):1)
07-10 22:46:23.384 11258 11349 W AsyncOperation: 	at bofh.run(:com.google.android.gms@242335038@24.23.35 (190400-646585959):97)
07-10 22:46:23.384 11258 11349 W AsyncOperation: 	at emsz.run(:com.google.android.gms@242335038@24.23.35 (190400-646585959):21)
07-10 22:46:23.384 11258 11349 W AsyncOperation: 	at angs.c(:com.google.android.gms@242335038@24.23.35 (190400-646585959):50)
07-10 22:46:23.384 11258 11349 W AsyncOperation: 	at angs.run(:com.google.android.gms@242335038@24.23.35 (190400-646585959):97)
07-10 22:46:23.384 11258 11349 W AsyncOperation: 	at java.util.concurrent.ThreadPoolExecutor.runWorker(ThreadPoolExecutor.java:1167)
07-10 22:46:23.384 11258 11349 W AsyncOperation: 	at java.util.concurrent.ThreadPoolExecutor$Worker.run(ThreadPoolExecutor.java:641)
07-10 22:46:23.384 11258 11349 W AsyncOperation: 	at anmg.run(:com.google.android.gms@242335038@24.23.35 (190400-646585959):8)
07-10 22:46:23.384 11258 11349 W AsyncOperation: 	at java.lang.Thread.run(Thread.java:920)
07-10 22:46:23.385 11579 11597 E MendelPackageState: Failed to commit to config
07-10 22:46:23.385 11579 11597 E MendelPackageState: com.google.android.libraries.phenotype.client.a.h: 29500: 29500: Empty (package not registered?) or malformed snapshot token for null: 
07-10 22:46:23.385 11579 11597 E MendelPackageState: 	at com.google.android.libraries.phenotype.client.a.k.apply(PG:1)
07-10 22:46:23.385 11579 11597 E MendelPackageState: 	at com.google.common.w.a.a.d(PG:2)
07-10 22:46:23.385 11579 11597 E MendelPackageState: 	at com.google.common.w.a.c.run(PG:11)
07-10 22:46:23.385 11579 11597 E MendelPackageState: 	at com.google.common.w.a.bb.execute(PG:1)
07-10 22:46:23.385 11579 11597 E MendelPackageState: 	at com.google.common.w.a.d.i(PG:1)
07-10 22:46:23.385 11579 11597 E MendelPackageState: 	at com.google.common.w.a.d.l(PG:12)
07-10 22:46:23.385 11579 11597 E MendelPackageState: 	at com.google.common.w.a.d.o(PG:3)
07-10 22:46:23.385 11579 11597 E MendelPackageState: 	at com.google.android.libraries.u.b.a(PG:5)
07-10 22:46:23.385 11579 11597 E MendelPackageState: 	at com.google.android.gms.tasks.n.run(PG:1)
07-10 22:46:23.385 11579 11597 E MendelPackageState: 	at com.google.common.w.a.bb.execute(PG:1)
07-10 22:46:23.385 11579 11597 E MendelPackageState: 	at com.google.android.gms.tasks.o.a(PG:3)
07-10 22:46:23.385 11579 11597 E MendelPackageState: 	at com.google.android.gms.tasks.ad.b(PG:5)
07-10 22:46:23.385 11579 11597 E MendelPackageState: 	at com.google.android.gms.tasks.aj.s(PG:4)
07-10 22:46:23.385 11579 11597 E MendelPackageState: 	at com.google.android.gms.common.api.internal.dg.b(PG:4)
07-10 22:46:23.385 11579 11597 E MendelPackageState: 	at com.google.android.gms.phenotype.s.a(PG:1)
07-10 22:46:23.385 11579 11597 E MendelPackageState: 	at com.google.android.gms.phenotype.a.a.dispatchTransaction(PG:31)
07-10 22:46:23.385 11579 11597 E MendelPackageState: 	at com.google.android.a.b.onTransact(PG:2)
07-10 22:46:23.385 11579 11597 E MendelPackageState: 	at android.os.Binder.execTransactInternal(Binder.java:1184)
07-10 22:46:23.385 11579 11597 E MendelPackageState: 	at android.os.Binder.execTransact(Binder.java:1143)
07-10 22:46:23.385 11579 11597 E MendelPackageState: Caused by: com.google.android.gms.common.api.n: 29500: Empty (package not registered?) or malformed snapshot token for null: 
07-10 22:46:23.385 11579 11597 E MendelPackageState: 	at com.google.android.gms.common.api.internal.dg.b(PG:3)
07-10 22:46:23.385 11579 11597 E MendelPackageState: 	... 5 more
07-10 22:46:23.386 11579 11687 I A       : SmartDictation: beginOnDataPresent
07-10 22:46:23.387 11579 11687 I A       : SmartDictation: isNgaSyncEnabled: true; enableFileGroupPopulator: true; requiresMddAssets: true
07-10 22:46:23.388 11579 11687 I A       : Flag controlled groups: POP, CANTEEN
07-10 22:46:23.388 11579 11687 I A       : Required groups: [TELEPORT, QUERY_DEEP_LINKS, SODA, GENIE_FM, APP_ACTIONS, TCLIB, INTENTS, WEBREF, SKIP_COMPONENT_LIST, DICTATION_FORMATTING, CORTEX, SAFT_SEGMENTER, POP, CANTEEN]
07-10 22:46:23.389 11579 11687 I A       : SmartDictation: endOnDataPresent
07-10 22:46:23.389 11579 11687 I A       : SmartDictation: isNgaSyncEnabled: true; enableFileGroupPopulator: true; requiresMddAssets: true
07-10 22:46:23.390 11258 11349 E czvx    : Phenotype API error. Event: # fozr@3b21fd50, EventCode: COMMIT_CONFIG [CONTEXT service_id=51 ]
07-10 22:46:23.390 11258 11349 E czvx    : czue: 29500: Empty (package not registered?) or malformed snapshot token for null: 
07-10 22:46:23.390 11258 11349 E czvx    : 	at czwc.b(:com.google.android.gms@242335038@24.23.35 (190400-646585959):1536)
07-10 22:46:23.390 11258 11349 E czvx    : 	at czwb.i(:com.google.android.gms@242335038@24.23.35 (190400-646585959):3)
07-10 22:46:23.390 11258 11349 E czvx    : 	at czvx.h(:com.google.android.gms@242335038@24.23.35 (190400-646585959):18)
07-10 22:46:23.390 11258 11349 E czvx    : 	at czvx.f(:com.google.android.gms@242335038@24.23.35 (190400-646585959):11)
07-10 22:46:23.390 11258 11349 E czvx    : 	at boey.hj(:com.google.android.gms@242335038@24.23.35 (190400-646585959):1)
07-10 22:46:23.390 11258 11349 E czvx    : 	at bofh.run(:com.google.android.gms@242335038@24.23.35 (190400-646585959):97)
07-10 22:46:23.390 11258 11349 E czvx    : 	at emsz.run(:com.google.android.gms@242335038@24.23.35 (190400-646585959):21)
07-10 22:46:23.390 11258 11349 E czvx    : 	at angs.c(:com.google.android.gms@242335038@24.23.35 (190400-646585959):50)
07-10 22:46:23.390 11258 11349 E czvx    : 	at angs.run(:com.google.android.gms@242335038@24.23.35 (190400-646585959):76)
07-10 22:46:23.390 11258 11349 E czvx    : 	at java.util.concurrent.ThreadPoolExecutor.runWorker(ThreadPoolExecutor.java:1167)
07-10 22:46:23.390 11258 11349 E czvx    : 	at java.util.concurrent.ThreadPoolExecutor$Worker.run(ThreadPoolExecutor.java:641)
07-10 22:46:23.390 11258 11349 E czvx    : 	at anmg.run(:com.google.android.gms@242335038@24.23.35 (190400-646585959):8)
07-10 22:46:23.390 11258 11349 E czvx    : 	at java.lang.Thread.run(Thread.java:920)
07-10 22:46:23.391 11258 11349 W AsyncOperation: operation=CommitToConfigurationOperationCall, opStatusCode=29500 [CONTEXT service_id=51 ]
07-10 22:46:23.391 11258 11349 W AsyncOperation: OperationException[Status{statusCode=Empty (package not registered?) or malformed snapshot token for null: , resolution=null}]
07-10 22:46:23.391 11258 11349 W AsyncOperation: 	at czvx.h(:com.google.android.gms@242335038@24.23.35 (190400-646585959):48)
07-10 22:46:23.391 11258 11349 W AsyncOperation: 	at czvx.f(:com.google.android.gms@242335038@24.23.35 (190400-646585959):11)
07-10 22:46:23.391 11258 11349 W AsyncOperation: 	at boey.hj(:com.google.android.gms@242335038@24.23.35 (190400-646585959):1)
07-10 22:46:23.391 11258 11349 W AsyncOperation: 	at bofh.run(:com.google.android.gms@242335038@24.23.35 (190400-646585959):97)
07-10 22:46:23.391 11258 11349 W AsyncOperation: 	at emsz.run(:com.google.android.gms@242335038@24.23.35 (190400-646585959):21)
07-10 22:46:23.391 11258 11349 W AsyncOperation: 	at angs.c(:com.google.android.gms@242335038@24.23.35 (190400-646585959):50)
07-10 22:46:23.391 11258 11349 W AsyncOperation: 	at angs.run(:com.google.android.gms@242335038@24.23.35 (190400-646585959):76)
07-10 22:46:23.391 11258 11349 W AsyncOperation: 	at java.util.concurrent.ThreadPoolExecutor.runWorker(ThreadPoolExecutor.java:1167)
07-10 22:46:23.391 11258 11349 W AsyncOperation: 	at java.util.concurrent.ThreadPoolExecutor$Worker.run(ThreadPoolExecutor.java:641)
07-10 22:46:23.391 11258 11349 W AsyncOperation: 	at anmg.run(:com.google.android.gms@242335038@24.23.35 (190400-646585959):8)
07-10 22:46:23.391 11258 11349 W AsyncOperation: 	at java.lang.Thread.run(Thread.java:920)
07-10 22:46:23.393 11258 12371 E GCoreUlr: Create new device tag of -979234811 without device reboot
07-10 22:46:23.394 11579 11597 E MendelPackageState: Failed to commit to config
07-10 22:46:23.394 11579 11597 E MendelPackageState: com.google.android.libraries.phenotype.client.a.h: 29500: 29500: Empty (package not registered?) or malformed snapshot token for null: 
07-10 22:46:23.394 11579 11597 E MendelPackageState: 	at com.google.android.libraries.phenotype.client.a.k.apply(PG:1)
07-10 22:46:23.394 11579 11597 E MendelPackageState: 	at com.google.common.w.a.a.d(PG:2)
07-10 22:46:23.394 11579 11597 E MendelPackageState: 	at com.google.common.w.a.c.run(PG:11)
