07-10 22:46:11.949 13143 16336 I Icing   : Indexing com.google.android.gms-apps from com.google.android.gms
07-10 22:46:11.949 13143 16336 I Icing   : Indexing done com.google.android.gms-apps
07-10 22:46:11.964 13143 15472 I Icing   : Indexing com.google.android.gms-apps from com.google.android.gms
07-10 22:46:11.969 13143 15472 I Icing   : Indexing done com.google.android.gms-apps
07-10 22:46:12.008 19259 19259 V GraphicsEnvironment: ANGLE Developer option for 'com.google.testing.helium.utp.android.companion.backdrop' set to: 'default'
07-10 22:46:12.009 19259 19259 V GraphicsEnvironment: ANGLE GameManagerService for com.google.testing.helium.utp.android.companion.backdrop: false
07-10 22:46:12.009 19259 19259 V GraphicsEnvironment: Neither updatable production driver nor prerelease driver is supported.
07-10 22:46:12.010 19259 19259 D NetworkSecurityConfig: No Network Security Config specified, using platform default
07-10 22:46:12.010 19259 19259 D NetworkSecurityConfig: No Network Security Config specified, using platform default
07-10 22:46:12.011 19259 19259 I MultiDex: VM with version 2.1.0 has multidex support
07-10 22:46:12.011 19259 19259 I MultiDex: Installing application
07-10 22:46:12.011 19259 19259 I MultiDex: VM has multidex support, MultiDex support library is disabled.
07-10 22:46:12.020 19259 19280 D mali_cmarp_predictor: checking cmar_predictor for com.google.testing.helium.utp.android.companion.backdrop
07-10 22:46:12.036 19259 19259 D AppCompatDelegate: Checking for metadata for AppLocalesMetadataHolderService : Service not found
07-10 22:46:12.041 19259 19259 I BackdropActivity: onCreate()
07-10 22:46:12.058  1493  3966 I ActivityTaskManager: Activity requesting to dismiss Keyguard: ActivityRecord{2240816 u0 com.google.testing.helium.utp.android.companion.backdrop/.BackdropActivity t12}
07-10 22:46:12.087 19259 19259 W panion.backdro: Accessing hidden method Landroid/view/ViewGroup;->makeOptionalFitsSystemWindows()V (unsupported, reflection, allowed)
07-10 22:46:12.097 19259 19259 D CompatibilityChangeReporter: Compat change id reported: 171228096; UID 10231; state: ENABLED
07-10 22:46:12.103 19259 19259 I BackdropActivity: android_id: 4503980700269809902
07-10 22:46:12.111 19259 19259 I BackdropActivity: onResume()
07-10 22:46:12.112  1493  3943 I ActivityTaskManager: Activity requesting to dismiss Keyguard: ActivityRecord{2240816 u0 com.google.testing.helium.utp.android.companion.backdrop/.BackdropActivity t12}
07-10 22:46:12.118  3901  3901 I AiAiNotificationIntelli: Notification enqueued.
07-10 22:46:12.128  3979 13626 W A       : Candidate identifiers aren't set, ignoring.
07-10 22:46:12.128  3979 13626 W A       : Candidate identifiers aren't set, ignoring.
07-10 22:46:12.139   460   510 W ServiceManager: Permission failure: android.permission.ACCESS_SURFACE_FLINGER from uid=10231 pid=19259
07-10 22:46:12.139   460   510 D PermissionCache: checking android.permission.ACCESS_SURFACE_FLINGER for uid=10231 => denied (319 us)
07-10 22:46:12.139   460   510 W ServiceManager: Permission failure: android.permission.ROTATE_SURFACE_FLINGER from uid=10231 pid=19259
07-10 22:46:12.139   460   510 D PermissionCache: checking android.permission.ROTATE_SURFACE_FLINGER for uid=10231 => denied (90 us)
07-10 22:46:12.243  1493  1560 I ActivityTaskManager: Displayed com.google.testing.helium.utp.android.companion.backdrop/.BackdropActivity: +526ms
07-10 22:46:12.260 13048 13048 I GoogleInputMethodService: GoogleInputMethodService.onFinishInput():3420 
07-10 22:46:12.265  1493  3477 W InputManager-JNI: Input channel object '1f98b06 Splash Screen com.google.testing.helium.utp.android.companion.backdrop (client)' was disposed without first being removed with the input manager!
07-10 22:46:12.266 13048 13048 I GoogleInputMethodService: GoogleInputMethodService.onStartInput():2002 
07-10 22:46:12.266 13048 13048 I DeviceUnlockedTag: DeviceUnlockedTag.notifyDeviceLockStatusChanged():31 Notify device unlocked.
07-10 22:46:12.323  1493  1493 W NotificationHistory: Attempted to add notif for locked/gone/disabled user 0
07-10 22:46:12.331  3901  3901 I AiAiNotificationIntelli: Notification posted.
07-10 22:46:12.335  2698  2698 D InterruptionStateProvider: No bubble up: not allowed to bubble: 0|com.google.testing.helium.utp.android.companion.backdrop|1|null|10231
07-10 22:46:12.335  2698  2698 D InterruptionStateProvider: No heads up: unimportant notification: 0|com.google.testing.helium.utp.android.companion.backdrop|1|null|10231
07-10 22:46:12.336  2698  2756 D PeopleSpaceWidgetMgr: Sbn doesn't contain valid PeopleTileKey: null/0/com.google.testing.helium.utp.android.companion.backdrop
07-10 22:46:13.342   447 18739 I keystore2: keystore2::watchdog: Watchdog thread idle -> terminating. Have a great day.
07-10 22:46:14.958 18938 18938 D CompatibilityChangeReporter: Compat change id reported: 150939131; UID 10062; state: ENABLED
07-10 22:46:14.993 18938 19304 I ProvidersCache: Provider returned no roots. Possibly naughty: com.google.android.apps.docs.storage
07-10 22:46:15.529 19090 19090 I abb     : StartCommandInProcess(73657474696e67730067657400656e61 settings.get.ena [truncated])
07-10 22:46:15.529  1493  1493 W Binder:1493_A: type=1400 audit(0.0:162): avc: denied { getopt } for scontext=u:r:system_server:s0 tcontext=u:r:shell:s0 tclass=unix_stream_socket permissive=0
07-10 22:46:15.529  1493  1493 W Binder:1493_A: type=1400 audit(0.0:163): avc: denied { getopt } for scontext=u:r:system_server:s0 tcontext=u:r:shell:s0 tclass=unix_stream_socket permissive=0
07-10 22:46:15.529  1493  1493 W Binder:1493_A: type=1400 audit(0.0:164): avc: denied { getopt } for scontext=u:r:system_server:s0 tcontext=u:r:shell:s0 tclass=unix_stream_socket permissive=0
07-10 22:46:15.537 19090 19090 I abb     : StartCommandInProcess(7061636b61676500696e7374616c6c00 package.install. [truncated])
07-10 22:46:15.605  1493  1493 W Binder:1493_A: type=1400 audit(0.0:165): avc: denied { getopt } for scontext=u:r:system_server:s0 tcontext=u:r:shell:s0 tclass=unix_stream_socket permissive=0
07-10 22:46:15.682  1493  1594 I PackageManager: Integrity check passed for file:///data/app/vmdl807126536.tmp
07-10 22:46:15.779  1493  1594 W PackageManager: User 0 is not ready. Restore at install didn't take place.
07-10 22:46:15.783   848  1810 E installd: Couldn't opendir /data/app/vmdl807126536.tmp: No such file or directory
07-10 22:46:15.783   848  1810 E installd: Failed to delete /data/app/vmdl807126536.tmp: No such file or directory
07-10 22:46:15.781  1493  1493 W Binder:1493_A: type=1400 audit(0.0:166): avc: denied { getopt } for scontext=u:r:system_server:s0 tcontext=u:r:shell:s0 tclass=unix_stream_socket permissive=0
07-10 22:46:15.795  1493  1594 D CompatibilityChangeReporter: Compat change id reported: 168419799; UID 10232; state: DISABLED
07-10 22:46:15.800  3916  3916 I MediaProvider: Invalidating LocalCallingIdentity cache for package com.google.testing.helium.utp.android.companion.instrumentations.runtimestats. Reason: package android.intent.action.PACKAGE_ADDED
07-10 22:46:15.802  3979  3979 I GsaVoiceInteractionSrv: O received Intent { act=android.intent.action.PACKAGE_ADDED dat=package:com.google.testing.helium.utp.android.companion.instrumentations.runtimestats flg=0x4000010 (has extras) }
07-10 22:46:15.806 15073 15073 I Finsky  : [2] zkc.g(1): zkc - Received: android.intent.action.PACKAGE_ADDED, [NCpE2tWFy5Mf3mKzP-AiMw79q7QdOuaST3Y36Qx0uyI]
07-10 22:46:15.807  1493  1732 I RoleService: Granting default roles...
07-10 22:46:15.809  1493  1740 I InputReader: Reconfiguring input devices, changes=KEYBOARD_LAYOUTS | 
07-10 22:46:15.810  1493  1571 W BroadcastQueue: Background execution not allowed: receiving Intent { act=android.intent.action.PACKAGE_ADDED dat=package:com.google.testing.helium.utp.android.companion.instrumentations.runtimestats flg=0x4000010 (has extras) } to com.google.android.packageinstaller/com.android.packageinstaller.PackageInstalledReceiver
07-10 22:46:15.810  3038  3426 D TelephonyProvider: Using old permission behavior for telephony provider compat
07-10 22:46:15.810  2683  2683 V MediaPlayerList: mPackageChangedBroadcastReceiver: action: android.intent.action.PACKAGE_ADDED
07-10 22:46:15.810  2683  2683 D MediaPlayerList: Name of package changed: com.google.testing.helium.utp.android.companion.instrumentations.runtimestats
07-10 22:46:15.815  1493  1493 I Telecom : DefaultDialerCache: Refreshing default dialer for user 0: now com.google.android.dialer: DDC.oR@A18
07-10 22:46:15.824  1493  1571 W BroadcastQueue: Background execution not allowed: receiving Intent { act=android.intent.action.PACKAGE_ADDED dat=package:com.google.testing.helium.utp.android.companion.instrumentations.runtimestats flg=0x4000010 (has extras) } to com.android.vending/com.google.android.finsky.packagemonitor.impl.PackageMonitorReceiverImpl$RegisteredReceiver
07-10 22:46:15.825  1493  1571 W BroadcastQueue: Background execution not allowed: receiving Intent { act=android.intent.action.PACKAGE_ADDED dat=package:com.google.testing.helium.utp.android.companion.instrumentations.runtimestats flg=0x4000010 (has extras) } to com.android.vending/com.google.android.finsky.packagemonitor.backgroundimpl.BackgroundPackageMonitorReceiverImpl$RegisteredReceiver
07-10 22:46:15.825  1493  1571 W BroadcastQueue: Background execution not allowed: receiving Intent { act=android.intent.action.PACKAGE_ADDED dat=package:com.google.testing.helium.utp.android.companion.instrumentations.runtimestats flg=0x4000010 (has extras) } to com.google.android.gms/.chimera.GmsIntentOperationService$PersistentTrustedReceiver
07-10 22:46:15.825  1493  1571 W BroadcastQueue: Background execution not allowed: receiving Intent { act=android.intent.action.PACKAGE_ADDED dat=package:com.google.testing.helium.utp.android.companion.instrumentations.runtimestats flg=0x4000010 (has extras) } to com.google.android.gms/.games.chimera.GamesSystemBroadcastReceiverProxy
07-10 22:46:15.826  1493  1571 W BroadcastQueue: Background execution not allowed: receiving Intent { act=android.intent.action.PACKAGE_ADDED dat=package:com.google.testing.helium.utp.android.companion.instrumentations.runtimestats flg=0x4000010 (has extras) } to com.google.android.gms/.gass.chimera.PackageChangeBroadcastReceiver
07-10 22:46:15.826  1493  1571 W BroadcastQueue: Background execution not allowed: receiving Intent { act=android.intent.action.PACKAGE_ADDED dat=package:com.google.testing.helium.utp.android.companion.instrumentations.runtimestats flg=0x4000010 (has extras) } to com.google.android.googlequicksearchbox/com.google.android.apps.gsa.googlequicksearchbox.GelStubAppWatcher
07-10 22:46:15.826  1493  1571 W BroadcastQueue: Background execution not allowed: receiving Intent { act=android.intent.action.PACKAGE_ADDED dat=package:com.google.testing.helium.utp.android.companion.instrumentations.runtimestats flg=0x4000010 (has extras) } to com.google.android.ims/.receivers.RcsAutoStartReceiver
07-10 22:46:15.831  2720  6859 I PermissionControllerServiceImpl: Updating user sensitive for uid 10232
07-10 22:46:15.835 15073 18747 I Finsky  : [157] pud.accept(83): Wrote row to frosting DB: 341
07-10 22:46:15.839  1493  1740 I InputReader: Reconfiguring input devices, changes=KEYBOARD_LAYOUTS | 
07-10 22:46:15.839  3038  3038 E PhoneInterfaceManager: [PhoneIntfMgr] getCarrierPackageNamesForIntentAndPhone: No UICC
07-10 22:46:15.840  3038  3038 D CarrierSvcBindHelper: No carrier app for: 0
07-10 22:46:15.840  2683  2683 V MediaPlayerList: mPackageChangedBroadcastReceiver: action: android.intent.action.PACKAGE_CHANGED
07-10 22:46:15.840  2683  2683 D MediaPlayerList: Name of package changed: com.google.testing.helium.utp.android.companion.instrumentations.runtimestats
07-10 22:46:15.841  1493  1493 I Telecom : DefaultDialerCache: Refreshing default dialer for user 0: now com.google.android.dialer: DDC.oR@A2A
07-10 22:46:15.849 19325 19325 D AndroidRuntime: >>>>>> START com.android.internal.os.RuntimeInit uid 2000 <<<<<<
07-10 22:46:15.851 19325 19325 I AndroidRuntime: Using default boot image
07-10 22:46:15.851 19325 19325 I AndroidRuntime: Leaving lock profiling enabled
07-10 22:46:15.851 19325 19325 W libc    : Access denied finding property "odsign.verification.success"
07-10 22:46:15.852  4003  4003 D RegisteredNfcFServicesCache: Service unchanged, not updating
07-10 22:46:15.853 19325 19325 W app_process: ART APEX data files are untrusted.
07-10 22:46:15.853  1493  1560 D CompanionDeviceManagerService: onPackageModified(packageName = com.google.testing.helium.utp.android.companion.instrumentations.runtimestats)
07-10 22:46:15.853 11258 18790 W GCM     : Unexpected forwarded intent: Intent { act=android.intent.action.PACKAGE_ADDED dat=package:com.google.testing.helium.utp.android.companion.instrumentations.runtimestats flg=0x4000010 pkg=com.google.android.gms cmp=com.google.android.gms/.chimera.PersistentIntentOperationService (has extras) }
07-10 22:46:15.853 11258 19164 I FontLog : (REDACTED) Package %s has no metadata
07-10 22:46:15.854 11258 19164 W NetworkScheduler: Unexpected forwarded intent: Intent { act=android.intent.action.PACKAGE_ADDED dat=package:com.google.testing.helium.utp.android.companion.instrumentations.runtimestats flg=0x4000010 pkg=com.google.android.gms cmp=com.google.android.gms/.chimera.PersistentIntentOperationService (has extras) }
07-10 22:46:15.857 18938 19332 I ProvidersCache: Provider returned no roots. Possibly naughty: com.google.android.apps.docs.storage
07-10 22:46:15.860 13143 19158 I Auth    : [SupervisedAccountIntentOperation] onHandleIntent(): android.intent.action.PACKAGE_ADDED
07-10 22:46:15.862  3038  3038 E VvmPkgInstalledRcvr: cannot create TelephonyManager from ComponentInfo{com.android.phone/com.android.services.telephony.TelephonyConnectionService}, ***, UserHandle{0}
07-10 22:46:15.862 13143 19169 I Blockstore: (REDACTED) [DataStoreImpl] Clearing Blockstore Data for package %s
07-10 22:46:15.863 13143 19169 I Blockstore: [DataStoreImpl] Keyless data not found or its IsLastInstallationData = false. [CONTEXT service_id=258 ]
07-10 22:46:15.863 13143 19169 I Dck     : (REDACTED) disableDckSupport: %s
07-10 22:46:15.863 13143 19169 I Dck     : (REDACTED) doesDeviceHaveSupportedWirelessCapabilities: wccSysProp:%d, wccMendel:%d, deviceWccOverride:%s
07-10 22:46:15.863 13143 19169 I Dck     : Dck module condition - isDckModuleEligible: true [CONTEXT service_id=289 ]
07-10 22:46:15.865  2720  6859 I PermissionControllerServiceImpl: Updating user sensitive for uid 10232
07-10 22:46:15.867  1493  1591 E VerityUtils: Failed to measure fs-verity, errno 1: /data/app/~~Ni6qBDzjdf_eoXnsxUZHVA==/com.google.testing.helium.utp.android.companion.instrumentations.runtimestats-YwVWDKkd1lZCr45ytxq3cg==/base.apk
07-10 22:46:15.868 15073 15073 I Finsky  : [2] afef.f(9): Clearing split related stale data.
07-10 22:46:15.875 15073 15073 I Finsky  : [2] txf.jR(13): DTU: Received onPackageAdded, replacing: false
07-10 22:46:15.881  4003  4003 D RegisteredNfcFServicesCache: Service unchanged, not updating
07-10 22:46:15.885 13143 19169 I Dck     : No automatic loader conditions were satisfied [CONTEXT service_id=289 ]
07-10 22:46:15.886 15073 18753 I Finsky  : [162] nwu.ky(152): [ContentSync] finished, scheduled=false
07-10 22:46:15.888  3901  4196 W AiAiAutofill: Failed to set whitelist for augmented autofill service.
07-10 22:46:15.888  3901  4196 W AiAiAutofill: java.lang.SecurityException: caller is not user's Augmented Autofill Service
07-10 22:46:15.888  3901  4196 W AiAiAutofill: 	at android.view.autofill.AutofillManager.setAugmentedAutofillWhitelist(AutofillManager.java:2157)
07-10 22:46:15.888  3901  4196 W AiAiAutofill: 	at cnr.b(PG:6)
07-10 22:46:15.888  3901  4196 W AiAiAutofill: 	at coi.e(PG:8)
07-10 22:46:15.888  3901  4196 W AiAiAutofill: 	at coi.g(Unknown Source:3)
07-10 22:46:15.888  3901  4196 W AiAiAutofill: 	at coi.f(PG:2)
07-10 22:46:15.888  3901  4196 W AiAiAutofill: 	at coj.a(Unknown Source:2)
07-10 22:46:15.888  3901  4196 W AiAiAutofill: 	at enl.run(Unknown Source:60)
07-10 22:46:15.888  3901  4196 W AiAiAutofill: 	at eef.run(PG:2)
07-10 22:46:15.888  3901  4196 W AiAiAutofill: 	at java.util.concurrent.Executors$RunnableAdapter.call(Executors.java:462)
07-10 22:46:15.888  3901  4196 W AiAiAutofill: 	at java.util.concurrent.FutureTask.run(FutureTask.java:266)
07-10 22:46:15.888  3901  4196 W AiAiAutofill: 	at java.util.concurrent.ScheduledThreadPoolExecutor$ScheduledFutureTask.run(ScheduledThreadPoolExecutor.java:301)
07-10 22:46:15.888  3901  4196 W AiAiAutofill: 	at java.util.concurrent.ThreadPoolExecutor.runWorker(ThreadPoolExecutor.java:1167)
07-10 22:46:15.888  3901  4196 W AiAiAutofill: 	at java.util.concurrent.ThreadPoolExecutor$Worker.run(ThreadPoolExecutor.java:641)
07-10 22:46:15.888  3901  4196 W AiAiAutofill: 	at eex.run(PG:9)
07-10 22:46:15.888  3901  4196 W AiAiAutofill: 	at java.lang.Thread.run(Thread.java:920)
07-10 22:46:15.894 15073 18747 I Finsky  : [157] pud.accept(83): Wrote row to frosting DB: 342
07-10 22:46:15.895  1493  1570 W PackageManager: Failed registering loading progress callback. Package is fully loaded.
07-10 22:46:15.900 11258 19161 I Fitness : (REDACTED) OnPackageChangedOperation got intent: %s
07-10 22:46:15.901 19325 19325 D app_process: Time zone APEX ICU file found: /apex/com.android.tzdata/etc/icu/icu_tzdata.dat
07-10 22:46:15.901 19325 19325 D app_process: I18n APEX ICU file found: /apex/com.android.i18n/etc/icu/icudt68l.dat
07-10 22:46:15.902 15073 15073 I Finsky  : [2] amud.c(44): Do not start WearSupportService due to Wear service optimization
07-10 22:46:15.911 15073 15073 I Finsky  : [2] zkc.g(1): zkc - Received: android.intent.action.PACKAGE_CHANGED, [NCpE2tWFy5Mf3mKzP-AiMw79q7QdOuaST3Y36Qx0uyI]
07-10 22:46:15.914  3901  3901 I AiAiEcho: EchoSearch: AppFetcherImpl is initialized with [24] apps [time=9, reason=com.google.testing.helium.utp.android.companion.instrumentations.runtimestats is added]
07-10 22:46:15.917 19325 19325 D AndroidRuntime: Calling main entry com.android.commands.am.Am
07-10 22:46:15.921  1493  5360 I ActivityManager: Force stopping com.google.testing.helium.utp.android.companion.instrumentations.runtimestats appid=10232 user=0: start instr
07-10 22:46:15.923  1493  1563 D CompatibilityChangeReporter: Compat change id reported: 181136395; UID 10231; state: DISABLED
07-10 22:46:15.924  1493  1563 D CompatibilityChangeReporter: Compat change id reported: 174042936; UID 10231; state: DISABLED
07-10 22:46:15.925 15073 18747 I Finsky  : [157] pud.accept(83): Wrote row to frosting DB: 343
07-10 22:46:15.925  1493  5360 D CompatibilityChangeReporter: Compat change id reported: 135634846; UID 10232; state: DISABLED
07-10 22:46:15.925  1493  5360 D CompatibilityChangeReporter: Compat change id reported: 177438394; UID 10232; state: DISABLED
07-10 22:46:15.925  1493  5360 D CompatibilityChangeReporter: Compat change id reported: 135772972; UID 10232; state: DISABLED
07-10 22:46:15.925  1493  5360 D CompatibilityChangeReporter: Compat change id reported: 135754954; UID 10232; state: ENABLED
07-10 22:46:15.925  1493  1572 D CompatibilityChangeReporter: Compat change id reported: 143937733; UID 10232; state: ENABLED
07-10 22:46:15.941  3038  3038 E PhoneInterfaceManager: [PhoneIntfMgr] getCarrierPackageNamesForIntentAndPhone: No UICC
07-10 22:46:15.941  3038  3038 D CarrierSvcBindHelper: No carrier app for: 0
07-10 22:46:15.941  3038  3038 D ImsResolver: maybeAddedImsService, packageName: com.google.testing.helium.utp.android.companion.instrumentations.runtimestats
07-10 22:46:15.941   664   664 D Zygote  : Forked child process 19357
07-10 22:46:15.941  3038  3038 D CarrierConfigLoader: mHandler: EVENT_PACKAGE_CHANGED phoneId: 0
07-10 22:46:15.942  3038  3038 D ImsResolver: maybeAddedImsService, packageName: com.google.testing.helium.utp.android.companion.instrumentations.runtimestats
07-10 22:46:15.942  1493  1572 I ActivityManager: Start proc 19357:com.google.testing.helium.utp.android.companion.instrumentations.runtimestats/u0a232 for added application com.google.testing.helium.utp.android.companion.instrumentations.runtimestats
07-10 22:46:15.950 15073 18747 I Finsky  : [157] pud.accept(83): Wrote row to frosting DB: 344
07-10 22:46:15.953 19357 19357 I ns.runtimestat: Late-enabling -Xcheck:jni
07-10 22:46:15.955 11258 19161 I Fitness : (REDACTED) FitCleanupIntentOperation received Intent %s
07-10 22:46:15.968  1493  1507 I system_server: Background concurrent copying GC freed 280337(13MB) AllocSpace objects, 52(5332KB) LOS objects, 74% free, 32MB/128MB, paused 246us,127us total 185.194ms
07-10 22:46:15.969 13143 13162 W GmscoreIpa: Can't build MobileApplication indexable: URL too long intent:#Intent;action=android.intent.action.MAIN;category=android.intent.category.LAUNCHER;package=com.google.testing.helium.utp.android.companion.instrumentations.runtimestats;component=com.google.testing.helium.utp.android.companion.instrumentations.runtimestats/com.google.testing.helium.utp.android.companion.activities.BlankActivity;end [CONTEXT service_id=255 ]
07-10 22:46:15.970  1493  1509 W System  : A resource failed to call close. 
07-10 22:46:15.971  1493  1509 W System  : A resource failed to call release. 
07-10 22:46:15.986  3721  3733 I adbd    : jdwp connection from 19357
07-10 22:46:15.999 13143 13162 W GmscoreIpa: Can't build MobileApplication indexable: URL too long intent:#Intent;action=android.intent.action.MAIN;category=android.intent.category.LAUNCHER;package=com.google.testing.helium.utp.android.companion.instrumentations.runtimestats;component=com.google.testing.helium.utp.android.companion.instrumentations.runtimestats/com.google.testing.helium.utp.android.companion.activities.BlankActivity;end [CONTEXT service_id=255 ]
07-10 22:46:16.001 13143 13162 I Icing   : Indexing com.google.android.gms-apps from com.google.android.gms
07-10 22:46:16.016 11258 19161 I Fitness : (REDACTED) OnPackageChangedOperation got intent: %s
07-10 22:46:16.023 19357 19357 D CompatibilityChangeReporter: Compat change id reported: 171979766; UID 10232; state: ENABLED
07-10 22:46:16.038 13143 13162 I Icing   : Indexing done com.google.android.gms-apps
07-10 22:46:16.041 11258 18790 I Fitness : (REDACTED) FitCleanupIntentOperation received Intent %s
07-10 22:46:16.045 13143 13162 I Icing   : Indexing com.google.android.gms-apps from com.google.android.gms
07-10 22:46:16.046 13143 13162 I Icing   : Indexing done com.google.android.gms-apps
07-10 22:46:16.057 13143 13176 W GmscoreIpa: Can't build MobileApplication indexable: URL too long intent:#Intent;action=android.intent.action.MAIN;category=android.intent.category.LAUNCHER;package=com.google.testing.helium.utp.android.companion.instrumentations.runtimestats;component=com.google.testing.helium.utp.android.companion.instrumentations.runtimestats/com.google.testing.helium.utp.android.companion.activities.BlankActivity;end [CONTEXT service_id=255 ]
07-10 22:46:16.066 13143 13176 I Icing   : Indexing com.google.android.gms-apps from com.google.android.gms
07-10 22:46:16.069 13143 13176 I Icing   : Indexing done com.google.android.gms-apps
07-10 22:46:16.105 19357 19357 V GraphicsEnvironment: ANGLE Developer option for 'com.google.testing.helium.utp.android.companion.instrumentations.runtimestats' set to: 'default'
07-10 22:46:16.106 19357 19357 V GraphicsEnvironment: ANGLE GameManagerService for com.google.testing.helium.utp.android.companion.instrumentations.runtimestats: false
07-10 22:46:16.106 19357 19357 V GraphicsEnvironment: Neither updatable production driver nor prerelease driver is supported.
07-10 22:46:16.110 19357 19357 D NetworkSecurityConfig: No Network Security Config specified, using platform default
07-10 22:46:16.111 19357 19357 D NetworkSecurityConfig: No Network Security Config specified, using platform default
07-10 22:46:16.142 19357 19357 D Companion: Instrumentation completed successfully
07-10 22:46:16.142  1493  5361 I ActivityManager: Force stopping com.google.testing.helium.utp.android.companion.instrumentations.runtimestats appid=10232 user=0: finished inst
07-10 22:46:16.143  1493  5361 I ActivityManager: Killing 19357:com.google.testing.helium.utp.android.companion.instrumentations.runtimestats/u0a232 (adj 0): stop com.google.testing.helium.utp.android.companion.instrumentations.runtimestats due to finished inst
07-10 22:46:16.144 19325 19325 D AndroidRuntime: Shutting down VM
07-10 22:46:16.148  1493  1573 I libprocessgroup: Successfully killed process cgroup uid 10232 pid 19357 in 5ms
07-10 22:46:16.155  1493  3942 V ActivityManager: Got obituary of 19357:com.google.testing.helium.utp.android.companion.instrumentations.runtimestats
07-10 22:46:16.156   664   664 I Zygote  : Process 19357 exited due to signal 9 (Killed)
07-10 22:46:16.243  3979 13626 W A       : Candidate identifiers aren't set, ignoring.
07-10 22:46:16.243  3979 13626 W A       : Candidate identifiers aren't set, ignoring.
07-10 22:46:16.987  1493 19210 I ActivityManager: Failure reporting to instrumentation watcher: comp=ComponentInfo{com.google.testing.helium.utp.android.companion.instrumentations.runtimestats/com.google.testing.helium.utp.android.companion.instrumentations.runtimestats.GetRuntimeStats} results=Bundle[mParcelledData.dataSize=832]
07-10 22:46:17.285 19386 19386 D AndroidRuntime: >>>>>> START com.android.internal.os.RuntimeInit uid 2000 <<<<<<
07-10 22:46:17.288 19386 19386 I AndroidRuntime: Using default boot image
07-10 22:46:17.288 19386 19386 I AndroidRuntime: Leaving lock profiling enabled
07-10 22:46:17.288 19386 19386 W libc    : Access denied finding property "odsign.verification.success"
07-10 22:46:17.285 19386 19386 W app_process: type=1400 audit(0.0:170): avc: denied { read } for name="u:object_r:odsign_prop:s0" dev="tmpfs" ino=234 scontext=u:r:shell:s0 tcontext=u:object_r:odsign_prop:s0 tclass=file permissive=0
07-10 22:46:17.290 19386 19386 W app_process: ART APEX data files are untrusted.
07-10 22:46:17.342 19386 19386 D app_process: Time zone APEX ICU file found: /apex/com.android.tzdata/etc/icu/icu_tzdata.dat
07-10 22:46:17.342 19386 19386 D app_process: I18n APEX ICU file found: /apex/com.android.i18n/etc/icu/icudt68l.dat
07-10 22:46:17.357 19386 19386 D AndroidRuntime: Calling main entry com.android.commands.am.Am
07-10 22:46:17.360  1493  5357 I ActivityManager: Force stopping com.google.android.apps.mtaas.loginutil appid=10219 user=0: start instr
07-10 22:46:17.363  1493  5357 D CompatibilityChangeReporter: Compat change id reported: 135634846; UID 10219; state: DISABLED
07-10 22:46:17.363  1493  5357 D CompatibilityChangeReporter: Compat change id reported: 177438394; UID 10219; state: DISABLED
07-10 22:46:17.364  1493  5357 D CompatibilityChangeReporter: Compat change id reported: 135772972; UID 10219; state: DISABLED
07-10 22:46:17.364  1493  5357 D CompatibilityChangeReporter: Compat change id reported: 135754954; UID 10219; state: DISABLED
07-10 22:46:17.364  1493  1572 D CompatibilityChangeReporter: Compat change id reported: 143937733; UID 10219; state: DISABLED
07-10 22:46:17.375   664   664 D Zygote  : Forked child process 19400
07-10 22:46:17.376  1493  1572 I ActivityManager: Start proc 19400:com.google.android.apps.mtaas.loginutil/u0a219 for added application com.google.android.apps.mtaas.loginutil
07-10 22:46:17.378 19400 19400 I libc    : SetHeapTaggingLevel: tag level set to 0
07-10 22:46:17.383 19400 19400 E mtaas.loginuti: Not starting debugger since process cannot load the jdwp agent.
07-10 22:46:17.391 19400 19400 D CompatibilityChangeReporter: Compat change id reported: 171979766; UID 10219; state: DISABLED
07-10 22:46:17.395 19400 19400 D ApplicationLoaders: Returning zygote-cached class loader: /system/framework/android.test.base.jar
07-10 22:46:17.405 19400 19400 V GraphicsEnvironment: ANGLE Developer option for 'com.google.android.apps.mtaas.loginutil' set to: 'default'
07-10 22:46:17.405 19400 19400 V GraphicsEnvironment: ANGLE GameManagerService for com.google.android.apps.mtaas.loginutil: false
07-10 22:46:17.405 19400 19400 V GraphicsEnvironment: Neither updatable production driver nor prerelease driver is supported.
07-10 22:46:17.407 19400 19400 D NetworkSecurityConfig: No Network Security Config specified, using platform default
07-10 22:46:17.407 19400 19400 D NetworkSecurityConfig: No Network Security Config specified, using platform default
07-10 22:46:17.408 19400 19416 I LoginUtil: onStart
07-10 22:46:17.408 19400 19416 I LoginUtil: Checking for Internet
07-10 22:46:17.477 19400 19416 I LoginUtil: Connected to Internet
07-10 22:46:17.488 19400 19416 I LoginUtil: Adding Account {name=OR5EOSEQLZFJX2O3VOQHS4Z6Q4-00@cloudtestlabaccounts.com, type=com.google}
07-10 22:46:17.499  1493  5357 D CompatibilityChangeReporter: Compat change id reported: 135634846; UID 10221; state: DISABLED
07-10 22:46:17.499  1493  5357 D CompatibilityChangeReporter: Compat change id reported: 177438394; UID 10221; state: DISABLED
07-10 22:46:17.500  1493  5357 D CompatibilityChangeReporter: Compat change id reported: 135772972; UID 10221; state: DISABLED
07-10 22:46:17.500  1493  5357 D CompatibilityChangeReporter: Compat change id reported: 135754954; UID 10221; state: DISABLED
07-10 22:46:17.502  1493  1572 D CompatibilityChangeReporter: Compat change id reported: 143937733; UID 10221; state: DISABLED
07-10 22:46:17.519   664   664 D Zygote  : Forked child process 19420
07-10 22:46:17.520  1493  1572 I ActivityManager: Start proc 19420:com.google.android.apps.auth.test.support/u0a221 for service {com.google.android.apps.auth.test.support/com.google.android.apps.auth.test.support.services.AccountService}
07-10 22:46:17.529 19420 19420 I libc    : SetHeapTaggingLevel: tag level set to 0
07-10 22:46:17.541 19420 19420 E th.test.suppor: Not starting debugger since process cannot load the jdwp agent.
07-10 22:46:17.557 19420 19420 D CompatibilityChangeReporter: Compat change id reported: 171979766; UID 10221; state: DISABLED
07-10 22:46:17.563 19420 19420 D ApplicationLoaders: Returning zygote-cached class loader: /system/framework/android.test.base.jar
07-10 22:46:17.584 19420 19420 V GraphicsEnvironment: ANGLE Developer option for 'com.google.android.apps.auth.test.support' set to: 'default'
07-10 22:46:17.585 19420 19420 V GraphicsEnvironment: ANGLE GameManagerService for com.google.android.apps.auth.test.support: false
07-10 22:46:17.585 19420 19420 V GraphicsEnvironment: Neither updatable production driver nor prerelease driver is supported.
07-10 22:46:17.586 19420 19420 D NetworkSecurityConfig: Using Network Security Config from resource network_security_config debugBuild: false
07-10 22:46:17.588 19420 19420 D NetworkSecurityConfig: Using Network Security Config from resource network_security_config debugBuild: false
07-10 22:46:17.604  1493  5357 D CompatibilityChangeReporter: Compat change id reported: 135634846; UID 10227; state: DISABLED
07-10 22:46:17.605  1493  5357 D CompatibilityChangeReporter: Compat change id reported: 177438394; UID 10227; state: DISABLED
07-10 22:46:17.605  1493  5357 D CompatibilityChangeReporter: Compat change id reported: 135772972; UID 10227; state: DISABLED
07-10 22:46:17.606  1493  5357 D CompatibilityChangeReporter: Compat change id reported: 135754954; UID 10227; state: ENABLED
07-10 22:46:17.607  1493  1572 D CompatibilityChangeReporter: Compat change id reported: 143937733; UID 10227; state: ENABLED
07-10 22:46:17.632   664   664 D Zygote  : Forked child process 19436
07-10 22:46:17.633  1493  1572 I ActivityManager: Start proc 19436:androidx.test.services/u0a227 for content provider {androidx.test.services/androidx.test.services.storage.provider.TestArgsContentProvider}
07-10 22:46:17.652 19436 19436 I x.test.service: Late-enabling -Xcheck:jni
07-10 22:46:17.682  3721  3733 I adbd    : jdwp connection from 19436
07-10 22:46:17.709 19436 19436 D CompatibilityChangeReporter: Compat change id reported: 171979766; UID 10227; state: DISABLED
07-10 22:46:17.728 19436 19436 V GraphicsEnvironment: ANGLE Developer option for 'androidx.test.services' set to: 'default'
07-10 22:46:17.729 19436 19436 V GraphicsEnvironment: ANGLE GameManagerService for androidx.test.services: false
07-10 22:46:17.729 19436 19436 V GraphicsEnvironment: Neither updatable production driver nor prerelease driver is supported.
07-10 22:46:17.730 19436 19436 D NetworkSecurityConfig: No Network Security Config specified, using platform default
07-10 22:46:17.731 19436 19436 D NetworkSecurityConfig: No Network Security Config specified, using platform default
07-10 22:46:17.743  1493  5361 D CompatibilityChangeReporter: Compat change id reported: 149924527; UID 10227; state: ENABLED
07-10 22:46:17.744  1493  5361 D CompatibilityChangeReporter: Compat change id reported: 132649864; UID 10227; state: DISABLED
07-10 22:46:17.788 19420 19420 I TestConfiguration: Unable to parse host and port.
07-10 22:46:17.789 19420 19420 I TestConfiguration: Parsing fst client id: null
07-10 22:46:17.789 19420 19420 I TestConfiguration: Unable to parse host and port.
07-10 22:46:17.789 19420 19420 I TestConfiguration: Parsing fst client id: null
07-10 22:46:17.795 19420 19434 I AccountHelper: or5eoseqlzfjx2o3voqhs4z6q4-00 is not present on the device. 
07-10 22:46:17.795 19420 19434 I EnsureAccountAvailabili: Account 'or5eoseqlzfjx2o3voqhs4z6q4-00' is not available in the device. Creating AddAccountOperation
07-10 22:46:17.796 19420 19434 I AddAccountOperation: Call GmsCore API.
07-10 22:46:17.808  1493  5357 W ProcessStats: Tracking association SourceState{2122a24 com.google.android.euicc/10134 BTopFgs #20508} whose proc state 2 is better than process ProcessState{66b198d com.google.android.gms.persistent/10141 pkg=com.google.android.gms (sub)} proc state 3 (0 skipped)
07-10 22:46:17.863 11258 12543 I Auth    : [BaseGetTokenFromAuthCodeOperation] Initializing sign-in [CONTEXT service_id=153 ]
07-10 22:46:17.881  1493  5361 D CompatibilityChangeReporter: Compat change id reported: 135634846; UID 10141; state: DISABLED
07-10 22:46:17.882  1493  5361 D CompatibilityChangeReporter: Compat change id reported: 177438394; UID 10141; state: DISABLED
07-10 22:46:17.883  1493  5361 D CompatibilityChangeReporter: Compat change id reported: 135772972; UID 10141; state: DISABLED
07-10 22:46:17.883  1493  5361 D CompatibilityChangeReporter: Compat change id reported: 135754954; UID 10141; state: ENABLED
07-10 22:46:17.884  1493  1572 D CompatibilityChangeReporter: Compat change id reported: 143937733; UID 10141; state: ENABLED
07-10 22:46:17.914   664   664 D Zygote  : Forked child process 19454
07-10 22:46:17.915  1493  1572 I ActivityManager: Start proc 19454:com.google.android.gms.unstable/u0a141 for service {com.google.android.gms/com.google.android.gms.droidguard.DroidGuardService}
07-10 22:46:17.935 19454 19454 E id.gms.unstabl: Not starting debugger since process cannot load the jdwp agent.
07-10 22:46:17.957 19454 19454 D CompatibilityChangeReporter: Compat change id reported: 171979766; UID 10141; state: ENABLED
07-10 22:46:17.990 19454 19454 V GraphicsEnvironment: ANGLE Developer option for 'com.google.android.gms' set to: 'default'
07-10 22:46:17.991 19454 19454 V GraphicsEnvironment: ANGLE GameManagerService for com.google.android.gms: false
07-10 22:46:17.991 19454 19454 V GraphicsEnvironment: Neither updatable production driver nor prerelease driver is supported.
07-10 22:46:17.991 19454 19454 D NetworkSecurityConfig: Using Network Security Config from resource network_security_config debugBuild: false
07-10 22:46:17.992 19454 19454 D NetworkSecurityConfig: Using Network Security Config from resource network_security_config debugBuild: false
07-10 22:46:18.028 19454 19454 W ProviderHelper: Unknown dynamite feature providerinstaller.dynamite
07-10 22:46:18.028 19454 19454 I DynamiteModule: Considering local module com.google.android.gms.providerinstaller.dynamite:1 and remote module com.google.android.gms.providerinstaller.dynamite:0
07-10 22:46:18.028 19454 19454 I DynamiteModule: Selected local version of com.google.android.gms.providerinstaller.dynamite
07-10 22:46:18.032 19454 19454 V NativeCrypto: Registering com/google/android/gms/org/conscrypt/NativeCrypto's 305 native methods...
07-10 22:46:18.044 19454 19454 I ProviderInstaller: Installed default security provider GmsCore_OpenSSL
07-10 22:46:18.056 19454 19483 I Watchcat: Started
07-10 22:46:18.058 19454 19483 I GMS_MM_Logger: (REDACTED) Start time: %s
07-10 22:46:18.059 19454 19454 W ebcf    : Primes not initialized, returning default (no-op) Primes instance which will ignore all calls. Please call Primes.initialize(...) before using any Primes API.
07-10 22:46:18.059 19454 19483 I GMS_MM_Logger: Started.
07-10 22:46:18.074 19454 19468 I DynamiteModule: Considering local module com.google.android.gms.googlecertificates:7 and remote module com.google.android.gms.googlecertificates:7
07-10 22:46:18.074 19454 19468 I DynamiteModule: Selected local version of com.google.android.gms.googlecertificates
07-10 22:46:18.179  3038  3547 D TelephonyProvider: Using old permission behavior for telephony provider compat
07-10 22:46:18.204 13143 13143 D BoundBrokerSvc: onBind: Intent { act=com.google.android.gms.checkin.START pkg=com.google.android.gms }
07-10 22:46:18.204 13143 13143 D BoundBrokerSvc: Loading bound service for intent: Intent { act=com.google.android.gms.checkin.START pkg=com.google.android.gms }
07-10 22:46:18.208 13143 15511 I Checkin : [CheckinApiChimeraService] onGetService
07-10 22:46:18.279 11258 12543 I Auth    : [BaseGetTokenFromAuthCodeOperation] Fetching token from auth code with GMS network stack. [CONTEXT service_id=153 ]
07-10 22:46:18.514 13143 13143 D BoundBrokerSvc: onUnbind: Intent { act=com.google.android.gms.feedback.internal.IFeedbackService dat=chimera-action: cmp=com.google.android.gms/.chimera.GmsBoundBrokerService }
07-10 22:46:18.525 11258 11258 D BoundBrokerSvc: onUnbind: Intent { act=com.google.android.gms.icing.LIGHTWEIGHT_INDEX_SERVICE dat=chimera-action: cmp=com.google.android.gms/.chimera.PersistentApiService }
07-10 22:46:18.666 11258 12543 I Auth    : [AddAccountOperation] Handling AddAccountResponse. [CONTEXT service_id=153 ]
07-10 22:46:18.667 11258 12543 I Auth    : (REDACTED) [AddAccountOperation] possible Seed account with hasUsername=%s 
07-10 22:46:18.701 11258 15030 I Auth    : [AddAccountOperation] successfully updated accountname and gaia id to db [CONTEXT service_id=153 ]
07-10 22:46:18.716 11258 12543 I Auth    : (REDACTED) [AddAccountHelper] Adding account with %d allowlisted packages
07-10 22:46:18.738  1493  3477 D AccountManagerService: Visibility was not initialized
07-10 22:46:18.778  1493  3477 I AccountManagerService: the accounts changed, sending broadcast of android.accounts.LOGIN_ACCOUNTS_CHANGED
07-10 22:46:18.794 15073 15073 I Finsky  : [2] plh.j(27): ApplicationRestrictions: {}
07-10 22:46:18.795  1493  1571 D CompatibilityChangeReporter: Compat change id reported: 168419799; UID 10167; state: DISABLED
07-10 22:46:18.796 11258 12543 I Auth    : [AddAccountHelper] Account added successfully to AccountManager [CONTEXT service_id=343 ]
07-10 22:46:18.803  1493  3942 D CompatibilityChangeReporter: Compat change id reported: 168419799; UID 10161; state: DISABLED
07-10 22:46:18.808  3552 19496 I ContactsProvider: Accounts changed
07-10 22:46:18.811  1493  3946 I AccountManagerService: the accounts changed, sending broadcast of android.accounts.LOGIN_ACCOUNTS_CHANGED
07-10 22:46:18.817 13143 13176 I Icing   : doRemovePackageData com.google.android.videos
07-10 22:46:18.825 13143 13176 I Icing   : updateResources: need to parse bfgz{com.google.android.gm}
07-10 22:46:18.830  1493  2668 D CompatibilityChangeReporter: Compat change id reported: 135634846; UID 10183; state: DISABLED
07-10 22:46:18.830  1493  2668 D CompatibilityChangeReporter: Compat change id reported: 177438394; UID 10183; state: DISABLED
07-10 22:46:18.830  1493  2668 D CompatibilityChangeReporter: Compat change id reported: 135772972; UID 10183; state: DISABLED
07-10 22:46:18.830  1493  2668 D CompatibilityChangeReporter: Compat change id reported: 135754954; UID 10183; state: ENABLED
07-10 22:46:18.830  1493  1572 D CompatibilityChangeReporter: Compat change id reported: 143937733; UID 10183; state: ENABLED
07-10 22:46:18.847 13143 13176 W Icing   : Package com.google.android.gm Corpus messages/com.google/OR5EOSEQLZFJX2O3VOQHS4Z6Q4-00%40cloudtestlabaccounts.com Version 1 failed appdatasearch-corpus-whitelist
07-10 22:46:18.850   664   664 D Zygote  : Forked child process 19500
07-10 22:46:18.852 13143 13176 I Icing   : updateResources: need to parse bfgz{com.google.android.gms}
07-10 22:46:18.856  1493  1572 I ActivityManager: Start proc 19500:com.google.android.gm/u0a183 for service {com.google.android.gm/com.google.android.gm.provider.MailSyncAdapterService}
07-10 22:46:18.856 11258 11258 D BoundBrokerSvc: onBind: Intent { act=com.google.android.gms.auth.account.workaccount.START dat=chimera-action: cmp=com.google.android.gms/.chimera.PersistentApiService }
07-10 22:46:18.856 11258 11258 D BoundBrokerSvc: Loading bound service for intent: Intent { act=com.google.android.gms.auth.account.workaccount.START dat=chimera-action: cmp=com.google.android.gms/.chimera.PersistentApiService }
07-10 22:46:18.867  3552 19496 I ContactsProvider: Accounts changed
07-10 22:46:18.870 19500 19500 E ogle.android.g: Not starting debugger since process cannot load the jdwp agent.
07-10 22:46:18.873  1493  5361 D CompatibilityChangeReporter: Compat change id reported: 135634846; UID 10156; state: DISABLED
07-10 22:46:18.873  1493  5361 D CompatibilityChangeReporter: Compat change id reported: 177438394; UID 10156; state: DISABLED
07-10 22:46:18.873  1493  5361 D CompatibilityChangeReporter: Compat change id reported: 135772972; UID 10156; state: DISABLED
07-10 22:46:18.873  1493  5361 D CompatibilityChangeReporter: Compat change id reported: 135754954; UID 10156; state: ENABLED
07-10 22:46:18.874  1493  1572 D CompatibilityChangeReporter: Compat change id reported: 143937733; UID 10156; state: ENABLED
07-10 22:46:18.879 13143 13176 I Icing   : doRemovePackageData com.google.android.videos
07-10 22:46:18.884 13143 13176 I Icing   : updateResources: need to parse bfgz{com.google.android.gms}
07-10 22:46:18.891   664   664 D Zygote  : Forked child process 19516
07-10 22:46:18.892 19500 19500 D CompatibilityChangeReporter: Compat change id reported: 171979766; UID 10183; state: DISABLED
07-10 22:46:18.895 11258 12543 I Auth    : [BroadcastManager] [BroadcastManager] Broadcasting account services changed. [CONTEXT service_id=343 ]
07-10 22:46:18.900  1493  1572 I ActivityManager: Start proc 19516:com.google.android.apps.maps/u0a156 for broadcast {com.google.android.apps.maps/com.google.android.apps.gmm.cloudmessage.chime.ChimeCloudMessageReceiver}
07-10 22:46:18.901 19500 19500 D nativeloader: classloader namespace configured for unbundled product apk. library_path=/product/app/PrebuiltGmail/lib/arm64:/product/app/PrebuiltGmail/PrebuiltGmail.apk!/lib/arm64-v8a:/product/lib64:/system/product/lib64
07-10 22:46:18.902  3038  3547 D TelephonyProvider: Using old permission behavior for telephony provider compat
07-10 22:46:18.911 19516 19516 E droid.apps.map: Not starting debugger since process cannot load the jdwp agent.
07-10 22:46:18.912 19500 19500 V GraphicsEnvironment: ANGLE Developer option for 'com.google.android.gm' set to: 'default'
07-10 22:46:18.913 19500 19500 V GraphicsEnvironment: ANGLE GameManagerService for com.google.android.gm: false
07-10 22:46:18.913 19500 19500 V GraphicsEnvironment: Neither updatable production driver nor prerelease driver is supported.
07-10 22:46:18.917 11258 12543 I Auth    : [AuthAccountManager] Account added successfully. [CONTEXT service_id=343 ]
07-10 22:46:18.918 19500 19500 D NetworkSecurityConfig: Using Network Security Config from resource network_security_config debugBuild: false
07-10 22:46:18.919 19500 19500 D NetworkSecurityConfig: Using Network Security Config from resource network_security_config debugBuild: false
07-10 22:46:18.920  1493  2668 D CompatibilityChangeReporter: Compat change id reported: 135634846; UID 10182; state: DISABLED
07-10 22:46:18.920  1493  2668 D CompatibilityChangeReporter: Compat change id reported: 177438394; UID 10182; state: DISABLED
07-10 22:46:18.920  1493  2668 D CompatibilityChangeReporter: Compat change id reported: 135772972; UID 10182; state: DISABLED
07-10 22:46:18.920  1493  2668 D CompatibilityChangeReporter: Compat change id reported: 135754954; UID 10182; state: ENABLED
07-10 22:46:18.920  1493  1572 D CompatibilityChangeReporter: Compat change id reported: 143937733; UID 10182; state: ENABLED
07-10 22:46:18.921  1493  5361 D CompatibilityChangeReporter: Compat change id reported: 168419799; UID 10156; state: DISABLED
07-10 22:46:18.932 11258 12543 I Auth    : [AddAccountOperation] Finished adding account. [CONTEXT service_id=153 ]
07-10 22:46:18.936 11258 12543 I Auth    : [AddAccountOperation] Add account completed successfully [CONTEXT service_id=153 ]
07-10 22:46:18.940 19420 19434 I AddAccountOperation: Succeeded.
07-10 22:46:18.946 19516 19516 D CompatibilityChangeReporter: Compat change id reported: 171979766; UID 10156; state: ENABLED
07-10 22:46:18.951   664   664 D Zygote  : Forked child process 19533
07-10 22:46:18.957  1493  1572 I ActivityManager: Start proc 19533:com.google.android.calendar/u0a182 for service {com.google.android.calendar/com.google.android.apps.calendar.vagabond.tasks.impl.sync.PlatformSync$SyncService}
07-10 22:46:18.961 19533 19533 E ndroid.calenda: Not starting debugger since process cannot load the jdwp agent.
07-10 22:46:18.970 19533 19533 D CompatibilityChangeReporter: Compat change id reported: 171979766; UID 10182; state: DISABLED
07-10 22:46:18.972  1493  5361 I AccountManagerService: the accounts changed, sending broadcast of android.accounts.LOGIN_ACCOUNTS_CHANGED
07-10 22:46:18.980 19533 19533 D nativeloader: classloader namespace configured for unbundled product apk. library_path=/product/app/CalendarGooglePrebuilt/lib/arm64:/product/lib64:/system/product/lib64
07-10 22:46:18.985 19420 19434 I AccountHelper: Set isSyncable to false for account: or5eoseqlzfjx2o3voqhs4z6q4-00, authorities: [com.google.android.gms.people, com.google.android.calendar.tasks, com.android.contacts, com.google.android.gms.games.background, subscribedfeeds, com.google.android.calendar, com.google.android.location.reporting, com.android.calendar, com.google.android.gms.subscribedfeeds, com.google.android.apps.docs, com.google.android.gms.reminders, com.google.android.gms.fitness, com.google.android.gms.chromesync, com.google.android.gms.games, gmail-ls]
07-10 22:46:18.989 19533 19533 V GraphicsEnvironment: ANGLE Developer option for 'com.google.android.calendar' set to: 'default'
07-10 22:46:18.989 19533 19533 V GraphicsEnvironment: ANGLE GameManagerService for com.google.android.calendar: false
07-10 22:46:18.990 19533 19533 V GraphicsEnvironment: Neither updatable production driver nor prerelease driver is supported.
07-10 22:46:18.990 19533 19533 D NetworkSecurityConfig: No Network Security Config specified, using platform default
07-10 22:46:18.991 19533 19533 D NetworkSecurityConfig: No Network Security Config specified, using platform default
07-10 22:46:18.992 19516 19516 D nativeloader: classloader namespace configured for unbundled product apk. library_path=/product/app/Maps/lib/arm64:/product/app/Maps/Maps.apk!/lib/arm64-v8a:/product/lib64:/system/product/lib64
07-10 22:46:19.000 19420 19434 I AccountHelper: Set auto sync to false for account: or5eoseqlzfjx2o3voqhs4z6q4-00, authorities: [com.google.android.gms.people, com.google.android.calendar.tasks, com.android.contacts, com.google.android.gms.games.background, subscribedfeeds, com.google.android.calendar, com.google.android.location.reporting, com.android.calendar, com.google.android.gms.subscribedfeeds, com.google.android.apps.docs, com.google.android.gms.reminders, com.google.android.gms.fitness, com.google.android.gms.chromesync, com.google.android.gms.games, gmail-ls]
07-10 22:46:19.001 19420 19434 I AccountService: Execution time for add account with authorization code, options: Bundle[{}] is 1208 ms.
07-10 22:46:19.001 19420 19434 I AccountService: Successfully added account with supplied credentials.
07-10 22:46:19.005 19436 19451 I AbstractFileContentProvider: file '/storage/emulated/0/googletest/test_exportproperties/properties.dat': not found
07-10 22:46:19.007  1493  2668 E SyncManager: Couldn't find backoff values for Account {name=xxxxxxxxxxxxxxxxxxxxxxxxxx-xx@xxxxxxxxxxxxxxxxxxxx.xxx, type=com.google}/com.android.contacts:u0
07-10 22:46:19.008 19516 19516 V GraphicsEnvironment: ANGLE Developer option for 'com.google.android.apps.maps' set to: 'default'
07-10 22:46:19.009 19436 19451 I AbstractFileContentProvider: /storage/emulated/0/googletest/test_exportproperties/properties.dat: does not exist. Mapped from uri: 'content://androidx.test.services.storage.properties/properties.dat'
07-10 22:46:19.009 19516 19516 V GraphicsEnvironment: ANGLE GameManagerService for com.google.android.apps.maps: false
07-10 22:46:19.009 19516 19516 V GraphicsEnvironment: Neither updatable production driver nor prerelease driver is supported.
07-10 22:46:19.010 19420 19434 I TestStorage: content://androidx.test.services.storage.properties/properties.dat: does not exist, we must be the first call.
07-10 22:46:19.010 19516 19516 D NetworkSecurityConfig: No Network Security Config specified, using platform default
07-10 22:46:19.011 19516 19516 D NetworkSecurityConfig: No Network Security Config specified, using platform default
