07-10 22:46:19.547 19500 19727 D StrictMode: 	at android.os.Binder.execTransact(Binder.java:1143)
07-10 22:46:19.547 19500 19727 D StrictMode: # via Binder call with stack:
07-10 22:46:19.547 19500 19727 D StrictMode: 	at android.os.StrictMode.readAndHandleBinderCallViolations(StrictMode.java:2497)
07-10 22:46:19.547 19500 19727 D StrictMode: 	at android.os.Parcel.readExceptionCode(Parcel.java:2370)
07-10 22:46:19.547 19500 19727 D StrictMode: 	at android.os.Parcel.readException(Parcel.java:2331)
07-10 22:46:19.547 19500 19727 D StrictMode: 	at guh.s(PG:2)
07-10 22:46:19.547 19500 19727 D StrictMode: 	at dgx.run(PG:22)
07-10 22:46:19.547 19500 19727 D StrictMode: 	at vfy.run(PG:4)
07-10 22:46:19.547 19500 19727 D StrictMode: 	at java.util.concurrent.ThreadPoolExecutor.runWorker(ThreadPoolExecutor.java:1167)
07-10 22:46:19.547 19500 19727 D StrictMode: 	at java.util.concurrent.ThreadPoolExecutor$Worker.run(ThreadPoolExecutor.java:641)
07-10 22:46:19.547 19500 19727 D StrictMode: 	at vfn.run(Unknown Source:7)
07-10 22:46:19.547 19500 19727 D StrictMode: 	at vfi.run(Unknown Source:7)
07-10 22:46:19.547 19500 19727 D StrictMode: 	at java.lang.Thread.run(Thread.java:920)
07-10 22:46:19.548 13143 19736 I DynamiteModule: Considering local module com.google.android.gms.googlecertificates:7 and remote module com.google.android.gms.googlecertificates:7
07-10 22:46:19.548 13143 19736 I DynamiteModule: Selected local version of com.google.android.gms.googlecertificates
07-10 22:46:19.550 11258 11258 D BoundBrokerSvc: onBind: Intent { act=com.google.android.gms.herrevad.services.LightweightNetworkQualityAndroidService.START pkg=com.google.android.gms }
07-10 22:46:19.550 11258 11258 D BoundBrokerSvc: Loading bound service for intent: Intent { act=com.google.android.gms.herrevad.services.LightweightNetworkQualityAndroidService.START pkg=com.google.android.gms }
07-10 22:46:19.550 13143 19736 I PlayGamesServices[GamesSyncAdapter]: Starting sync for ded67555
07-10 22:46:19.550 11258 11258 I BndSvcConfigHelper: No bound-service is registered for action: com.google.android.gms.herrevad.services.LightweightNetworkQualityAndroidService.START
07-10 22:46:19.550 11258 11258 I BoundBrokerSvc: Bound service not available for: Intent { act=com.google.android.gms.herrevad.services.LightweightNetworkQualityAndroidService.START pkg=com.google.android.gms }
07-10 22:46:19.550 11258 11258 I GmsApiChimeraSvc: Handling missing api service for: com.google.android.gms.herrevad.services.LightweightNetworkQualityAndroidService.START
07-10 22:46:19.563 13143 19736 I PlayGamesServices[GamesSyncAdapter]: Sync duration for ded67555: 12
07-10 22:46:19.583 13143 13143 D BoundBrokerSvc: onBind: Intent { act=com.google.android.gms.people.service.START pkg=com.google.android.gms }
07-10 22:46:19.583 13143 13143 D BoundBrokerSvc: Loading bound service for intent: Intent { act=com.google.android.gms.people.service.START pkg=com.google.android.gms }
07-10 22:46:19.597 13143 19743 I PlayGamesServices[GamesSyncAdapter]: Starting sync for ded67555
07-10 22:46:19.597 13143 13143 W m.pbh   : Primes not initialized, returning default (no-op) Primes instance which will ignore all calls. Please call Primes.initialize(...) before using any Primes API.
07-10 22:46:19.597 13143 19743 I PlayGamesServices[GamesSyncAdapter]: Sync duration for ded67555: 1
07-10 22:46:19.612 13143 14969 W GoogleCertificates: GoogleCertificates has been initialized already
07-10 22:46:19.625 13143 15509 I PeopleChimeraService: onService. callbacks = boez@1914492, request = com.google.android.gms.common.internal.GetServiceRequest@8aade63
07-10 22:46:19.629 13143 14969 I GetServiceValidatorImpl: (REDACTED) onGetService() from Client SDK version [%s], Module version [%s], PGA version [%s], Account [%s], Calling package [%s], Game package [%s]
07-10 22:46:19.630 11258 12371 I GmsApiChimeraSvc: Using MissingApiServiceBroker for com.google.android.gms.herrevad.services.LightweightNetworkQualityAndroidService.START due to missing BoundService implementation
07-10 22:46:19.631 13143 14969 W GetGamesServiceReqFacto: Parsing request with ignored arguments. signInOptionsBundle [Bundle[{com.google.android.gms.signin.internal.serverClientId=null, com.google.android.gms.signin.internal.usePromptModeForAuthCode=true, com.google.android.gms.signin.internal.logSessionId=null, com.google.android.gms.signin.internal.hostedDomain=null, com.google.android.gms.signin.internal.offlineAccessRequested=false, com.google.android.gms.signin.internal.waitForAccessTokenRefresh=false, com.google.android.gms.signin.internal.clientRequestedAccount=Account {name=<<default account>>, type=com.google}, com.google.android.gms.signin.internal.idTokenRequested=false, com.google.android.gms.signin.internal.forceCodeForRefreshToken=false}]], isRetryingSignIn [false], skipWelcomePopup [false], requireGooglePlus [false]
07-10 22:46:19.631 13143 14969 I GetGamesServiceReqFacto: Replacing request for `games` scope with `games_lite`
07-10 22:46:19.638 11258 17962 I dtxw    : (REDACTED) Writing data for these Geller corpora: %s
07-10 22:46:19.638 11258 17962 I dtxw    : (REDACTED) Writing metadata key: %s, corpus: %s
07-10 22:46:19.639 11258 17962 I dtxw    : (REDACTED) Writing metadata key: %s, corpus: %s
07-10 22:46:19.646 11258 13713 I dtxw    : (REDACTED) Writing data for these Geller corpora: %s
07-10 22:46:19.647 11258 13713 I dtxw    : (REDACTED) Writing metadata key: %s, corpus: %s
07-10 22:46:19.647 11258 13713 I dtxw    : (REDACTED) Writing metadata key: %s, corpus: %s
07-10 22:46:19.648 13143 13178 I MdiSyncModule: (REDACTED) Receiving API connection from package '%s'...
07-10 22:46:19.648 13143 13178 I MdiSyncModule: API connection successful!
07-10 22:46:19.653  1493  2668 E SyncManager: SYNC_OP_STATE_INVALID: disallowed by settings/network
07-10 22:46:19.664  1493  1622 D CompatibilityChangeReporter: Compat change id reported: 135634846; UID 10141; state: DISABLED
07-10 22:46:19.664  1493  1622 D CompatibilityChangeReporter: Compat change id reported: 177438394; UID 10141; state: DISABLED
07-10 22:46:19.664  1493  1622 D CompatibilityChangeReporter: Compat change id reported: 135772972; UID 10141; state: DISABLED
07-10 22:46:19.664  1493  1622 D CompatibilityChangeReporter: Compat change id reported: 135754954; UID 10141; state: ENABLED
07-10 22:46:19.664 11258 19749 I NearbyShared: (REDACTED) GellerSyncDeviceChangeListener: onSyncCompleted: corpus= %s
07-10 22:46:19.664 11258 19749 I NearbyShared: (REDACTED) GellerSyncDeviceChangeListener: onSyncCompleted: corpus= %s
07-10 22:46:19.664  1493  1572 D CompatibilityChangeReporter: Compat change id reported: 143937733; UID 10141; state: ENABLED
07-10 22:46:19.666 13143 13178 I MdiSyncModule: (REDACTED) Received request for operation '%d' from package '%s', instance id '%s', version '%d'...
07-10 22:46:19.666 13143 13178 I MdiSyncModule: (REDACTED) Operation '%s' dispatched!
07-10 22:46:19.672   664   664 D Zygote  : Forked child process 19753
07-10 22:46:19.673  1493  1572 I ActivityManager: Start proc 19753:com.google.process.gapps/u0a141 for content provider {com.google.android.gsf/com.google.android.gsf.subscribedfeeds.SubscribedFeedsProvider}
07-10 22:46:19.676 13143 19750 I SignInPerformer-0: (REDACTED) Handling request [%s], isFirstPartyCaller [%s]
07-10 22:46:19.677 13143 19750 I SignInPerformer-0: Successfully brokered first-party unauthenticated GamesService [CONTEXT service_id=1 ]
07-10 22:46:19.678  1493  2668 E SyncManager: SYNC_OP_STATE_INVALID: disallowed by settings/network
07-10 22:46:19.688 19753 19753 E e.process.gapp: Not starting debugger since process cannot load the jdwp agent.
07-10 22:46:19.689 13143 15318 I cr_CronetUrlRequestContext: destroyNativeStreamLocked org.chromium.net.impl.CronetBidirectionalStream@a93d9f9
07-10 22:46:19.696 13143 19747 I m.psl   : (REDACTED) Unable to retrieve flag snapshot for %s, using defaults.
07-10 22:46:19.698 13143 19750 I GetGamesServiceV2Op: (REDACTED) Successfully brokered GamesService for request %s
07-10 22:46:19.699 13143 14969 I GamesModuleInfoProvider: (REDACTED) Retrieved module info: %s
07-10 22:46:19.706 13143 19769 I FSA2_GmsContactsSyncAdapter: @onPerformSync
07-10 22:46:19.706 13143 19769 W FSA2_ContactsSyncAdapter: @onPerformSync Sync started
07-10 22:46:19.708 13143 19769 W ChimeraUtils: Module com.google.android.gms.people missing resource null(0)
07-10 22:46:19.709  1493  2668 E SyncManager: SYNC_OP_STATE_INVALID: disallowed by settings/network
07-10 22:46:19.716  1493  1622 D CompatibilityChangeReporter: Compat change id reported: 168419799; UID 10141; state: DISABLED
07-10 22:46:19.723 19753 19753 D CompatibilityChangeReporter: Compat change id reported: 171979766; UID 10141; state: ENABLED
07-10 22:46:19.734  1493  2668 E SyncManager: SYNC_OP_STATE_INVALID: disallowed by settings/network
07-10 22:46:19.743 13143 19769 W FSA2_GoogleAccountUtil: Syncing device contacts is off.
07-10 22:46:19.743 13143 19769 E FSA2_CpgSessionManager: Failed to initialize schema
07-10 22:46:19.746 19753 19753 V GraphicsEnvironment: ANGLE Developer option for 'com.google.android.gsf' set to: 'default'
07-10 22:46:19.746 19753 19753 V GraphicsEnvironment: ANGLE GameManagerService for com.google.android.gsf: false
07-10 22:46:19.746 19753 19753 V GraphicsEnvironment: Neither updatable production driver nor prerelease driver is supported.
07-10 22:46:19.747 19753 19753 D NetworkSecurityConfig: No Network Security Config specified, using platform default
07-10 22:46:19.748 19753 19753 D NetworkSecurityConfig: No Network Security Config specified, using platform default
07-10 22:46:19.759 13143 19769 I FSA2_FirstFullSyncsDetector: First full syncs started
07-10 22:46:19.770  3124 12458 E CrossProfileSender: Calling manuallyBind
07-10 22:46:19.771  3124 12458 W SetupWizard: [SetupNotificationService] Manually connect cross profile fail.
07-10 22:46:19.772 19753 19753 I GoogleHttpClient: GMS http client unavailable, use old client
07-10 22:46:19.778 19753 19753 I CarUiInstaller: CarUiInstaller started for com.google.android.gsf
07-10 22:46:19.780 13143 13143 I FSA2_PortalRegistrationUtils: Checking if Portal is available: false
07-10 22:46:19.780 13143 19769 I FSA2_PortalUpdater: Checking if Portal is available: false
07-10 22:46:19.782 13143 19769 W ChimeraUtils: Module com.google.android.gms.people missing resource null(0)
07-10 22:46:19.785  1493  1622 D CompatibilityChangeReporter: Compat change id reported: 135634846; UID 10145; state: DISABLED
07-10 22:46:19.785  1493  1622 D CompatibilityChangeReporter: Compat change id reported: 177438394; UID 10145; state: DISABLED
07-10 22:46:19.785  1493  1622 D CompatibilityChangeReporter: Compat change id reported: 135772972; UID 10145; state: DISABLED
07-10 22:46:19.785  1493  1622 D CompatibilityChangeReporter: Compat change id reported: 135754954; UID 10145; state: ENABLED
07-10 22:46:19.786  1493  1572 D CompatibilityChangeReporter: Compat change id reported: 143937733; UID 10145; state: ENABLED
07-10 22:46:19.790 13143 19769 W ChimeraUtils: Module com.google.android.gms.people missing resource null(0)
07-10 22:46:19.795   664   664 D Zygote  : Forked child process 19780
07-10 22:46:19.796  1493  1572 I ActivityManager: Start proc 19780:com.google.android.apps.messaging/u0a145 for broadcast {com.google.android.apps.messaging/com.google.apps.tiktok.account.data.device.DeviceAccountsChangedReceiver_Receiver}
07-10 22:46:19.796 13143 13143 D BoundBrokerSvc: onBind: Intent { act=com.google.android.gms.people.contactssync.service.START dat=chimera-action: cmp=com.google.android.gms/.chimera.GmsBoundBrokerService }
07-10 22:46:19.796 13143 13143 D BoundBrokerSvc: Loading bound service for intent: Intent { act=com.google.android.gms.people.contactssync.service.START dat=chimera-action: cmp=com.google.android.gms/.chimera.GmsBoundBrokerService }
07-10 22:46:19.802 13143 13178 I PeopleChimeraService: onService. callbacks = boez@a3bae9c, request = com.google.android.gms.common.internal.GetServiceRequest@34510a5
07-10 22:46:19.811  1493  2668 E SyncManager: SYNC_OP_STATE_INVALID: disallowed by settings/network
07-10 22:46:19.812 19780 19780 E .apps.messagin: Not starting debugger since process cannot load the jdwp agent.
07-10 22:46:19.844 19780 19780 D CompatibilityChangeReporter: Compat change id reported: 171979766; UID 10145; state: ENABLED
07-10 22:46:19.864 13143 19802 I FSA2_SyncState: @readSyncState: # cylr@7bc6f
07-10 22:46:19.866 13143 19342 I qrw     : (REDACTED) Exceeded max concurrent downloads, not running another queued request
07-10 22:46:19.869  1493 19210 I ActivityManager: Failure reporting to instrumentation watcher: comp=ComponentInfo{com.google.android.apps.mtaas.loginutil/com.google.android.apps.mtaas.loginutil.LoginUtil} results=Bundle[mParcelledData.dataSize=68]
07-10 22:46:19.870 13143 19805 I qrw     : (REDACTED) Exceeded max concurrent downloads, not running another queued request
07-10 22:46:19.871 13143 19807 I qrw     : (REDACTED) Exceeded max concurrent downloads, not running another queued request
07-10 22:46:19.871 13143 16336 I qrw     : (REDACTED) Exceeded max concurrent downloads, not running another queued request
07-10 22:46:19.871 13143 15472 I qrw     : (REDACTED) Exceeded max concurrent downloads, not running another queued request
07-10 22:46:19.872 13143 19342 I qrw     : (REDACTED) Sending URL request: uri=%s
07-10 22:46:19.872 13143 19804 I qrw     : (REDACTED) Sending URL request: uri=%s
07-10 22:46:19.884 19500 19731 I cr_CronetLibraryLoader: Cronet version: 126.0.6452.4, arch: aarch64
07-10 22:46:19.891  1493  3953 D ConnectivityService: requestNetwork for uid/pid:10183/19500 activeRequest: null callbackRequest: 307 [NetworkRequest [ REQUEST id=308, [ Capabilities: INTERNET&NOT_RESTRICTED&TRUSTED&NOT_VCN_MANAGED Uid: 10183 RequestorUid: 10183 RequestorPkg: com.google.android.gm] ]] callback flags: 0 order: 2147483647
07-10 22:46:19.891  1493  2621 D ConnectivityService: NetReassign [308 : null  100]
07-10 22:46:19.893 19500 19816 W DynamiteModule: Local module descriptor class for com.google.android.gms.providerinstaller.dynamite not found.
07-10 22:46:19.894  1493  2614 D WifiNetworkFactory: got request NetworkRequest [ REQUEST id=308, [ Capabilities: INTERNET&NOT_RESTRICTED&TRUSTED&NOT_VCN_MANAGED Uid: 10183 RequestorUid: 10183 RequestorPkg: com.google.android.gm] ]
07-10 22:46:19.894 11258 12543 W ProviderHelper: Unknown dynamite feature providerinstaller.dynamite
07-10 22:46:19.894  1493  2614 D UntrustedWifiNetworkFactory: got request NetworkRequest [ REQUEST id=308, [ Capabilities: INTERNET&NOT_RESTRICTED&TRUSTED&NOT_VCN_MANAGED Uid: 10183 RequestorUid: 10183 RequestorPkg: com.google.android.gm] ]
07-10 22:46:19.895  1493  2614 D OemPaidWifiNetworkFactory: got request NetworkRequest [ REQUEST id=308, [ Capabilities: INTERNET&NOT_RESTRICTED&TRUSTED&NOT_VCN_MANAGED Uid: 10183 RequestorUid: 10183 RequestorPkg: com.google.android.gm] ]
07-10 22:46:19.895 19500 19816 W ProviderInstaller: Failed to load providerinstaller module: No acceptable module found. Local version is 0 and remote version is 0.
07-10 22:46:19.895  1493  2621 D ConnectivityService: NetReassign [no changes]
07-10 22:46:19.899 19533 19770 W SyncStrategy: Tasks sync error
07-10 22:46:19.899 19533 19770 W SyncStrategy: java.lang.InterruptedException
07-10 22:46:19.899 19533 19770 W SyncStrategy: 	at cal.abhp.get(PG:2)
07-10 22:46:19.899 19533 19770 W SyncStrategy: 	at cal.ijv.a(PG:2)
07-10 22:46:19.899 19533 19770 W SyncStrategy: 	at cal.iiq.onPerformSync(PG:29)
07-10 22:46:19.899 19533 19770 W SyncStrategy: 	at android.content.AbstractThreadedSyncAdapter$SyncThread.run(AbstractThreadedSyncAdapter.java:334)
07-10 22:46:19.904 19500 19816 W ProviderInstaller: Failed to report request stats: com.google.android.gms.common.security.ProviderInstallerImpl.reportRequestStats [class android.content.Context, long, long]
07-10 22:46:19.909 19500 19816 V NativeCrypto: Registering com/google/android/gms/org/conscrypt/NativeCrypto's 305 native methods...
07-10 22:46:19.917 19780 19780 D nativeloader: classloader namespace configured for unbundled product apk. library_path=/product/priv-app/PrebuiltBugle/lib/arm64:/product/priv-app/PrebuiltBugle/PrebuiltBugle.apk!/lib/arm64-v8a:/product/lib64:/system/product/lib64
07-10 22:46:19.920 19500 19816 I ProviderInstaller: Installed default security provider GmsCore_OpenSSL
07-10 22:46:19.931 19533 19772 I SyncerLog: [1] Sync started
07-10 22:46:19.936 19533 19772 I SyncerLog: [1] Client context: {channel=5, notification_push_stack=1, app_version=2021.23.2-379299120-release, version_code=2017005112}
07-10 22:46:19.942 19780 19780 V GraphicsEnvironment: ANGLE Developer option for 'com.google.android.apps.messaging' set to: 'default'
07-10 22:46:19.942 19780 19780 V GraphicsEnvironment: ANGLE GameManagerService for com.google.android.apps.messaging: false
07-10 22:46:19.942 19780 19780 V GraphicsEnvironment: Neither updatable production driver nor prerelease driver is supported.
07-10 22:46:19.943 19780 19780 D NetworkSecurityConfig: No Network Security Config specified, using platform default
07-10 22:46:19.943 19780 19780 D NetworkSecurityConfig: No Network Security Config specified, using platform default
07-10 22:46:19.949 19780 19780 I MultiDex: VM with version 2.1.0 has multidex support
07-10 22:46:19.949 19780 19780 I MultiDex: install
07-10 22:46:19.949 19780 19780 I MultiDex: VM has multidex support, MultiDex support library is disabled.
07-10 22:46:19.952 19533 19772 I SyncerLog: Next sync scheduled in: 0s
07-10 22:46:19.954 19533 19772 I SyncerLog: Sync already scheduled for 2332719: {id=2, tickerTimeMs=2332840, triggerDelayMs=0}
07-10 22:46:19.954 19533 19772 I SyncerLog: Next sync scheduled in: 0s
07-10 22:46:19.956 19533 19674 I SyncerLog: [1] State: {synced_user_settings=false, synced_habits=false, synced_calendar_list=false}
07-10 22:46:19.964 19533 19772 I SyncerLog: [1] Request: {client_change_count=0, sync_triggers=[{id=1, type=SYSTEM_SYNC, age=160}, {id=2, type=PLATFORM_TICKLE_SETTINGS_SYNC, age=39}]}
07-10 22:46:19.975 13143 19802 W DataCollectionRegistryC: missing CollectionDefinition for people-pa.googleapis.com/google.internal.people.v2.InternalPeopleService/ListContactGroups
07-10 22:46:19.975 13143 19802 W DataCollectionRegistryC: missing CollectionDefinition for people-pa.googleapis.com/google.internal.people.v2.InternalPeopleService/ListContactGroups
07-10 22:46:19.986  1493  3953 D ConnectivityService: requestNetwork for uid/pid:10156/19516 activeRequest: null callbackRequest: 310 [NetworkRequest [ REQUEST id=311, [ Capabilities: INTERNET&NOT_RESTRICTED&TRUSTED&NOT_VCN_MANAGED Uid: 10156 RequestorUid: 10156 RequestorPkg: com.google.android.apps.maps] ]] callback flags: 0 order: 2147483647
07-10 22:46:19.987  1493  2621 D ConnectivityService: NetReassign [311 : null  100]
07-10 22:46:19.990 19516 19696 I cr_CronetLibraryLoader: Cronet version: 126.0.6452.4, arch: aarch64
07-10 22:46:19.990  1493  2614 D WifiNetworkFactory: got request NetworkRequest [ REQUEST id=311, [ Capabilities: INTERNET&NOT_RESTRICTED&TRUSTED&NOT_VCN_MANAGED Uid: 10156 RequestorUid: 10156 RequestorPkg: com.google.android.apps.maps] ]
07-10 22:46:19.990  1493  2614 D UntrustedWifiNetworkFactory: got request NetworkRequest [ REQUEST id=311, [ Capabilities: INTERNET&NOT_RESTRICTED&TRUSTED&NOT_VCN_MANAGED Uid: 10156 RequestorUid: 10156 RequestorPkg: com.google.android.apps.maps] ]
07-10 22:46:19.990  1493  2614 D OemPaidWifiNetworkFactory: got request NetworkRequest [ REQUEST id=311, [ Capabilities: INTERNET&NOT_RESTRICTED&TRUSTED&NOT_VCN_MANAGED Uid: 10156 RequestorUid: 10156 RequestorPkg: com.google.android.apps.maps] ]
07-10 22:46:19.995  1493  2621 D ConnectivityService: NetReassign [no changes]
07-10 22:46:19.998 19533 19801 W DynamiteModule: Local module descriptor class for com.google.android.gms.providerinstaller.dynamite not found.
07-10 22:46:20.000 11258 11496 W ProviderHelper: Unknown dynamite feature providerinstaller.dynamite
07-10 22:46:20.010 19533 19801 W ProviderInstaller: Failed to load providerinstaller module: No acceptable module found. Local version is 0 and remote version is 0.
07-10 22:46:20.015 13143 19804 W Conscrypt: Could not set socket write timeout: java.net.SocketException: Socket closed
07-10 22:46:20.016 13143 19804 W Conscrypt: 	at com.google.android.gms.org.conscrypt.Platform.setSocketWriteTimeout(:com.google.android.gms@242335038@24.23.35 (190400-646585959):204)
07-10 22:46:20.016 13143 19804 W Conscrypt: 	at com.google.android.gms.org.conscrypt.ConscryptFileDescriptorSocket.setSoWriteTimeout(:com.google.android.gms@242335038@24.23.35 (190400-646585959):4)
07-10 22:46:20.017 13143 19342 W Conscrypt: Could not set socket write timeout: java.net.SocketException: Socket closed
07-10 22:46:20.017 13143 19342 W Conscrypt: 	at com.google.android.gms.org.conscrypt.Platform.setSocketWriteTimeout(:com.google.android.gms@242335038@24.23.35 (190400-646585959):204)
07-10 22:46:20.017 13143 19342 W Conscrypt: 	at com.google.android.gms.org.conscrypt.ConscryptFileDescriptorSocket.setSoWriteTimeout(:com.google.android.gms@242335038@24.23.35 (190400-646585959):4)
07-10 22:46:20.019 11258 11258 D BoundBrokerSvc: onBind: Intent { act=com.google.android.gms.herrevad.services.LightweightNetworkQualityAndroidService.START pkg=com.google.android.gms }
07-10 22:46:20.019 11258 11258 D BoundBrokerSvc: Loading bound service for intent: Intent { act=com.google.android.gms.herrevad.services.LightweightNetworkQualityAndroidService.START pkg=com.google.android.gms }
07-10 22:46:20.020 11258 11258 I BndSvcConfigHelper: No bound-service is registered for action: com.google.android.gms.herrevad.services.LightweightNetworkQualityAndroidService.START
07-10 22:46:20.020 11258 11258 I BoundBrokerSvc: Bound service not available for: Intent { act=com.google.android.gms.herrevad.services.LightweightNetworkQualityAndroidService.START pkg=com.google.android.gms }
07-10 22:46:20.020 11258 11496 I GmsApiChimeraSvc: Using MissingApiServiceBroker for com.google.android.gms.herrevad.services.LightweightNetworkQualityAndroidService.START due to missing BoundService implementation
07-10 22:46:20.033 13143 15472 I qrw     : (REDACTED) Got URL response, starting to read response body. uri=%s
07-10 22:46:20.036 13143 15472 I qrw     : (REDACTED) Got URL response, starting to read response body. uri=%s
07-10 22:46:20.050 13143 19342 W Conscrypt: Could not set socket write timeout: java.net.SocketException: Socket closed
07-10 22:46:20.050 13143 19342 W Conscrypt: 	at com.google.android.gms.org.conscrypt.Platform.setSocketWriteTimeout(:com.google.android.gms@242335038@24.23.35 (190400-646585959):204)
07-10 22:46:20.050 13143 19342 W Conscrypt: 	at com.google.android.gms.org.conscrypt.ConscryptFileDescriptorSocket.setSoWriteTimeout(:com.google.android.gms@242335038@24.23.35 (190400-646585959):4)
07-10 22:46:20.058 13143 19804 W Conscrypt: Could not set socket write timeout: java.net.SocketException: Socket closed
07-10 22:46:20.058 13143 19804 W Conscrypt: 	at com.google.android.gms.org.conscrypt.Platform.setSocketWriteTimeout(:com.google.android.gms@242335038@24.23.35 (190400-646585959):204)
07-10 22:46:20.058 13143 19804 W Conscrypt: 	at com.google.android.gms.org.conscrypt.ConscryptFileDescriptorSocket.setSoWriteTimeout(:com.google.android.gms@242335038@24.23.35 (190400-646585959):4)
07-10 22:46:20.059 13143 19342 I qrw     : (REDACTED) Response body written. bytesWritten=%d, uri=%s
07-10 22:46:20.059 13143 19342 I qrw     : (REDACTED) Request complete, closing. uri=%s
07-10 22:46:20.061 13143 19807 I qrw     : (REDACTED) Exceeded max concurrent downloads, not running another queued request
07-10 22:46:20.062 13143 19342 I qrw     : (REDACTED) Exceeded max concurrent downloads, not running another queued request
07-10 22:46:20.063 13143 15472 I qrw     : (REDACTED) Response body written. bytesWritten=%d, uri=%s
07-10 22:46:20.063 13143 15472 I qrw     : (REDACTED) Request complete, closing. uri=%s
07-10 22:46:20.065 13143 19342 I qrw     : (REDACTED) Sending URL request: uri=%s
07-10 22:46:20.066 13143 15472 I qrw     : (REDACTED) Exceeded max concurrent downloads, not running another queued request
07-10 22:46:20.066 13143 19804 I qrw     : (REDACTED) Exceeded max concurrent downloads, not running another queued request
07-10 22:46:20.068 13143 19804 I qrw     : (REDACTED) Sending URL request: uri=%s
07-10 22:46:20.106  1493  3944 W ServiceManager: Permission failure: android.permission.HIGH_SAMPLING_RATE_SENSORS from uid=10156 pid=19516
07-10 22:46:20.113 19780 19780 I avfy    : SslGuard completed installation.
07-10 22:46:20.122 19780 19780 I Bugle   : BugleApplicationBase: Bugle version: 8.4.041 (upas_rc12_alldpi.arm64-v8a.phone)
07-10 22:46:20.131 11258 11258 D BoundBrokerSvc: onUnbind: Intent { act=com.google.android.gms.pseudonymous.service.START pkg=com.google.android.gms }
07-10 22:46:20.143 13143 15472 I qrw     : (REDACTED) Got URL response, starting to read response body. uri=%s
07-10 22:46:20.151 13143 19804 I qrw     : (REDACTED) Response body written. bytesWritten=%d, uri=%s
07-10 22:46:20.151 13143 19804 I qrw     : (REDACTED) Request complete, closing. uri=%s
07-10 22:46:20.153 13143 19807 I qrw     : (REDACTED) Exceeded max concurrent downloads, not running another queued request
07-10 22:46:20.154 13143 19804 I qrw     : (REDACTED) Exceeded max concurrent downloads, not running another queued request
07-10 22:46:20.155 13143 19804 I qrw     : (REDACTED) Sending URL request: uri=%s
07-10 22:46:20.166 13143 13162 I qrw     : (REDACTED) Got URL response, starting to read response body. uri=%s
07-10 22:46:20.175 13143 19804 I qrw     : (REDACTED) Response body written. bytesWritten=%d, uri=%s
07-10 22:46:20.175 13143 19804 I qrw     : (REDACTED) Request complete, closing. uri=%s
07-10 22:46:20.176 13143 13176 I qrw     : (REDACTED) Exceeded max concurrent downloads, not running another queued request
07-10 22:46:20.177 13143 19804 I qrw     : (REDACTED) Exceeded max concurrent downloads, not running another queued request
07-10 22:46:20.177 13143 19342 I qrw     : (REDACTED) Sending URL request: uri=%s
07-10 22:46:20.195   409   409 I hwservicemanager: Since android.hardware.atrace@1.0::IAtraceDevice/default is not registered, trying to start it as a lazy HAL.
07-10 22:46:20.196   409   409 I hwservicemanager: Since android.hardware.atrace@1.0::IAtraceDevice/default is not registered, trying to start it as a lazy HAL.
07-10 22:46:20.196 19863 19863 I HidlServiceManagement: getService: Trying again for android.hardware.atrace@1.0::IAtraceDevice/default...
07-10 22:46:20.197 13143 19800 W DataCollectionRegistryC: missing CollectionDefinition for reminders-pa.googleapis.com/caribou.tasks.service.CustomizeSnoozePresetsService/GetSnoozePresets
07-10 22:46:20.197 13143 19800 W DataCollectionRegistryC: missing CollectionDefinition for reminders-pa.googleapis.com/caribou.tasks.service.CustomizeSnoozePresetsService/GetSnoozePresets
07-10 22:46:20.202 19780 19780 I Bugle   : DarkModeManager: setDarkMode: -1
07-10 22:46:20.208 19868 19868 I HidlLazyUtils: Registering HAL: android.hardware.atrace@1.0::IAtraceDevice with name: default
07-10 22:46:20.209 19868 19868 I HidlServiceManagement: Registered android.hardware.atrace@1.0::IAtraceDevice/default
07-10 22:46:20.209 19868 19868 I HidlServiceManagement: Removing namespace from process name android.hardware.atrace@1.0-service.pixel to atrace@1.0-service.pixel.
07-10 22:46:20.210   409   409 I hw-BpHwBinder: onLastStrongRef automatically unlinking death recipients
07-10 22:46:20.205 19863 19863 W atrace  : type=1400 audit(0.0:171): avc: denied { write } for name="enable" dev="tracefs" ino=7066 scontext=u:r:shell:s0 tcontext=u:object_r:debugfs_tracing_debug:s0 tclass=file permissive=0
07-10 22:46:20.213 19860 19860 V StudioTransport: Server listening on unix:@AndroidStudioTransport port:1
07-10 22:46:20.217 19533 19801 W ProviderInstaller: Failed to report request stats: com.google.android.gms.common.security.ProviderInstallerImpl.reportRequestStats [class android.content.Context, long, long]
07-10 22:46:20.234 13143 19342 I qrw     : (REDACTED) Got URL response, starting to read response body. uri=%s
07-10 22:46:20.238 13143 15472 I qrw     : (REDACTED) Got URL response, starting to read response body. uri=%s
07-10 22:46:20.240 13143 15472 I qrw     : (REDACTED) Response body written. bytesWritten=%d, uri=%s
07-10 22:46:20.240 13143 15472 I qrw     : (REDACTED) Request complete, closing. uri=%s
07-10 22:46:20.243 13143 19807 I qrw     : (REDACTED) Response body written. bytesWritten=%d, uri=%s
07-10 22:46:20.243 13143 19807 I qrw     : (REDACTED) Request complete, closing. uri=%s
07-10 22:46:20.244   409   409 I hwservicemanager: Notifying android.hardware.atrace@1.0::IAtraceDevice/default they have clients: 1
07-10 22:46:20.244 19868 19868 I HidlLazyUtils: Process has 1 (of 1 available) client(s) in use after notification android.hardware.atrace@1.0::IAtraceDevice/default has clients: 1
07-10 22:46:20.245 13143 19802 I FSA2_GroupSyncGrpc: Received non-null API-group response
07-10 22:46:20.245 15073 19709 I Finsky  : [172] nxg.d(126): playLoggingServerUrl: https://play.googleapis.com/play/log
07-10 22:46:20.245 15073 19709 I Finsky  : [172] nxg.d(145): playLoggingServerTimestampUrl: https://play.googleapis.com/play/log/timestamp
07-10 22:46:20.248 13143 19802 E FSA2_ProtoToPeopleUtil: Unexpected system group {id=2}
07-10 22:46:20.248 13143 19802 E FSA2_ProtoToPeopleUtil: Unexpected system group {id=5}
07-10 22:46:20.248 13143 19802 E FSA2_ProtoToPeopleUtil: Unexpected system group {id=15}
07-10 22:46:20.248 19533 19801 V NativeCrypto: Registering com/google/android/gms/org/conscrypt/NativeCrypto's 305 native methods...
07-10 22:46:20.269 13143 19769 I FSA2_SyncState: @readSyncState: # cylr@7bc6f
07-10 22:46:20.275 15073 19709 E PlayCommon: [172] aslk.<init>(82): Failed to restore PlayMetalog
07-10 22:46:20.276 15073 19709 E PlayCommon: [172] aslk.<init>(117): Failed to restore LogsUploadAttempt
07-10 22:46:20.281 19780 19847 I Bugle   : Initializing EmojiCompat
07-10 22:46:20.282 19500 19817 W athl    : Not parsing http body since status is HttpStatus(403). Using defaultResponseBody
07-10 22:46:20.285 19500 19815 W ahwn    : Network is not OK. Status=7. ahup: [/sync/st/s] 7: Client forbidden
07-10 22:46:20.287 19500 19730 W atji    : Job(SettingsService:sync#0.1) Enqueued job 'SettingsService:sync' failed
07-10 22:46:20.287 19500 19730 W atji    : ahup: [/sync/st/s] 7: Client forbidden
07-10 22:46:20.287 19500 19730 W atji    : 	at ahum.a(PG:1)
07-10 22:46:20.287 19500 19730 W atji    : 	at ahum.b(PG:9)
07-10 22:46:20.287 19500 19730 W atji    : 	at ahwh.a(PG:7)
07-10 22:46:20.287 19500 19730 W atji    : 	at awot.c(PG:2)
07-10 22:46:20.287 19500 19730 W atji    : 	at awov.run(PG:9)
07-10 22:46:20.287 19500 19730 W atji    : 	at altd.run(PG:3)
07-10 22:46:20.287 19500 19730 W atji    : 	at java.util.concurrent.Executors$RunnableAdapter.call(Executors.java:462)
07-10 22:46:20.287 19500 19730 W atji    : 	at java.util.concurrent.FutureTask.run(FutureTask.java:266)
07-10 22:46:20.287 19500 19730 W atji    : 	at java.util.concurrent.ScheduledThreadPoolExecutor$ScheduledFutureTask.run(ScheduledThreadPoolExecutor.java:301)
07-10 22:46:20.287 19500 19730 W atji    : 	at java.util.concurrent.ThreadPoolExecutor.runWorker(ThreadPoolExecutor.java:1167)
07-10 22:46:20.287 19500 19730 W atji    : 	at java.util.concurrent.ThreadPoolExecutor$Worker.run(ThreadPoolExecutor.java:641)
07-10 22:46:20.287 19500 19730 W atji    : 	at java.lang.Thread.run(Thread.java:920)
07-10 22:46:20.288 19500 19733 W atji    : Job(SettingsClient start#0.0) Enqueued job 'SettingsClient start' failed
07-10 22:46:20.288 19500 19733 W atji    : aica: Failed to sync missing settings from the server. Missing values for required settings [aich<4>, aich<17>, aich<16>, aich<20>]. Can not start SettingsClient.
07-10 22:46:20.288 19500 19733 W atji    : 	at aiaw.a(PG:11)
07-10 22:46:20.288 19500 19733 W atji    : 	at aukj.a(PG:5)
07-10 22:46:20.288 19500 19733 W atji    : 	at auhu.kz(Unknown Source:2)
07-10 22:46:20.288 19500 19733 W atji    : 	at awqx.run(PG:7)
07-10 22:46:20.288 19500 19733 W atji    : 	at atir.run(PG:3)
07-10 22:46:20.288 19500 19733 W atji    : 	at altd.run(PG:3)
07-10 22:46:20.288 19500 19733 W atji    : 	at java.util.concurrent.Executors$RunnableAdapter.call(Executors.java:462)
07-10 22:46:20.288 19500 19733 W atji    : 	at java.util.concurrent.FutureTask.run(FutureTask.java:266)
07-10 22:46:20.288 19500 19733 W atji    : 	at java.util.concurrent.ScheduledThreadPoolExecutor$ScheduledFutureTask.run(ScheduledThreadPoolExecutor.java:301)
07-10 22:46:20.288 19500 19733 W atji    : 	at java.util.concurrent.ThreadPoolExecutor.runWorker(ThreadPoolExecutor.java:1167)
07-10 22:46:20.288 19500 19733 W atji    : 	at java.util.concurrent.ThreadPoolExecutor$Worker.run(ThreadPoolExecutor.java:641)
07-10 22:46:20.288 19500 19733 W atji    : 	at java.lang.Thread.run(Thread.java:920)
07-10 22:46:20.288 19500 19733 W atji    : Caused by: ahup: [/sync/st/s] 7: Client forbidden
07-10 22:46:20.288 19500 19733 W atji    : 	at ahum.a(PG:1)
07-10 22:46:20.288 19500 19733 W atji    : 	at ahum.b(PG:9)
07-10 22:46:20.288 19500 19733 W atji    : 	at ahwh.a(PG:7)
07-10 22:46:20.288 19500 19733 W atji    : 	at awot.c(PG:2)
07-10 22:46:20.288 19500 19733 W atji    : 	at awov.run(PG:9)
07-10 22:46:20.288 19500 19733 W atji    : 	... 7 more
07-10 22:46:20.288 19500 19732 E akzr    : Error observing nonCriticalStartEvent, not executing ads startup job.
07-10 22:46:20.288 19500 19732 E akzr    : aica: Failed to sync missing settings from the server. Missing values for required settings [aich<4>, aich<17>, aich<16>, aich<20>]. Can not start SettingsClient.
07-10 22:46:20.288 19500 19732 E akzr    : 	at aiaw.a(PG:11)
07-10 22:46:20.288 19500 19732 E akzr    : 	at aukj.a(PG:5)
07-10 22:46:20.288 19500 19732 E akzr    : 	at auhu.kz(Unknown Source:2)
07-10 22:46:20.288 19500 19732 E akzr    : 	at awqx.run(PG:7)
07-10 22:46:20.288 19500 19732 E akzr    : 	at atir.run(PG:3)
07-10 22:46:20.288 19500 19732 E akzr    : 	at altd.run(PG:3)
07-10 22:46:20.288 19500 19732 E akzr    : 	at java.util.concurrent.Executors$RunnableAdapter.call(Executors.java:462)
07-10 22:46:20.288 19500 19732 E akzr    : 	at java.util.concurrent.FutureTask.run(FutureTask.java:266)
07-10 22:46:20.288 19500 19732 E akzr    : 	at java.util.concurrent.ScheduledThreadPoolExecutor$ScheduledFutureTask.run(ScheduledThreadPoolExecutor.java:301)
07-10 22:46:20.288 19500 19732 E akzr    : 	at java.util.concurrent.ThreadPoolExecutor.runWorker(ThreadPoolExecutor.java:1167)
07-10 22:46:20.288 19500 19732 E akzr    : 	at java.util.concurrent.ThreadPoolExecutor$Worker.run(ThreadPoolExecutor.java:641)
07-10 22:46:20.288 19500 19732 E akzr    : 	at java.lang.Thread.run(Thread.java:920)
07-10 22:46:20.288 19500 19732 E akzr    : Caused by: ahup: [/sync/st/s] 7: Client forbidden
07-10 22:46:20.288 19500 19732 E akzr    : 	at ahum.a(PG:1)
07-10 22:46:20.288 19500 19732 E akzr    : 	at ahum.b(PG:9)
07-10 22:46:20.288 19500 19732 E akzr    : 	at ahwh.a(PG:7)
07-10 22:46:20.288 19500 19732 E akzr    : 	at awot.c(PG:2)
07-10 22:46:20.288 19500 19732 E akzr    : 	at awov.run(PG:9)
07-10 22:46:20.288 19500 19732 E akzr    : 	... 7 more
07-10 22:46:20.288 19500 19730 E akzr    : Error checking settings client lifecycle, not checking user data processing settings.
07-10 22:46:20.288 19500 19730 E akzr    : aica: Failed to sync missing settings from the server. Missing values for required settings [aich<4>, aich<17>, aich<16>, aich<20>]. Can not start SettingsClient.
07-10 22:46:20.288 19500 19730 E akzr    : 	at aiaw.a(PG:11)
07-10 22:46:20.288 19500 19730 E akzr    : 	at aukj.a(PG:5)
07-10 22:46:20.288 19500 19730 E akzr    : 	at auhu.kz(Unknown Source:2)
07-10 22:46:20.288 19500 19730 E akzr    : 	at awqx.run(PG:7)
07-10 22:46:20.288 19500 19730 E akzr    : 	at atir.run(PG:3)
07-10 22:46:20.288 19500 19730 E akzr    : 	at altd.run(PG:3)
07-10 22:46:20.288 19500 19730 E akzr    : 	at java.util.concurrent.Executors$RunnableAdapter.call(Executors.java:462)
07-10 22:46:20.288 19500 19730 E akzr    : 	at java.util.concurrent.FutureTask.run(FutureTask.java:266)
07-10 22:46:20.288 19500 19730 E akzr    : 	at java.util.concurrent.ScheduledThreadPoolExecutor$ScheduledFutureTask.run(ScheduledThreadPoolExecutor.java:301)
07-10 22:46:20.288 19500 19730 E akzr    : 	at java.util.concurrent.ThreadPoolExecutor.runWorker(ThreadPoolExecutor.java:1167)
07-10 22:46:20.288 19500 19730 E akzr    : 	at java.util.concurrent.ThreadPoolExecutor$Worker.run(ThreadPoolExecutor.java:641)
07-10 22:46:20.288 19500 19730 E akzr    : 	at java.lang.Thread.run(Thread.java:920)
07-10 22:46:20.288 19500 19730 E akzr    : Caused by: ahup: [/sync/st/s] 7: Client forbidden
07-10 22:46:20.288 19500 19730 E akzr    : 	at ahum.a(PG:1)
07-10 22:46:20.288 19500 19730 E akzr    : 	at ahum.b(PG:9)
07-10 22:46:20.288 19500 19730 E akzr    : 	at ahwh.a(PG:7)
07-10 22:46:20.288 19500 19730 E akzr    : 	at awot.c(PG:2)
07-10 22:46:20.288 19500 19730 E akzr    : 	at awov.run(PG:9)
07-10 22:46:20.288 19500 19730 E akzr    : 	... 7 more
07-10 22:46:20.289 19500 19729 W akyr    : Shutting down SAPI due to critical lifecycle start failure.
07-10 22:46:20.289 19500 19732 E atem    : Failed to create component for ComponentKey<CqrAPH>, see go/xplat-deobfuscate-component-key
07-10 22:46:20.289 19500 19732 E atem    : aica: Failed to sync missing settings from the server. Missing values for required settings [aich<4>, aich<17>, aich<16>, aich<20>]. Can not start SettingsClient.
07-10 22:46:20.289 19500 19732 E atem    : 	at aiaw.a(PG:11)
07-10 22:46:20.289 19500 19732 E atem    : 	at aukj.a(PG:5)
07-10 22:46:20.289 19500 19732 E atem    : 	at auhu.kz(Unknown Source:2)
07-10 22:46:20.289 19500 19732 E atem    : 	at awqx.run(PG:7)
07-10 22:46:20.289 19500 19732 E atem    : 	at atir.run(PG:3)
07-10 22:46:20.289 19500 19732 E atem    : 	at altd.run(PG:3)
07-10 22:46:20.289 19500 19732 E atem    : 	at java.util.concurrent.Executors$RunnableAdapter.call(Executors.java:462)
07-10 22:46:20.289 19500 19732 E atem    : 	at java.util.concurrent.FutureTask.run(FutureTask.java:266)
07-10 22:46:20.289 19500 19732 E atem    : 	at java.util.concurrent.ScheduledThreadPoolExecutor$ScheduledFutureTask.run(ScheduledThreadPoolExecutor.java:301)
07-10 22:46:20.289 19500 19732 E atem    : 	at java.util.concurrent.ThreadPoolExecutor.runWorker(ThreadPoolExecutor.java:1167)
07-10 22:46:20.289 19500 19732 E atem    : 	at java.util.concurrent.ThreadPoolExecutor$Worker.run(ThreadPoolExecutor.java:641)
07-10 22:46:20.289 19500 19732 E atem    : 	at java.lang.Thread.run(Thread.java:920)
07-10 22:46:20.289 19500 19732 E atem    : Caused by: ahup: [/sync/st/s] 7: Client forbidden
07-10 22:46:20.289 19500 19732 E atem    : 	at ahum.a(PG:1)
07-10 22:46:20.289 19500 19732 E atem    : 	at ahum.b(PG:9)
07-10 22:46:20.289 19500 19732 E atem    : 	at ahwh.a(PG:7)
07-10 22:46:20.289 19500 19732 E atem    : 	at awot.c(PG:2)
07-10 22:46:20.289 19500 19732 E atem    : 	at awov.run(PG:9)
07-10 22:46:20.289 19500 19732 E atem    : 	... 7 more
07-10 22:46:20.289 19500 19732 E atem    : Failed to create component for ComponentKey<GrNjlb>, see go/xplat-deobfuscate-component-key
07-10 22:46:20.289 19500 19732 E atem    : aica: Failed to sync missing settings from the server. Missing values for required settings [aich<4>, aich<17>, aich<16>, aich<20>]. Can not start SettingsClient.
07-10 22:46:20.289 19500 19732 E atem    : 	at aiaw.a(PG:11)
07-10 22:46:20.289 19500 19732 E atem    : 	at aukj.a(PG:5)
07-10 22:46:20.289 19500 19732 E atem    : 	at auhu.kz(Unknown Source:2)
07-10 22:46:20.289 19500 19732 E atem    : 	at awqx.run(PG:7)
07-10 22:46:20.289 19500 19732 E atem    : 	at atir.run(PG:3)
07-10 22:46:20.289 19500 19732 E atem    : 	at altd.run(PG:3)
07-10 22:46:20.289 19500 19732 E atem    : 	at java.util.concurrent.Executors$RunnableAdapter.call(Executors.java:462)
07-10 22:46:20.289 19500 19732 E atem    : 	at java.util.concurrent.FutureTask.run(FutureTask.java:266)
07-10 22:46:20.289 19500 19732 E atem    : 	at java.util.concurrent.ScheduledThreadPoolExecutor$ScheduledFutureTask.run(ScheduledThreadPoolExecutor.java:301)
07-10 22:46:20.289 19500 19732 E atem    : 	at java.util.concurrent.ThreadPoolExecutor.runWorker(ThreadPoolExecutor.java:1167)
07-10 22:46:20.289 19500 19732 E atem    : 	at java.util.concurrent.ThreadPoolExecutor$Worker.run(ThreadPoolExecutor.java:641)
07-10 22:46:20.289 19500 19732 E atem    : 	at java.lang.Thread.run(Thread.java:920)
07-10 22:46:20.289 19500 19732 E atem    : Caused by: ahup: [/sync/st/s] 7: Client forbidden
07-10 22:46:20.289 19500 19732 E atem    : 	at ahum.a(PG:1)
07-10 22:46:20.289 19500 19732 E atem    : 	at ahum.b(PG:9)
07-10 22:46:20.289 19500 19732 E atem    : 	at ahwh.a(PG:7)
07-10 22:46:20.289 19500 19732 E atem    : 	at awot.c(PG:2)
07-10 22:46:20.289 19500 19732 E atem    : 	at awov.run(PG:9)
07-10 22:46:20.289 19500 19732 E atem    : 	... 7 more
07-10 22:46:20.293 19500 19500 W Gmail   : esd:Failed to set message-based UI account prefs.
07-10 22:46:20.293 19500 19500 W Gmail   : java.lang.RuntimeException: Failed to fetch SAPI.
07-10 22:46:20.293 19500 19500 W Gmail   : 	at alsk.run(PG:2)
07-10 22:46:20.293 19500 19500 W Gmail   : 	at altd.run(PG:3)
07-10 22:46:20.293 19500 19500 W Gmail   : 	at ffv.run(PG:8)
07-10 22:46:20.293 19500 19500 W Gmail   : 	at android.os.Handler.handleCallback(Handler.java:938)
07-10 22:46:20.293 19500 19500 W Gmail   : 	at android.os.Handler.dispatchMessage(Handler.java:99)
07-10 22:46:20.293 19500 19500 W Gmail   : 	at android.os.Looper.loopOnce(Looper.java:201)
07-10 22:46:20.293 19500 19500 W Gmail   : 	at android.os.Looper.loop(Looper.java:288)
07-10 22:46:20.293 19500 19500 W Gmail   : 	at android.app.ActivityThread.main(ActivityThread.java:7839)
07-10 22:46:20.293 19500 19500 W Gmail   : 	at java.lang.reflect.Method.invoke(Native Method)
07-10 22:46:20.293 19500 19500 W Gmail   : 	at com.android.internal.os.RuntimeInit$MethodAndArgsCaller.run(RuntimeInit.java:548)
07-10 22:46:20.293 19500 19500 W Gmail   : 	at com.android.internal.os.ZygoteInit.main(ZygoteInit.java:1003)
07-10 22:46:20.293 19500 19500 W Gmail   : Caused by: aica: Failed to sync missing settings from the server. Missing values for required settings [aich<4>, aich<17>, aich<16>, aich<20>]. Can not start SettingsClient.
07-10 22:46:20.293 19500 19500 W Gmail   : 	at aiaw.a(PG:11)
07-10 22:46:20.293 19500 19500 W Gmail   : 	at aukj.a(PG:5)
07-10 22:46:20.293 19500 19500 W Gmail   : 	at auhu.kz(Unknown Source:2)
07-10 22:46:20.293 19500 19500 W Gmail   : 	at awqx.run(PG:7)
07-10 22:46:20.293 19500 19500 W Gmail   : 	at atir.run(PG:3)
07-10 22:46:20.293 19500 19500 W Gmail   : 	at altd.run(PG:3)
07-10 22:46:20.293 19500 19500 W Gmail   : 	at java.util.concurrent.Executors$RunnableAdapter.call(Executors.java:462)
07-10 22:46:20.293 19500 19500 W Gmail   : 	at java.util.concurrent.FutureTask.run(FutureTask.java:266)
07-10 22:46:20.293 19500 19500 W Gmail   : 	at java.util.concurrent.ScheduledThreadPoolExecutor$ScheduledFutureTask.run(ScheduledThreadPoolExecutor.java:301)
07-10 22:46:20.293 19500 19500 W Gmail   : 	at java.util.concurrent.ThreadPoolExecutor.runWorker(ThreadPoolExecutor.java:1167)
07-10 22:46:20.293 19500 19500 W Gmail   : 	at java.util.concurrent.ThreadPoolExecutor$Worker.run(ThreadPoolExecutor.java:641)
07-10 22:46:20.293 19500 19500 W Gmail   : 	at java.lang.Thread.run(Thread.java:920)
07-10 22:46:20.293 19500 19500 W Gmail   : Caused by: ahup: [/sync/st/s] 7: Client forbidden
07-10 22:46:20.293 19500 19500 W Gmail   : 	at ahum.a(PG:1)
07-10 22:46:20.293 19500 19500 W Gmail   : 	at ahum.b(PG:9)
07-10 22:46:20.293 19500 19500 W Gmail   : 	at ahwh.a(PG:7)
07-10 22:46:20.293 19500 19500 W Gmail   : 	at awot.c(PG:2)
07-10 22:46:20.293 19500 19500 W Gmail   : 	at awov.run(PG:9)
07-10 22:46:20.293 19500 19500 W Gmail   : 	... 7 more
07-10 22:46:20.294 19780 19847 I CarrierServices: [42] ajre.a: Initializing Carrier Services Library.
07-10 22:46:20.294 19500 19720 E Gmail   : MailSyncAdapterService:Unable to register account -556370603 with Chime. Rescheduling initial sync.
07-10 22:46:20.298  1493  2668 E SyncManager: SYNC_OP_STATE_INVALID: disallowed by settings/network
07-10 22:46:20.299 13143 19882 I FSA2_SyncState: @readSyncState: # cylr@af41017a
07-10 22:46:20.304 11258 12543 I FontLog : (REDACTED) Received query %s, URI %s
07-10 22:46:20.304 11258 12543 I FontLog : (REDACTED) Query [%s] resolved to %s
07-10 22:46:20.305  1493  1493 W ActivityManager: Unable to start service Intent { cmp=com.google.android.apps.gcs/androidx.work.impl.background.systemjob.SystemJobService } U=0: not found
07-10 22:46:20.305  1493  1493 E JobScheduler.Concurrency: Error executing JobStatus{634ae4 #u0a121/30 com.google.android.apps.gcs/androidx.work.impl.background.systemjob.SystemJobService u=0 s=10121 TIME=-32m53s446ms:none NET READY}
07-10 22:46:20.305 11258 12543 I FontLog : (REDACTED) Fetch %s end status %s
07-10 22:46:20.310  1493  2668 W SyncManager: failed sync operation JobId=100026 ***/com.google u0 [gmail-ls] OTHER ExpectedIn=-1s Reason=AccountsUpdated, SyncResult: stats [ numIoExceptions: 1]
07-10 22:46:20.317 13143 19882 W DataCollectionRegistryC: missing CollectionDefinition for people-pa.googleapis.com/google.internal.people.v2.InternalPeopleService/SyncPeople
07-10 22:46:20.317 19500 19500 W ajwn    : Not running (never started): ajwn@a22f09e
07-10 22:46:20.317 13143 19882 W DataCollectionRegistryC: missing CollectionDefinition for people-pa.googleapis.com/google.internal.people.v2.InternalPeopleService/SyncPeople
07-10 22:46:20.320 19500 19500 E almz    : Sync subscriptions not available
07-10 22:46:20.322 19780 19847 I CarrierServices: [42] akbw.l: Reinitialize CSLib Flags: com.google.android.ims.library
07-10 22:46:20.324 11258 11496 I FontLog : (REDACTED) Pulling font file for id = %d, cache size = %d
07-10 22:46:20.327  1493  1493 W ActivityManager: Unable to start service Intent { cmp=com.google.android.apps.gcs/androidx.work.impl.background.systemjob.SystemJobService } U=0: not found
07-10 22:46:20.327  1493  1493 E JobScheduler.Concurrency: Error executing JobStatus{634ae4 #u0a121/30 com.google.android.apps.gcs/androidx.work.impl.background.systemjob.SystemJobService u=0 s=10121 TIME=-32m53s469ms:none NET READY}
07-10 22:46:20.334 19533 19801 I ProviderInstaller: Installed default security provider GmsCore_OpenSSL
07-10 22:46:20.334 19533 19772 W DynamiteModule: Local module descriptor class for com.google.android.gms.providerinstaller.dynamite not found.
07-10 22:46:20.334 11258 11315 I FontLog : (REDACTED) Pulling font file for id = %d, cache size = %d
07-10 22:46:20.336 19533 19801 W cal.xcw : Application name is not set. Call Builder#setApplicationName.
07-10 22:46:20.336 11258 11494 W ProviderHelper: Unknown dynamite feature providerinstaller.dynamite
07-10 22:46:20.346 19533 19772 W ProviderInstaller: Failed to load providerinstaller module: No acceptable module found. Local version is 0 and remote version is 0.
07-10 22:46:20.347 19533 19772 W ProviderInstaller: Failed to report request stats: com.google.android.gms.common.security.ProviderInstallerImpl.reportRequestStats [class android.content.Context, long, long]
07-10 22:46:20.368 19780 19886 W .apps.messagin: Accessing hidden field Ljava/util/Collections$SynchronizedCollection;->mutex:Ljava/lang/Object; (max-target-o, reflection, denied)
07-10 22:46:20.369 19780 19886 W .apps.messagin: Accessing hidden method Ljava/util/Collections$SynchronizedSet;-><init>(Ljava/util/Set;Ljava/lang/Object;)V (max-target-o, reflection, denied)
07-10 22:46:20.369 19780 19886 W .apps.messagin: Accessing hidden method Ljava/util/Collections$SynchronizedCollection;-><init>(Ljava/util/Collection;Ljava/lang/Object;)V (max-target-o, reflection, denied)
07-10 22:46:20.419 19780 19847 I CarrierServices: [42] ajre.b: Initializing Carrier Services Logging.
07-10 22:46:20.419 13143 15509 I MdiSyncModule: (REDACTED) Receiving API connection from package '%s'...
07-10 22:46:20.420 13143 15509 I MdiSyncModule: API connection successful!
07-10 22:46:20.423 13143 13185 I OpenFileDescriptorOpera: onFailure [CONTEXT service_id=160 ]
07-10 22:46:20.426 13143 13185 I OpenFileDescriptorOpera: onFailure [CONTEXT service_id=160 ]
07-10 22:46:20.429 13143 19882 I FSA2_ContactSyncGrpc: Received non-null API-contact response
07-10 22:46:20.432 13143 19769 I FSA2_SyncState: @readSyncState: # cylr@af41017a
07-10 22:46:20.434 11258 11496 I Auth    : [BroadcastManager] [BroadcastManager] Broadcasting account services changed. [CONTEXT service_id=343 ]
07-10 22:46:20.437 13143 15509 I MdiSyncModule: (REDACTED) Received request for operation '%d' from package '%s', instance id '%s', version '%d'...
07-10 22:46:20.437 13143 15509 I MdiSyncModule: (REDACTED) Operation '%s' dispatched!
07-10 22:46:20.475 19780 19847 I LogSaver: LogSaver new instance with filename: carrier_services
07-10 22:46:20.486 19533 19885 W DynamiteModule: Local module descriptor class for com.google.android.gms.providerinstaller.dynamite not found.
07-10 22:46:20.488 13143 13173 W SyncStatusProvider: No listener found
07-10 22:46:20.492 11258 12371 W ProviderHelper: Unknown dynamite feature providerinstaller.dynamite
07-10 22:46:20.494 19533 19885 W ProviderInstaller: Failed to load providerinstaller module: No acceptable module found. Local version is 0 and remote version is 0.
07-10 22:46:20.496 19533 19885 W ProviderInstaller: Failed to report request stats: com.google.android.gms.common.security.ProviderInstallerImpl.reportRequestStats [class android.content.Context, long, long]
