07-10 22:46:19.012  1493  3942 W PermissionManagerService: Datasource android.content.AttributionSource@4dd56226 protecting data with platform defined runtime permission android.permission.READ_CONTACTS while not having android.permission.UPDATE_APP_OPS_STATS
07-10 22:46:19.014  1493  3942 D CompatibilityChangeReporter: Compat change id reported: 178209446; UID 10227; state: DISABLED
07-10 22:46:19.016  1493  2668 E SyncManager: Couldn't find backoff values for Account {name=xxxxxxxxxxxxxxxxxxxxxxxxxx-xx@xxxxxxxxxxxxxxxxxxxx.xxx, type=com.google}/com.google.android.gms.people:u0
07-10 22:46:19.017 19436 19451 I AbstractFileContentProvider: file '/storage/emulated/0/googletest/test_exportproperties/properties.dat': found
07-10 22:46:19.021 13143 15509 I PeopleGalProvider: Gal directories started.
07-10 22:46:19.024 13143 15509 I PeopleGalProvider: Method 1 completed.
07-10 22:46:19.024 13143 15509 I PeopleGalProvider: Method 1 finished successfully.
07-10 22:46:19.026  1493  2668 E SyncManager: Couldn't find backoff values for Account {name=xxxxxxxxxxxxxxxxxxxxxxxxxx-xx@xxxxxxxxxxxxxxxxxxxx.xxx, type=com.google}/com.google.android.location.reporting:u0
07-10 22:46:19.028 19400 19416 I LoginUtil: Successfully added Account {name=OR5EOSEQLZFJX2O3VOQHS4Z6Q4-00@cloudtestlabaccounts.com, type=com.google}, attempt 1
07-10 22:46:19.028 19400 19416 D LoginUtil: Instrumentation completed successfully
07-10 22:46:19.028  1493  5357 I ActivityManager: Force stopping com.google.android.apps.mtaas.loginutil appid=10219 user=0: finished inst
07-10 22:46:19.029  1493  5357 I ActivityManager: Killing 19400:com.google.android.apps.mtaas.loginutil/u0a219 (adj 0): stop com.google.android.apps.mtaas.loginutil due to finished inst
07-10 22:46:19.032 19386 19386 D AndroidRuntime: Shutting down VM
07-10 22:46:19.035  1493  1573 I libprocessgroup: Successfully killed process cgroup uid 10219 pid 19400 in 5ms
07-10 22:46:19.038 19500 19559 W ogle.android.g: Accessing hidden field Ljava/util/Collections$SynchronizedCollection;->mutex:Ljava/lang/Object; (max-target-o, reflection, denied)
07-10 22:46:19.038  3552 19496 I ContactDirectoryManager: deleted 0 stale rows which don't have any relevant directory
07-10 22:46:19.039  3552 19496 I ContactDirectoryManager: Discovered 1 contact directories in 148ms
07-10 22:46:19.039 19500 19559 W ogle.android.g: Accessing hidden method Ljava/util/Collections$SynchronizedSet;-><init>(Ljava/util/Set;Ljava/lang/Object;)V (max-target-o, reflection, denied)
07-10 22:46:19.039 19500 19559 W ogle.android.g: Accessing hidden method Ljava/util/Collections$SynchronizedCollection;-><init>(Ljava/util/Collection;Ljava/lang/Object;)V (max-target-o, reflection, denied)
07-10 22:46:19.042  2683  2683 D BluetoothPbapService:  onChange on contact uri 
07-10 22:46:19.045  1493  2668 E SyncManager: Couldn't find backoff values for Account {name=xxxxxxxxxxxxxxxxxxxxxxxxxx-xx@xxxxxxxxxxxxxxxxxxxx.xxx, type=com.google}/com.google.android.gms.reminders:u0
07-10 22:46:19.049 19533 19568 W ndroid.calenda: Accessing hidden field Ljava/util/Collections$SynchronizedCollection;->mutex:Ljava/lang/Object; (max-target-o, reflection, denied)
07-10 22:46:19.049 19533 19568 W ndroid.calenda: Accessing hidden method Ljava/util/Collections$SynchronizedSet;-><init>(Ljava/util/Set;Ljava/lang/Object;)V (max-target-o, reflection, denied)
07-10 22:46:19.049 19533 19568 W ndroid.calenda: Accessing hidden method Ljava/util/Collections$SynchronizedCollection;-><init>(Ljava/util/Collection;Ljava/lang/Object;)V (max-target-o, reflection, denied)
07-10 22:46:19.053   664   664 I Zygote  : Process 19400 exited due to signal 9 (Killed)
07-10 22:46:19.055  1493  1493 W ActivityManager: Unable to start service Intent { cmp=com.google.android.apps.gcs/androidx.work.impl.background.systemjob.SystemJobService } U=0: not found
07-10 22:46:19.055  1493  1493 E JobScheduler.Concurrency: Error executing JobStatus{634ae4 #u0a121/30 com.google.android.apps.gcs/androidx.work.impl.background.systemjob.SystemJobService u=0 s=10121 TIME=-32m52s196ms:none NET READY}
07-10 22:46:19.059  1493  2668 E SyncManager: Couldn't find backoff values for Account {name=xxxxxxxxxxxxxxxxxxxxxxxxxx-xx@xxxxxxxxxxxxxxxxxxxx.xxx, type=com.google}/subscribedfeeds:u0
07-10 22:46:19.059  1493  2751 V ActivityManager: Got obituary of 19400:com.google.android.apps.mtaas.loginutil
07-10 22:46:19.065  1493  2668 E SyncManager: Couldn't find backoff values for Account {name=xxxxxxxxxxxxxxxxxxxxxxxxxx-xx@xxxxxxxxxxxxxxxxxxxx.xxx, type=com.google}/com.google.android.gms.fitness:u0
07-10 22:46:19.067  2683 19567 D BluetoothPbapUtils: primaryVersionCounter = 0, secondaryVersionCounter=0
07-10 22:46:19.070  1493  2668 E SyncManager: SYNC_OP_STATE_INVALID: account doesn't exist.
07-10 22:46:19.070  1493  2668 E SyncManager: SYNC_OP_STATE_INVALID: account doesn't exist.
07-10 22:46:19.070  1493  2668 E SyncManager: SYNC_OP_STATE_INVALID: account doesn't exist.
07-10 22:46:19.070  1493  2668 E SyncManager: SYNC_OP_STATE_INVALID: account doesn't exist.
07-10 22:46:19.070  1493  2668 E SyncManager: SYNC_OP_STATE_INVALID: account doesn't exist.
07-10 22:46:19.071  1493  2668 E SyncManager: SYNC_OP_STATE_INVALID: account doesn't exist.
07-10 22:46:19.071  1493  2668 E SyncManager: SYNC_OP_STATE_INVALID: account doesn't exist.
07-10 22:46:19.071  3979 19566 D TextClassifierLibImpl: Skipping asynchronous LangId reload. No model change.
07-10 22:46:19.071  1493  2668 E SyncManager: SYNC_OP_STATE_INVALID: account doesn't exist.
07-10 22:46:19.071  3979 19566 D TextClassifierLibImpl: Skipping asynchronous actions model reload. No model change.
07-10 22:46:19.071  3979 19566 D TextClassifierLibImpl: Skipping asynchronous annotator reload. No model change.
07-10 22:46:19.073  1493  1571 I DropBoxManagerService: add tag=system_server_wtf isTagEnabled=true flags=0x2
07-10 22:46:19.073  1493  1571 I DropBoxManagerService: add tag=system_server_wtf isTagEnabled=true flags=0x2
07-10 22:46:19.074  1493  1571 I DropBoxManagerService: add tag=system_server_wtf isTagEnabled=true flags=0x2
07-10 22:46:19.074  1493  2668 E SyncManager: SYNC_OP_STATE_INVALID: disallowed by settings/network
07-10 22:46:19.075  1493  2668 E SyncManager: SYNC_OP_STATE_INVALID: account doesn't exist.
07-10 22:46:19.075  1493  1571 I DropBoxManagerService: add tag=system_server_wtf isTagEnabled=true flags=0x2
07-10 22:46:19.075  1493  2668 E SyncManager: SYNC_OP_STATE_INVALID: account doesn't exist.
07-10 22:46:19.075  1493  2668 E SyncManager: SYNC_OP_STATE_INVALID: account doesn't exist.
07-10 22:46:19.075  1493  1571 I DropBoxManagerService: add tag=system_server_wtf isTagEnabled=true flags=0x2
07-10 22:46:19.080 11258 15030 I NetworkScheduler.Stats: (REDACTED) Task %s/%s started execution. cause:%s exec_start_elapsed_seconds: %s
07-10 22:46:19.083  1493  3477 D CompatibilityChangeReporter: Compat change id reported: 135634846; UID 10060; state: DISABLED
07-10 22:46:19.083  1493  3477 D CompatibilityChangeReporter: Compat change id reported: 177438394; UID 10060; state: DISABLED
07-10 22:46:19.083  1493  3477 D CompatibilityChangeReporter: Compat change id reported: 135772972; UID 10060; state: DISABLED
07-10 22:46:19.083  1493  3477 D CompatibilityChangeReporter: Compat change id reported: 135754954; UID 10060; state: ENABLED
07-10 22:46:19.084  1493  1572 D CompatibilityChangeReporter: Compat change id reported: 143937733; UID 10060; state: ENABLED
07-10 22:46:19.087 11258 13713 I NetworkScheduler.Stats: (REDACTED) Task %s/%s finished executing. cause:%s result: %s elapsed_millis: %s uptime_millis: %s exec_start_elapsed_seconds: %s
07-10 22:46:19.092   664   664 D Zygote  : Forked child process 19587
07-10 22:46:19.095  1493  1572 I ActivityManager: Start proc 19587:com.android.providers.calendar/u0a60 for content provider {com.android.providers.calendar/com.android.providers.calendar.CalendarProvider2}
07-10 22:46:19.107 13143 13143 D BoundBrokerSvc: onBind: Intent { act=com.google.android.mobstore.service.START pkg=com.google.android.gms }
07-10 22:46:19.107 13143 13143 D BoundBrokerSvc: Loading bound service for intent: Intent { act=com.google.android.mobstore.service.START pkg=com.google.android.gms }
07-10 22:46:19.110 19587 19587 E viders.calenda: Not starting debugger since process cannot load the jdwp agent.
07-10 22:46:19.130 13143 13143 D BoundBrokerSvc: onBind: Intent { act=com.google.android.gms.mdisync.service.START dat=chimera-action: cmp=com.google.android.gms/.chimera.GmsApiService }
07-10 22:46:19.130 13143 13143 D BoundBrokerSvc: Loading bound service for intent: Intent { act=com.google.android.gms.mdisync.service.START dat=chimera-action: cmp=com.google.android.gms/.chimera.GmsApiService }
07-10 22:46:19.137 19587 19587 D CompatibilityChangeReporter: Compat change id reported: 171979766; UID 10060; state: ENABLED
07-10 22:46:19.147 19500 19582 I org.webrtc.Logging: CrashStartupListener: Checking conference crashes for 0 account(s).
07-10 22:46:19.155 19587 19587 V GraphicsEnvironment: ANGLE Developer option for 'com.android.providers.calendar' set to: 'default'
07-10 22:46:19.156 19587 19587 V GraphicsEnvironment: ANGLE GameManagerService for com.android.providers.calendar: false
07-10 22:46:19.156 19587 19587 V GraphicsEnvironment: Neither updatable production driver nor prerelease driver is supported.
07-10 22:46:19.157 19587 19587 D NetworkSecurityConfig: No Network Security Config specified, using platform default
07-10 22:46:19.157 19587 19587 D NetworkSecurityConfig: No Network Security Config specified, using platform default
07-10 22:46:19.161  1493  2668 E SyncManager: SYNC_OP_STATE_INVALID: account doesn't exist.
07-10 22:46:19.161 11258 11496 W ProviderHelper: Unknown dynamite feature flags
07-10 22:46:19.161  1493  2668 E SyncManager: SYNC_OP_STATE_INVALID: account doesn't exist.
07-10 22:46:19.161  1493  2668 E SyncManager: SYNC_OP_STATE_INVALID: account doesn't exist.
07-10 22:46:19.162  1493  2668 E SyncManager: SYNC_OP_STATE_INVALID: account doesn't exist.
07-10 22:46:19.162  1493  2668 E SyncManager: Couldn't find backoff values for Account {name=xxxxxxxxxxxxxxxxxxxxxxxxxx-xx@xxxxxxxxxxxxxxxxxxxx.xxx, type=com.google}/com.google.android.gms.subscribedfeeds:u0
07-10 22:46:19.164 11258 19630 I GmsDebugLogger: [89] flags
07-10 22:46:19.166  1493  2668 E SyncManager: Couldn't find backoff values for Account {name=xxxxxxxxxxxxxxxxxxxxxxxxxx-xx@xxxxxxxxxxxxxxxxxxxx.xxx, type=com.google}/com.google.android.gms.games.background:u0
07-10 22:46:19.167 11258 11496 I FontLog : (REDACTED) Received query %s, URI %s
07-10 22:46:19.167 11258 11496 I FontLog : (REDACTED) Query [%s] resolved to %s
07-10 22:46:19.169 11258 11496 I FontLog : (REDACTED) Fetch %s end status %s
07-10 22:46:19.171 11258 11496 I FontLog : (REDACTED) Pulling font file for id = %d, cache size = %d
07-10 22:46:19.172 19500 19626 W DynamiteModule: Local module descriptor class for com.google.android.gms.crash not found.
07-10 22:46:19.174 11258 15030 I dtur    : (REDACTED) Starting batch sync for corpora: %s
07-10 22:46:19.175 19587 19587 I CalendarProvider2: Created com.android.providers.calendar.CalendarAlarmManager@2cebd18(com.android.providers.calendar.CalendarProvider2@8340371)
07-10 22:46:19.178 19533 19533 D CompatibilityChangeReporter: Compat change id reported: 160794467; UID 10182; state: DISABLED
07-10 22:46:19.178 11258 11496 I FontLog : (REDACTED) Pulling font file for id = %d, cache size = %d
07-10 22:46:19.184  1493  2668 E SyncManager: Couldn't find backoff values for Account {name=xxxxxxxxxxxxxxxxxxxxxxxxxx-xx@xxxxxxxxxxxxxxxxxxxx.xxx, type=com.google}/com.google.android.gms.games:u0
07-10 22:46:19.185  1493  3944 D CompatibilityChangeReporter: Compat change id reported: 143231523; UID 10182; state: DISABLED
07-10 22:46:19.186  1493  2668 E SyncManager: SYNC_OP_STATE_INVALID: account doesn't exist.
07-10 22:46:19.188  1493  2668 E SyncManager: SYNC_OP_STATE_INVALID: account doesn't exist.
07-10 22:46:19.188  1493  2668 E SyncManager: SYNC_OP_STATE_INVALID: account doesn't exist.
07-10 22:46:19.188  1493  2668 E SyncManager: SYNC_OP_STATE_INVALID: account doesn't exist.
07-10 22:46:19.189  1493  2668 E SyncManager: SYNC_OP_STATE_INVALID: account doesn't exist.
07-10 22:46:19.194  1493  2668 E SyncManager: SYNC_OP_STATE_INVALID: account doesn't exist.
07-10 22:46:19.195  1493  3944 D CompatibilityChangeReporter: Compat change id reported: 143231523; UID 10060; state: DISABLED
07-10 22:46:19.196  1493  2668 E SyncManager: SYNC_OP_STATE_INVALID: account doesn't exist.
07-10 22:46:19.196  1493  2668 E SyncManager: SYNC_OP_STATE_INVALID: account doesn't exist.
07-10 22:46:19.196  1493  2668 E SyncManager: SYNC_OP_STATE_INVALID: account doesn't exist.
07-10 22:46:19.199  1493  2668 W JobInfo : Requested flex +57m36s0ms for job 100015 is too small; raising to +1h12m0s0ms
07-10 22:46:19.199  1493  2668 E SyncManager: Couldn't find backoff values for Account {name=xxxxxxxxxxxxxxxxxxxxxxxxxx-xx@xxxxxxxxxxxxxxxxxxxx.xxx, type=com.google}/com.google.android.apps.docs:u0
07-10 22:46:19.206 11258 19645 E gclu    : *~*~*~ Previous channel {0} was garbage collected without being shut down! ~*~*~*
07-10 22:46:19.206 11258 19645 E gclu    :     Make sure to call shutdown()/shutdownNow()
07-10 22:46:19.206 11258 19645 E gclu    : java.lang.RuntimeException: ManagedChannel allocation site
07-10 22:46:19.206 11258 19645 E gclu    : 	at gclt.<init>(:com.google.android.gms@242335038@24.23.35 (190400-646585959):21)
07-10 22:46:19.206 11258 19645 E gclu    : 	at gclu.<init>(:com.google.android.gms@242335038@24.23.35 (190400-646585959):10)
07-10 22:46:19.206 11258 19645 E gclu    : 	at gcls.a(:com.google.android.gms@242335038@24.23.35 (190400-646585959):244)
07-10 22:46:19.206 11258 19645 E gclu    : 	at gbvj.a(:com.google.android.gms@242335038@24.23.35 (190400-646585959):5)
07-10 22:46:19.206 11258 19645 E gclu    : 	at anbr.a(:com.google.android.gms@242335038@24.23.35 (190400-646585959):59)
07-10 22:46:19.206 11258 19645 E gclu    : 	at anbi.e(:com.google.android.gms@242335038@24.23.35 (190400-646585959):346)
07-10 22:46:19.206 11258 19645 E gclu    : 	at anbi.f(:com.google.android.gms@242335038@24.23.35 (190400-646585959):5)
07-10 22:46:19.206 11258 19645 E gclu    : 	at bcwo.a(:com.google.android.gms@242335038@24.23.35 (190400-646585959):689)
07-10 22:46:19.206 11258 19645 E gclu    : 	at anaq.call(:com.google.android.gms@242335038@24.23.35 (190400-646585959):3)
07-10 22:46:19.206 11258 19645 E gclu    : 	at java.util.concurrent.FutureTask.run(FutureTask.java:266)
07-10 22:46:19.206 11258 19645 E gclu    : 	at angs.c(:com.google.android.gms@242335038@24.23.35 (190400-646585959):50)
07-10 22:46:19.206 11258 19645 E gclu    : 	at angs.run(:com.google.android.gms@242335038@24.23.35 (190400-646585959):97)
07-10 22:46:19.206 11258 19645 E gclu    : 	at java.util.concurrent.ThreadPoolExecutor.runWorker(ThreadPoolExecutor.java:1167)
07-10 22:46:19.206 11258 19645 E gclu    : 	at java.util.concurrent.ThreadPoolExecutor$Worker.run(ThreadPoolExecutor.java:641)
07-10 22:46:19.206 11258 19645 E gclu    : 	at anmg.run(:com.google.android.gms@242335038@24.23.35 (190400-646585959):8)
07-10 22:46:19.206 11258 19645 E gclu    : 	at java.lang.Thread.run(Thread.java:920)
07-10 22:46:19.207  1493  2668 W JobInfo : Requested flex +57m36s0ms for job 100017 is too small; raising to +1h12m0s0ms
07-10 22:46:19.208 19500 19571 D CompatibilityChangeReporter: Compat change id reported: 160794467; UID 10183; state: DISABLED
07-10 22:46:19.218 19500 19500 W Gmail   : AccountUtils:For b/73513912, load account content://com.google.android.gm.sapi/account.-2137146394 from MailAppProvider. Is account valid result: 1.
07-10 22:46:19.220 19500 19500 W Gmail   : AccountUtils:For b/73513912, load account content://com.google.android.gm.email.provider/account.-437561172?suppress_combined%3Dtrue from MailAppProvider. Is account valid result: 1.
07-10 22:46:19.223  1493  2668 W JobInfo : Requested flex +57m36s0ms for job 100018 is too small; raising to +1h12m0s0ms
07-10 22:46:19.236 11258 11496 W Auth    : [GaiaServicesFlagManager] Services not available! [CONTEXT service_id=343 ]
07-10 22:46:19.236 13143 15511 I MdiSyncModule: (REDACTED) Receiving API connection from package '%s'...
07-10 22:46:19.237 19500 19626 I FirebaseCrashApiImpl: FirebaseCrashApiImpl created by ClassLoader dalvik.system.DelegateLastClassLoader[DexPathList[[zip file "/data/user_de/0/com.google.android.gms/app_chimera/m/0000000d/DynamiteModulesC.uncompressed.apk"],nativeLibraryDirectories=[/data/user_de/0/com.google.android.gms/app_chimera/m/0000000d/DynamiteModulesC.uncompressed.apk!/lib/arm64-v8a, /system/lib64, /system_ext/lib64]]]
07-10 22:46:19.239 13143 15511 I MdiSyncModule: API connection successful!
07-10 22:46:19.241 11258 12543 W ProviderHelper: Unknown dynamite feature flags
07-10 22:46:19.241 11258 19630 I GmsDebugLogger: [89] flags
07-10 22:46:19.242 19500 19627 I DynamiteModule: Considering local module com.google.android.gms.flags:3 and remote module com.google.android.gms.flags:0
07-10 22:46:19.242 19500 19627 I DynamiteModule: Selected local version of com.google.android.gms.flags
07-10 22:46:19.243 19500 19627 W DynamiteModule: Local module descriptor class for com.google.android.gms.crash not found.
07-10 22:46:19.244  1493  2668 W JobInfo : Requested flex +57m36s0ms for job 100019 is too small; raising to +1h12m0s0ms
07-10 22:46:19.245 11258 17962 I dtxw    : (REDACTED) Setting isLegacySQLite mode to %s.
07-10 22:46:19.248 19500 19657 D CompatibilityChangeReporter: Compat change id reported: 150939131; UID 10183; state: ENABLED
07-10 22:46:19.251 11258 17962 I dtxw    : The GellerConfig is not present, returning null.
07-10 22:46:19.251 11258 17962 I dtxw    : (REDACTED) The GellerConfig is not present, defaulting isUploadEnabled for corpus %s to true.
07-10 22:46:19.253 11258 17962 I dtxw    : The GellerConfig is not present, returning null.
07-10 22:46:19.254 11258 17962 I dtxw    : (REDACTED) The GellerConfig is not present, defaulting isUploadEnabled for corpus %s to true.
07-10 22:46:19.254 19500 19627 I FirebaseCrashApiImpl: FirebaseCrash reporting API initialized
07-10 22:46:19.255 19500 19627 W FirebaseCrashAnalytics: Unable to log event, missing Google Analytics for Firebase library
07-10 22:46:19.256  1493  2668 W JobInfo : Requested flex +57m36s0ms for job 100020 is too small; raising to +1h12m0s0ms
07-10 22:46:19.262 11258 15030 I dtur    : (REDACTED) No previous syncToken for corpus %s found.
07-10 22:46:19.269 11258 12543 W Auth    : [GaiaServicesFlagManager] Services not available! [CONTEXT service_id=343 ]
07-10 22:46:19.272 11258 15030 I dtur    : (REDACTED) No previous syncToken for corpus %s found.
07-10 22:46:19.273 13143 16764 I OpenFileDescriptorOpera: onFailure [CONTEXT service_id=160 ]
07-10 22:46:19.275  1493  2668 W JobInfo : Requested flex +57m36s0ms for job 100021 is too small; raising to +1h12m0s0ms
07-10 22:46:19.277 11258 17962 W gcau    : Failed to create JWT helper. This is unexpected
07-10 22:46:19.277 11258 17962 W gcau    : java.lang.NoSuchMethodException: emyf.getScopes []
07-10 22:46:19.277 11258 17962 W gcau    : 	at java.lang.Class.getMethod(Class.java:2103)
07-10 22:46:19.277 11258 17962 W gcau    : 	at java.lang.Class.getMethod(Class.java:1724)
07-10 22:46:19.277 11258 17962 W gcau    : 	at gcas.<init>(:com.google.android.gms@242335038@24.23.35 (190400-646585959):15)
07-10 22:46:19.277 11258 17962 W gcau    : 	at gcau.<clinit>(:com.google.android.gms@242335038@24.23.35 (190400-646585959):27)
07-10 22:46:19.277 11258 17962 W gcau    : 	at gcav.a(:com.google.android.gms@242335038@24.23.35 (190400-646585959):1)
07-10 22:46:19.277 11258 17962 W gcau    : 	at dtur.c(:com.google.android.gms@242335038@24.23.35 (190400-646585959):92)
07-10 22:46:19.277 11258 17962 W gcau    : 	at dtul.a(:com.google.android.gms@242335038@24.23.35 (190400-646585959):32)
07-10 22:46:19.277 11258 17962 W gcau    : 	at emss.a(:com.google.android.gms@242335038@24.23.35 (190400-646585959):18)
07-10 22:46:19.277 11258 17962 W gcau    : 	at etwy.c(:com.google.android.gms@242335038@24.23.35 (190400-646585959):8)
07-10 22:46:19.277 11258 17962 W gcau    : 	at etwr.a(:com.google.android.gms@242335038@24.23.35 (190400-646585959):7)
07-10 22:46:19.277 11258 17962 W gcau    : 	at etvv.d(:com.google.android.gms@242335038@24.23.35 (190400-646585959):3)
07-10 22:46:19.277 11258 17962 W gcau    : 	at etvx.run(:com.google.android.gms@242335038@24.23.35 (190400-646585959):42)
07-10 22:46:19.277 11258 17962 W gcau    : 	at angs.c(:com.google.android.gms@242335038@24.23.35 (190400-646585959):50)
07-10 22:46:19.277 11258 17962 W gcau    : 	at angs.run(:com.google.android.gms@242335038@24.23.35 (190400-646585959):76)
07-10 22:46:19.277 11258 17962 W gcau    : 	at java.util.concurrent.ThreadPoolExecutor.runWorker(ThreadPoolExecutor.java:1167)
07-10 22:46:19.277 11258 17962 W gcau    : 	at java.util.concurrent.ThreadPoolExecutor$Worker.run(ThreadPoolExecutor.java:641)
07-10 22:46:19.277 11258 17962 W gcau    : 	at anmg.run(:com.google.android.gms@242335038@24.23.35 (190400-646585959):8)
07-10 22:46:19.277 11258 17962 W gcau    : 	at java.lang.Thread.run(Thread.java:920)
07-10 22:46:19.281 13143 16764 I OpenFileDescriptorOpera: onFailure [CONTEXT service_id=160 ]
07-10 22:46:19.285 19500 19677 W xhd     : Toggling Chat components off.
07-10 22:46:19.286 13143 16764 I OpenFileDescriptorOpera: onFailure [CONTEXT service_id=160 ]
07-10 22:46:19.286  1493  2668 W JobInfo : Requested flex +57m36s0ms for job 100022 is too small; raising to +1h12m0s0ms
07-10 22:46:19.287 19500 19677 W xhd     : Toggling Meet components off.
07-10 22:46:19.288  1493  2668 W JobInfo : Requested flex +57m36s0ms for job 100023 is too small; raising to +1h12m0s0ms
07-10 22:46:19.288 13143 15511 I MdiSyncModule: (REDACTED) Received request for operation '%d' from package '%s', instance id '%s', version '%d'...
07-10 22:46:19.289  1493  2668 W JobInfo : Requested flex +57m36s0ms for job 100024 is too small; raising to +1h12m0s0ms
07-10 22:46:19.290  1493  2668 W JobInfo : Requested flex +57m36s0ms for job 100025 is too small; raising to +1h12m0s0ms
07-10 22:46:19.291 13143 15511 I GmsCoreXrpcWrapper: (REDACTED) Returning a channel provider with trafficStatsTag=%d trafficStatsUid=%d
07-10 22:46:19.294  1493  2668 E SyncManager: Couldn't find backoff values for Account {name=xxxxxxxxxxxxxxxxxxxxxxxxxx-xx@xxxxxxxxxxxxxxxxxxxx.xxx, type=com.google}/gmail-ls:u0
07-10 22:46:19.295 13143 19679 I FSA2_GmsContactsSyncAdapter: @onPerformSync
07-10 22:46:19.299 13143 19679 W FSA2_ContactsSyncAdapter: @onPerformSync Sync started
07-10 22:46:19.309 13143 19679 W ChimeraUtils: Module com.google.android.gms.people missing resource null(0)
07-10 22:46:19.309 19533 19682 I c.zhd   : Obtained writable database SQLiteDatabase/95555181 instance with path /data/user/0/com.google.android.calendar/databases/cal_v2a
07-10 22:46:19.310  1493  2668 E SyncManager: Couldn't find backoff values for Account {name=xxxxxxxxxxxxxxxxxxxxxxxxxx-xx@xxxxxxxxxxxxxxxxxxxx.xxx, type=com.google}/com.google.android.calendar.tasks:u0
07-10 22:46:19.311 13143 16764 I MdiSyncModule: (REDACTED) Executing operation '%d'...
07-10 22:46:19.311 13143 15511 I MdiSyncModule: (REDACTED) Operation '%s' dispatched!
07-10 22:46:19.315 19533 19674 I c.zfk   : The schema version is 17, the database version is 17, and there are 0 migrations
07-10 22:46:19.318  1493  2668 E SyncManager: Couldn't find backoff values for Account {name=xxxxxxxxxxxxxxxxxxxxxxxxxx-xx@xxxxxxxxxxxxxxxxxxxx.xxx, type=com.google}/com.google.android.calendar:u0
07-10 22:46:19.326 13143 19679 W FSA2_ContactsSyncAdapter: Done initializing new account, sync neither attempted nor performed
07-10 22:46:19.326  1493  2668 E SyncManager: Couldn't find backoff values for Account {name=xxxxxxxxxxxxxxxxxxxxxxxxxx-xx@xxxxxxxxxxxxxxxxxxxx.xxx, type=com.google}/com.android.calendar:u0
07-10 22:46:19.332 19516 19690 D libEGL  : loaded /vendor/lib64/egl/libGLES_mali.so
07-10 22:46:19.334 13143 19679 W FSA2_ContactsSyncAdapter: @onPerformSync Sync is not required and hence skipped.
07-10 22:46:19.340  1493  2668 W JobInfo : Requested flex +57m36s0ms for job 100030 is too small; raising to +1h12m0s0ms
07-10 22:46:19.342 13143 19698 W RemindersSync: Reminder account not found, aborting sync. [T SyncAdapterThread-1:id=316:priority=5:group=main] [CONTEXT service_id=18 ]
07-10 22:46:19.344  1493  2668 E SyncManager: SYNC_OP_STATE_INVALID: disallowed by settings/network
07-10 22:46:19.345 11258 19699 I AlarmManager: set [name: SystemMemoryCache type: 2 triggerAtMillis: 315362332264 windowMillis: -1 intervalMillis: 0]
07-10 22:46:19.345  1493  2668 W JobInfo : Requested flex +57m36s0ms for job 100031 is too small; raising to +1h12m0s0ms
07-10 22:46:19.354 13143 19679 W ChimeraUtils: Module com.google.android.gms.people missing resource null(0)
07-10 22:46:19.355  1493  2668 W JobInfo : Requested flex +57m36s0ms for job 100032 is too small; raising to +1h12m0s0ms
07-10 22:46:19.355 13143 19679 W ChimeraUtils: Module com.google.android.gms.people missing resource null(0)
07-10 22:46:19.368  1493  2668 W JobInfo : Requested flex +57m36s0ms for job 100034 is too small; raising to +1h12m0s0ms
07-10 22:46:19.389 15073 15149 I Finsky  : [46] abhx.b(25): Current account updated in PVS
07-10 22:46:19.393 15073 15073 I Finsky  : [2] advq.onStartJob(128): SCH: job service start with id 9144.
07-10 22:46:19.408 15073 18753 I Finsky  : [162] acnq.a(566): SCH: Satisfied jobs for 9144 are: 12-1
07-10 22:46:19.438 15073 19705 I Finsky  : [171] aduc.accept(195): SCH: Job 12-1 starting
07-10 22:46:19.439 15073 15073 I Finsky  : [2] ContentSyncJob.h(11): [ContentSync] job started
07-10 22:46:19.440 15073 15073 I Finsky  : [2] wda.s(77): Enqueuing libraries load for 811431010
07-10 22:46:19.440 15073 15183 I Finsky  : [57] wda.t(14): Starting libraries load for 811431010
07-10 22:46:19.442 15073 15183 I Finsky  : [57] wda.t(287): Loaded library for account: [yjSI7HK-6ErgjS5rehfQDyQ38osIwt3oZEKqb1ARupM]
07-10 22:46:19.445 15073 15183 I Finsky  : [57] wda.t(356): Finished loading 1 libraries.
07-10 22:46:19.459 19516 19690 D mali_cmarp_predictor: checking cmar_predictor for com.google.android.apps.maps
07-10 22:46:19.475 19516 19707 D CompatibilityChangeReporter: Compat change id reported: 160794467; UID 10156; state: ENABLED
07-10 22:46:19.487 11258 11258 D BoundBrokerSvc: onRebind: Intent { act=com.google.android.gms.clearcut.bootcount.service.START pkg=com.google.android.gms }
07-10 22:46:19.529  1493  2668 E SyncManager: SYNC_OP_STATE_INVALID: disallowed by settings/network
07-10 22:46:19.543 19500 19727 D StrictMode: StrictMode policy violation: android.os.strictmode.DiskReadViolation
07-10 22:46:19.543 19500 19727 D StrictMode: 	at android.os.StrictMode$AndroidBlockGuardPolicy.onReadFromDisk(StrictMode.java:1659)
07-10 22:46:19.543 19500 19727 D StrictMode: 	at android.app.SharedPreferencesImpl.hasFileChangedUnexpectedly(SharedPreferencesImpl.java:244)
07-10 22:46:19.543 19500 19727 D StrictMode: 	at android.app.SharedPreferencesImpl.startReloadIfChangedUnexpectedly(SharedPreferencesImpl.java:220)
07-10 22:46:19.543 19500 19727 D StrictMode: 	at android.app.ContextImpl.getSharedPreferences(ContextImpl.java:570)
07-10 22:46:19.543 19500 19727 D StrictMode: 	at android.app.ContextImpl.getSharedPreferences(ContextImpl.java:541)
07-10 22:46:19.543 19500 19727 D StrictMode: 	at android.content.ContextWrapper.getSharedPreferences(ContextWrapper.java:196)
07-10 22:46:19.543 19500 19727 D StrictMode: 	at android.content.ContextWrapper.getSharedPreferences(ContextWrapper.java:196)
07-10 22:46:19.543 19500 19727 D StrictMode: 	at android.content.ContextWrapper.getSharedPreferences(ContextWrapper.java:196)
07-10 22:46:19.543 19500 19727 D StrictMode: 	at com.google.android.gms.ads.identifier.settings.b.b(:com.google.android.gms@242335038@24.23.35 (190400-646585959):6)
07-10 22:46:19.543 19500 19727 D StrictMode: 	at com.google.android.gms.ads.identifier.settings.b.m(:com.google.android.gms@242335038@24.23.35 (190400-646585959):4)
07-10 22:46:19.543 19500 19727 D StrictMode: 	at com.google.android.gms.ads.identifier.settings.b.o(:com.google.android.gms@242335038@24.23.35 (190400-646585959):4)
07-10 22:46:19.543 19500 19727 D StrictMode: 	at com.google.android.gms.ads.identifier.settings.b.f(:com.google.android.gms@242335038@24.23.35 (190400-646585959):12)
07-10 22:46:19.543 19500 19727 D StrictMode: 	at com.google.android.gms.ads.identifier.internal.c.g(:com.google.android.gms@242335038@24.23.35 (190400-646585959):7)
07-10 22:46:19.543 19500 19727 D StrictMode: 	at com.google.android.gms.ads.identifier.internal.c.hf(:com.google.android.gms@242335038@24.23.35 (190400-646585959):194)
07-10 22:46:19.543 19500 19727 D StrictMode: 	at oxh.onTransact(:com.google.android.gms@242335038@24.23.35 (190400-646585959):96)
07-10 22:46:19.543 19500 19727 D StrictMode: 	at android.os.Binder.transact(Binder.java:1064)
07-10 22:46:19.543 19500 19727 D StrictMode: 	at bjld.onTransact(:com.google.android.gms@242335038@24.23.35 (190400-646585959):18)
07-10 22:46:19.543 19500 19727 D StrictMode: 	at android.os.Binder.transact(Binder.java:1064)
07-10 22:46:19.543 19500 19727 D StrictMode: 	at bbqp.onTransact(:com.google.android.gms@242335038@24.23.35 (190400-646585959):147)
07-10 22:46:19.543 19500 19727 D StrictMode: 	at android.os.Binder.execTransactInternal(Binder.java:1179)
07-10 22:46:19.543 19500 19727 D StrictMode: 	at android.os.Binder.execTransact(Binder.java:1143)
07-10 22:46:19.543 19500 19727 D StrictMode: # via Binder call with stack:
07-10 22:46:19.543 19500 19727 D StrictMode: 	at android.os.StrictMode.readAndHandleBinderCallViolations(StrictMode.java:2497)
07-10 22:46:19.543 19500 19727 D StrictMode: 	at android.os.Parcel.readExceptionCode(Parcel.java:2370)
07-10 22:46:19.543 19500 19727 D StrictMode: 	at android.os.Parcel.readException(Parcel.java:2331)
07-10 22:46:19.543 19500 19727 D StrictMode: 	at guh.s(PG:2)
07-10 22:46:19.543 19500 19727 D StrictMode: 	at dgx.run(PG:20)
07-10 22:46:19.543 19500 19727 D StrictMode: 	at vfy.run(PG:4)
07-10 22:46:19.543 19500 19727 D StrictMode: 	at java.util.concurrent.ThreadPoolExecutor.runWorker(ThreadPoolExecutor.java:1167)
07-10 22:46:19.543 19500 19727 D StrictMode: 	at java.util.concurrent.ThreadPoolExecutor$Worker.run(ThreadPoolExecutor.java:641)
07-10 22:46:19.543 19500 19727 D StrictMode: 	at vfn.run(Unknown Source:7)
07-10 22:46:19.543 19500 19727 D StrictMode: 	at vfi.run(Unknown Source:7)
07-10 22:46:19.543 19500 19727 D StrictMode: 	at java.lang.Thread.run(Thread.java:920)
07-10 22:46:19.543 19500 19727 D StrictMode: StrictMode policy violation: android.os.strictmode.DiskReadViolation
07-10 22:46:19.543 19500 19727 D StrictMode: 	at android.os.StrictMode$AndroidBlockGuardPolicy.onReadFromDisk(StrictMode.java:1659)
07-10 22:46:19.543 19500 19727 D StrictMode: 	at libcore.io.BlockGuardOs.stat(BlockGuardOs.java:418)
07-10 22:46:19.543 19500 19727 D StrictMode: 	at libcore.io.ForwardingOs.stat(ForwardingOs.java:853)
07-10 22:46:19.543 19500 19727 D StrictMode: 	at android.app.ActivityThread$AndroidOs.stat(ActivityThread.java:7739)
07-10 22:46:19.543 19500 19727 D StrictMode: 	at android.system.Os.stat(Os.java:919)
07-10 22:46:19.543 19500 19727 D StrictMode: 	at android.app.SharedPreferencesImpl.hasFileChangedUnexpectedly(SharedPreferencesImpl.java:245)
07-10 22:46:19.543 19500 19727 D StrictMode: 	at android.app.SharedPreferencesImpl.startReloadIfChangedUnexpectedly(SharedPreferencesImpl.java:220)
07-10 22:46:19.543 19500 19727 D StrictMode: 	at android.app.ContextImpl.getSharedPreferences(ContextImpl.java:570)
07-10 22:46:19.543 19500 19727 D StrictMode: 	at android.app.ContextImpl.getSharedPreferences(ContextImpl.java:541)
07-10 22:46:19.543 19500 19727 D StrictMode: 	at android.content.ContextWrapper.getSharedPreferences(ContextWrapper.java:196)
07-10 22:46:19.543 19500 19727 D StrictMode: 	at android.content.ContextWrapper.getSharedPreferences(ContextWrapper.java:196)
07-10 22:46:19.543 19500 19727 D StrictMode: 	at android.content.ContextWrapper.getSharedPreferences(ContextWrapper.java:196)
07-10 22:46:19.543 19500 19727 D StrictMode: 	at com.google.android.gms.ads.identifier.settings.b.b(:com.google.android.gms@242335038@24.23.35 (190400-646585959):6)
07-10 22:46:19.543 19500 19727 D StrictMode: 	at com.google.android.gms.ads.identifier.settings.b.m(:com.google.android.gms@242335038@24.23.35 (190400-646585959):4)
07-10 22:46:19.543 19500 19727 D StrictMode: 	at com.google.android.gms.ads.identifier.settings.b.o(:com.google.android.gms@242335038@24.23.35 (190400-646585959):4)
07-10 22:46:19.543 19500 19727 D StrictMode: 	at com.google.android.gms.ads.identifier.settings.b.f(:com.google.android.gms@242335038@24.23.35 (190400-646585959):12)
07-10 22:46:19.543 19500 19727 D StrictMode: 	at com.google.android.gms.ads.identifier.internal.c.g(:com.google.android.gms@242335038@24.23.35 (190400-646585959):7)
07-10 22:46:19.543 19500 19727 D StrictMode: 	at com.google.android.gms.ads.identifier.internal.c.hf(:com.google.android.gms@242335038@24.23.35 (190400-646585959):194)
07-10 22:46:19.543 19500 19727 D StrictMode: 	at oxh.onTransact(:com.google.android.gms@242335038@24.23.35 (190400-646585959):96)
07-10 22:46:19.543 19500 19727 D StrictMode: 	at android.os.Binder.transact(Binder.java:1064)
07-10 22:46:19.543 19500 19727 D StrictMode: 	at bjld.onTransact(:com.google.android.gms@242335038@24.23.35 (190400-646585959):18)
07-10 22:46:19.543 19500 19727 D StrictMode: 	at android.os.Binder.transact(Binder.java:1064)
07-10 22:46:19.543 19500 19727 D StrictMode: 	at bbqp.onTransact(:com.google.android.gms@242335038@24.23.35 (190400-646585959):147)
07-10 22:46:19.543 19500 19727 D StrictMode: 	at android.os.Binder.execTransactInternal(Binder.java:1179)
07-10 22:46:19.543 19500 19727 D StrictMode: 	at android.os.Binder.execTransact(Binder.java:1143)
07-10 22:46:19.543 19500 19727 D StrictMode: # via Binder call with stack:
07-10 22:46:19.543 19500 19727 D StrictMode: 	at android.os.StrictMode.readAndHandleBinderCallViolations(StrictMode.java:2497)
07-10 22:46:19.543 19500 19727 D StrictMode: 	at android.os.Parcel.readExceptionCode(Parcel.java:2370)
07-10 22:46:19.543 19500 19727 D StrictMode: 	at android.os.Parcel.readException(Parcel.java:2331)
07-10 22:46:19.543 19500 19727 D StrictMode: 	at guh.s(PG:2)
07-10 22:46:19.543 19500 19727 D StrictMode: 	at dgx.run(PG:20)
07-10 22:46:19.543 19500 19727 D StrictMode: 	at vfy.run(PG:4)
07-10 22:46:19.543 19500 19727 D StrictMode: 	at java.util.concurrent.ThreadPoolExecutor.runWorker(ThreadPoolExecutor.java:1167)
07-10 22:46:19.543 19500 19727 D StrictMode: 	at java.util.concurrent.ThreadPoolExecutor$Worker.run(ThreadPoolExecutor.java:641)
07-10 22:46:19.543 19500 19727 D StrictMode: 	at vfn.run(Unknown Source:7)
07-10 22:46:19.543 19500 19727 D StrictMode: 	at vfi.run(Unknown Source:7)
07-10 22:46:19.543 19500 19727 D StrictMode: 	at java.lang.Thread.run(Thread.java:920)
07-10 22:46:19.544 19500 19727 D StrictMode: StrictMode policy violation: android.os.strictmode.DiskReadViolation
07-10 22:46:19.544 19500 19727 D StrictMode: 	at android.os.StrictMode$AndroidBlockGuardPolicy.onReadFromDisk(StrictMode.java:1659)
07-10 22:46:19.544 19500 19727 D StrictMode: 	at android.app.SharedPreferencesImpl.hasFileChangedUnexpectedly(SharedPreferencesImpl.java:244)
07-10 22:46:19.544 19500 19727 D StrictMode: 	at android.app.SharedPreferencesImpl.startReloadIfChangedUnexpectedly(SharedPreferencesImpl.java:220)
07-10 22:46:19.544 19500 19727 D StrictMode: 	at android.app.ContextImpl.getSharedPreferences(ContextImpl.java:570)
07-10 22:46:19.544 19500 19727 D StrictMode: 	at android.app.ContextImpl.getSharedPreferences(ContextImpl.java:541)
07-10 22:46:19.544 19500 19727 D StrictMode: 	at android.content.ContextWrapper.getSharedPreferences(ContextWrapper.java:196)
07-10 22:46:19.544 19500 19727 D StrictMode: 	at android.content.ContextWrapper.getSharedPreferences(ContextWrapper.java:196)
07-10 22:46:19.544 19500 19727 D StrictMode: 	at android.content.ContextWrapper.getSharedPreferences(ContextWrapper.java:196)
07-10 22:46:19.544 19500 19727 D StrictMode: 	at com.google.android.gms.ads.identifier.settings.b.b(:com.google.android.gms@242335038@24.23.35 (190400-646585959):6)
07-10 22:46:19.544 19500 19727 D StrictMode: 	at com.google.android.gms.ads.identifier.settings.b.m(:com.google.android.gms@242335038@24.23.35 (190400-646585959):20)
07-10 22:46:19.544 19500 19727 D StrictMode: 	at com.google.android.gms.ads.identifier.settings.b.o(:com.google.android.gms@242335038@24.23.35 (190400-646585959):4)
07-10 22:46:19.544 19500 19727 D StrictMode: 	at com.google.android.gms.ads.identifier.settings.b.f(:com.google.android.gms@242335038@24.23.35 (190400-646585959):12)
07-10 22:46:19.544 19500 19727 D StrictMode: 	at com.google.android.gms.ads.identifier.internal.c.g(:com.google.android.gms@242335038@24.23.35 (190400-646585959):7)
07-10 22:46:19.544 19500 19727 D StrictMode: 	at com.google.android.gms.ads.identifier.internal.c.hf(:com.google.android.gms@242335038@24.23.35 (190400-646585959):194)
07-10 22:46:19.544 19500 19727 D StrictMode: 	at oxh.onTransact(:com.google.android.gms@242335038@24.23.35 (190400-646585959):96)
07-10 22:46:19.544 19500 19727 D StrictMode: 	at android.os.Binder.transact(Binder.java:1064)
07-10 22:46:19.544 19500 19727 D StrictMode: 	at bjld.onTransact(:com.google.android.gms@242335038@24.23.35 (190400-646585959):18)
07-10 22:46:19.544 19500 19727 D StrictMode: 	at android.os.Binder.transact(Binder.java:1064)
07-10 22:46:19.544 19500 19727 D StrictMode: 	at bbqp.onTransact(:com.google.android.gms@242335038@24.23.35 (190400-646585959):147)
07-10 22:46:19.544 19500 19727 D StrictMode: 	at android.os.Binder.execTransactInternal(Binder.java:1179)
07-10 22:46:19.544 19500 19727 D StrictMode: 	at android.os.Binder.execTransact(Binder.java:1143)
07-10 22:46:19.544 19500 19727 D StrictMode: # via Binder call with stack:
07-10 22:46:19.544 19500 19727 D StrictMode: 	at android.os.StrictMode.readAndHandleBinderCallViolations(StrictMode.java:2497)
07-10 22:46:19.544 19500 19727 D StrictMode: 	at android.os.Parcel.readExceptionCode(Parcel.java:2370)
07-10 22:46:19.544 19500 19727 D StrictMode: 	at android.os.Parcel.readException(Parcel.java:2331)
07-10 22:46:19.544 19500 19727 D StrictMode: 	at guh.s(PG:2)
07-10 22:46:19.544 19500 19727 D StrictMode: 	at dgx.run(PG:20)
07-10 22:46:19.544 19500 19727 D StrictMode: 	at vfy.run(PG:4)
07-10 22:46:19.544 19500 19727 D StrictMode: 	at java.util.concurrent.ThreadPoolExecutor.runWorker(ThreadPoolExecutor.java:1167)
07-10 22:46:19.544 19500 19727 D StrictMode: 	at java.util.concurrent.ThreadPoolExecutor$Worker.run(ThreadPoolExecutor.java:641)
07-10 22:46:19.544 19500 19727 D StrictMode: 	at vfn.run(Unknown Source:7)
07-10 22:46:19.544 19500 19727 D StrictMode: 	at vfi.run(Unknown Source:7)
07-10 22:46:19.544 19500 19727 D StrictMode: 	at java.lang.Thread.run(Thread.java:920)
07-10 22:46:19.546 19500 19727 D StrictMode: StrictMode policy violation: android.os.strictmode.DiskReadViolation
07-10 22:46:19.546 19500 19727 D StrictMode: 	at android.os.StrictMode$AndroidBlockGuardPolicy.onReadFromDisk(StrictMode.java:1659)
07-10 22:46:19.546 19500 19727 D StrictMode: 	at android.app.SharedPreferencesImpl.hasFileChangedUnexpectedly(SharedPreferencesImpl.java:244)
07-10 22:46:19.546 19500 19727 D StrictMode: 	at android.app.SharedPreferencesImpl.startReloadIfChangedUnexpectedly(SharedPreferencesImpl.java:220)
07-10 22:46:19.546 19500 19727 D StrictMode: 	at android.app.ContextImpl.getSharedPreferences(ContextImpl.java:570)
07-10 22:46:19.546 19500 19727 D StrictMode: 	at android.app.ContextImpl.getSharedPreferences(ContextImpl.java:541)
07-10 22:46:19.546 19500 19727 D StrictMode: 	at android.content.ContextWrapper.getSharedPreferences(ContextWrapper.java:196)
07-10 22:46:19.546 19500 19727 D StrictMode: 	at android.content.ContextWrapper.getSharedPreferences(ContextWrapper.java:196)
07-10 22:46:19.546 19500 19727 D StrictMode: 	at android.content.ContextWrapper.getSharedPreferences(ContextWrapper.java:196)
07-10 22:46:19.546 19500 19727 D StrictMode: 	at com.google.android.gms.ads.identifier.settings.b.b(:com.google.android.gms@242335038@24.23.35 (190400-646585959):6)
07-10 22:46:19.546 19500 19727 D StrictMode: 	at com.google.android.gms.ads.identifier.settings.b.m(:com.google.android.gms@242335038@24.23.35 (190400-646585959):4)
07-10 22:46:19.546 19500 19727 D StrictMode: 	at com.google.android.gms.ads.identifier.settings.b.o(:com.google.android.gms@242335038@24.23.35 (190400-646585959):4)
07-10 22:46:19.546 19500 19727 D StrictMode: 	at com.google.android.gms.ads.identifier.internal.c.n(:com.google.android.gms@242335038@24.23.35 (190400-646585959):7)
07-10 22:46:19.546 19500 19727 D StrictMode: 	at com.google.android.gms.ads.identifier.internal.c.hf(:com.google.android.gms@242335038@24.23.35 (190400-646585959):183)
07-10 22:46:19.546 19500 19727 D StrictMode: 	at oxh.onTransact(:com.google.android.gms@242335038@24.23.35 (190400-646585959):96)
07-10 22:46:19.546 19500 19727 D StrictMode: 	at android.os.Binder.transact(Binder.java:1064)
07-10 22:46:19.546 19500 19727 D StrictMode: 	at bjld.onTransact(:com.google.android.gms@242335038@24.23.35 (190400-646585959):18)
07-10 22:46:19.546 19500 19727 D StrictMode: 	at android.os.Binder.transact(Binder.java:1064)
07-10 22:46:19.546 19500 19727 D StrictMode: 	at bbqp.onTransact(:com.google.android.gms@242335038@24.23.35 (190400-646585959):147)
07-10 22:46:19.546 19500 19727 D StrictMode: 	at android.os.Binder.execTransactInternal(Binder.java:1179)
07-10 22:46:19.546 19500 19727 D StrictMode: 	at android.os.Binder.execTransact(Binder.java:1143)
07-10 22:46:19.546 19500 19727 D StrictMode: # via Binder call with stack:
07-10 22:46:19.546 19500 19727 D StrictMode: 	at android.os.StrictMode.readAndHandleBinderCallViolations(StrictMode.java:2497)
07-10 22:46:19.546 19500 19727 D StrictMode: 	at android.os.Parcel.readExceptionCode(Parcel.java:2370)
07-10 22:46:19.546 19500 19727 D StrictMode: 	at android.os.Parcel.readException(Parcel.java:2331)
07-10 22:46:19.546 19500 19727 D StrictMode: 	at guh.s(PG:2)
07-10 22:46:19.546 19500 19727 D StrictMode: 	at dgx.run(PG:22)
07-10 22:46:19.546 19500 19727 D StrictMode: 	at vfy.run(PG:4)
07-10 22:46:19.546 19500 19727 D StrictMode: 	at java.util.concurrent.ThreadPoolExecutor.runWorker(ThreadPoolExecutor.java:1167)
07-10 22:46:19.546 19500 19727 D StrictMode: 	at java.util.concurrent.ThreadPoolExecutor$Worker.run(ThreadPoolExecutor.java:641)
07-10 22:46:19.546 19500 19727 D StrictMode: 	at vfn.run(Unknown Source:7)
07-10 22:46:19.546 19500 19727 D StrictMode: 	at vfi.run(Unknown Source:7)
07-10 22:46:19.546 19500 19727 D StrictMode: 	at java.lang.Thread.run(Thread.java:920)
07-10 22:46:19.546 19500 19727 D StrictMode: StrictMode policy violation: android.os.strictmode.DiskReadViolation
07-10 22:46:19.546 19500 19727 D StrictMode: 	at android.os.StrictMode$AndroidBlockGuardPolicy.onReadFromDisk(StrictMode.java:1659)
07-10 22:46:19.546 19500 19727 D StrictMode: 	at libcore.io.BlockGuardOs.stat(BlockGuardOs.java:418)
07-10 22:46:19.546 19500 19727 D StrictMode: 	at libcore.io.ForwardingOs.stat(ForwardingOs.java:853)
07-10 22:46:19.546 19500 19727 D StrictMode: 	at android.app.ActivityThread$AndroidOs.stat(ActivityThread.java:7739)
07-10 22:46:19.546 19500 19727 D StrictMode: 	at android.system.Os.stat(Os.java:919)
07-10 22:46:19.546 19500 19727 D StrictMode: 	at android.app.SharedPreferencesImpl.hasFileChangedUnexpectedly(SharedPreferencesImpl.java:245)
07-10 22:46:19.546 19500 19727 D StrictMode: 	at android.app.SharedPreferencesImpl.startReloadIfChangedUnexpectedly(SharedPreferencesImpl.java:220)
07-10 22:46:19.546 19500 19727 D StrictMode: 	at android.app.ContextImpl.getSharedPreferences(ContextImpl.java:570)
07-10 22:46:19.546 19500 19727 D StrictMode: 	at android.app.ContextImpl.getSharedPreferences(ContextImpl.java:541)
07-10 22:46:19.546 19500 19727 D StrictMode: 	at android.content.ContextWrapper.getSharedPreferences(ContextWrapper.java:196)
07-10 22:46:19.546 19500 19727 D StrictMode: 	at android.content.ContextWrapper.getSharedPreferences(ContextWrapper.java:196)
07-10 22:46:19.546 19500 19727 D StrictMode: 	at android.content.ContextWrapper.getSharedPreferences(ContextWrapper.java:196)
07-10 22:46:19.546 19500 19727 D StrictMode: 	at com.google.android.gms.ads.identifier.settings.b.b(:com.google.android.gms@242335038@24.23.35 (190400-646585959):6)
07-10 22:46:19.546 19500 19727 D StrictMode: 	at com.google.android.gms.ads.identifier.settings.b.m(:com.google.android.gms@242335038@24.23.35 (190400-646585959):4)
07-10 22:46:19.546 19500 19727 D StrictMode: 	at com.google.android.gms.ads.identifier.settings.b.o(:com.google.android.gms@242335038@24.23.35 (190400-646585959):4)
07-10 22:46:19.546 19500 19727 D StrictMode: 	at com.google.android.gms.ads.identifier.internal.c.n(:com.google.android.gms@242335038@24.23.35 (190400-646585959):7)
07-10 22:46:19.546 19500 19727 D StrictMode: 	at com.google.android.gms.ads.identifier.internal.c.hf(:com.google.android.gms@242335038@24.23.35 (190400-646585959):183)
07-10 22:46:19.546 19500 19727 D StrictMode: 	at oxh.onTransact(:com.google.android.gms@242335038@24.23.35 (190400-646585959):96)
07-10 22:46:19.546 19500 19727 D StrictMode: 	at android.os.Binder.transact(Binder.java:1064)
07-10 22:46:19.546 19500 19727 D StrictMode: 	at bjld.onTransact(:com.google.android.gms@242335038@24.23.35 (190400-646585959):18)
07-10 22:46:19.546 19500 19727 D StrictMode: 	at android.os.Binder.transact(Binder.java:1064)
07-10 22:46:19.546 19500 19727 D StrictMode: 	at bbqp.onTransact(:com.google.android.gms@242335038@24.23.35 (190400-646585959):147)
07-10 22:46:19.546 19500 19727 D StrictMode: 	at android.os.Binder.execTransactInternal(Binder.java:1179)
07-10 22:46:19.546 19500 19727 D StrictMode: 	at android.os.Binder.execTransact(Binder.java:1143)
07-10 22:46:19.546 19500 19727 D StrictMode: # via Binder call with stack:
07-10 22:46:19.546 19500 19727 D StrictMode: 	at android.os.StrictMode.readAndHandleBinderCallViolations(StrictMode.java:2497)
07-10 22:46:19.546 19500 19727 D StrictMode: 	at android.os.Parcel.readExceptionCode(Parcel.java:2370)
07-10 22:46:19.546 19500 19727 D StrictMode: 	at android.os.Parcel.readException(Parcel.java:2331)
07-10 22:46:19.546 19500 19727 D StrictMode: 	at guh.s(PG:2)
07-10 22:46:19.546 19500 19727 D StrictMode: 	at dgx.run(PG:22)
07-10 22:46:19.546 19500 19727 D StrictMode: 	at vfy.run(PG:4)
07-10 22:46:19.546 19500 19727 D StrictMode: 	at java.util.concurrent.ThreadPoolExecutor.runWorker(ThreadPoolExecutor.java:1167)
07-10 22:46:19.546 19500 19727 D StrictMode: 	at java.util.concurrent.ThreadPoolExecutor$Worker.run(ThreadPoolExecutor.java:641)
07-10 22:46:19.546 19500 19727 D StrictMode: 	at vfn.run(Unknown Source:7)
07-10 22:46:19.546 19500 19727 D StrictMode: 	at vfi.run(Unknown Source:7)
07-10 22:46:19.546 19500 19727 D StrictMode: 	at java.lang.Thread.run(Thread.java:920)
07-10 22:46:19.547 19500 19727 D StrictMode: StrictMode policy violation: android.os.strictmode.DiskReadViolation
07-10 22:46:19.547 19500 19727 D StrictMode: 	at android.os.StrictMode$AndroidBlockGuardPolicy.onReadFromDisk(StrictMode.java:1659)
07-10 22:46:19.547 19500 19727 D StrictMode: 	at android.app.SharedPreferencesImpl.hasFileChangedUnexpectedly(SharedPreferencesImpl.java:244)
07-10 22:46:19.547 19500 19727 D StrictMode: 	at android.app.SharedPreferencesImpl.startReloadIfChangedUnexpectedly(SharedPreferencesImpl.java:220)
07-10 22:46:19.547 19500 19727 D StrictMode: 	at android.app.ContextImpl.getSharedPreferences(ContextImpl.java:570)
07-10 22:46:19.547 19500 19727 D StrictMode: 	at android.app.ContextImpl.getSharedPreferences(ContextImpl.java:541)
07-10 22:46:19.547 19500 19727 D StrictMode: 	at android.content.ContextWrapper.getSharedPreferences(ContextWrapper.java:196)
07-10 22:46:19.547 19500 19727 D StrictMode: 	at android.content.ContextWrapper.getSharedPreferences(ContextWrapper.java:196)
07-10 22:46:19.547 19500 19727 D StrictMode: 	at android.content.ContextWrapper.getSharedPreferences(ContextWrapper.java:196)
07-10 22:46:19.547 19500 19727 D StrictMode: 	at com.google.android.gms.ads.identifier.settings.b.b(:com.google.android.gms@242335038@24.23.35 (190400-646585959):6)
07-10 22:46:19.547 19500 19727 D StrictMode: 	at com.google.android.gms.ads.identifier.settings.b.m(:com.google.android.gms@242335038@24.23.35 (190400-646585959):20)
07-10 22:46:19.547 19500 19727 D StrictMode: 	at com.google.android.gms.ads.identifier.settings.b.o(:com.google.android.gms@242335038@24.23.35 (190400-646585959):4)
07-10 22:46:19.547 19500 19727 D StrictMode: 	at com.google.android.gms.ads.identifier.internal.c.n(:com.google.android.gms@242335038@24.23.35 (190400-646585959):7)
07-10 22:46:19.547 19500 19727 D StrictMode: 	at com.google.android.gms.ads.identifier.internal.c.hf(:com.google.android.gms@242335038@24.23.35 (190400-646585959):183)
07-10 22:46:19.547 19500 19727 D StrictMode: 	at oxh.onTransact(:com.google.android.gms@242335038@24.23.35 (190400-646585959):96)
07-10 22:46:19.547 19500 19727 D StrictMode: 	at android.os.Binder.transact(Binder.java:1064)
07-10 22:46:19.547 19500 19727 D StrictMode: 	at bjld.onTransact(:com.google.android.gms@242335038@24.23.35 (190400-646585959):18)
07-10 22:46:19.547 19500 19727 D StrictMode: 	at android.os.Binder.transact(Binder.java:1064)
07-10 22:46:19.547 19500 19727 D StrictMode: 	at bbqp.onTransact(:com.google.android.gms@242335038@24.23.35 (190400-646585959):147)
07-10 22:46:19.547 19500 19727 D StrictMode: 	at android.os.Binder.execTransactInternal(Binder.java:1179)
